<html>
<body>
<pre>
<h1>µVision Build Log</h1>
<h2>Tool Versions:</h2>
IDE-Version: ¦ÌVision V5.35.0.0
Copyright (C) 2021 ARM Ltd and ARM Germany GmbH. All rights reserved.
License Information: chuanhui ma, nantongdaxue, LIC=RC93N-Y2IQW-Z9VG9-4SUCW-17VGD-UERKM
 
Tool Versions:
Toolchain:       MDK-ARM Plus  Version: 5.35.0.2
Toolchain Path:  D:\Software\MDK\MDK Core\ARM\ARMCC\Bin
C Compiler:      Armcc.exe V5.06 update 7 (build 960)
Assembler:       Armasm.exe V5.06 update 7 (build 960)
Linker/Locator:  ArmLink.exe V5.06 update 7 (build 960)
Library Manager: ArmAr.exe V5.06 update 7 (build 960)
Hex Converter:   FromElf.exe V5.06 update 7 (build 960)
CPU DLL:         SARMCM3.DLL V5.35.0.2
Dialog DLL:      DCM.DLL V1.17.3.0
Target DLL:      STLink\ST-LINKIII-KEIL_SWO.dll V3.0.9.0
Dialog DLL:      TCM.DLL V1.53.0.0
 
<h2>Project:</h2>
D:\Project\Embedded competition\G474RE_OLD\MDK-ARM\G474RE_OLD.uvprojx
Project File Date:  09/06/2021

<h2>Output:</h2>
*** Using Compiler 'V5.06 update 7 (build 960)', folder: 'D:\Software\MDK\MDK Core\ARM\ARMCC\Bin'
Rebuild target 'G474RE_OLD'
assembling startup_stm32g474xx.s...
compiling dma.c...
compiling gpio.c...
compiling i2c.c...
compiling MPU6050.c...
compiling BC20.c...
compiling crc.c...
compiling main.c...
compiling stm32g4xx_hal_crc.c...
compiling stm32g4xx_it.c...
compiling stm32g4xx_hal_msp.c...
compiling stm32g4xx_hal.c...
compiling usart.c...
compiling stm32g4xx_hal_crc_ex.c...
compiling stm32g4xx_hal_rcc.c...
compiling stm32g4xx_hal_flash.c...
compiling stm32g4xx_hal_flash_ramfunc.c...
compiling stm32g4xx_hal_gpio.c...
compiling stm32g4xx_hal_dma.c...
compiling stm32g4xx_hal_exti.c...
compiling stm32g4xx_hal_flash_ex.c...
compiling stm32g4xx_hal_rcc_ex.c...
compiling stm32g4xx_hal_pwr.c...
compiling stm32g4xx_hal_dma_ex.c...
compiling stm32g4xx_hal_i2c_ex.c...
compiling stm32g4xx_hal_cortex.c...
compiling stm32g4xx_hal_pwr_ex.c...
compiling network2.c...
compiling stm32g4xx_hal_uart.c...
compiling stm32g4xx_hal_i2c.c...
compiling network2_data.c...
compiling system_stm32g4xx.c...
compiling stm32g4xx_hal_tim.c...
compiling stm32g4xx_hal_tim_ex.c...
compiling stm32g4xx_hal_uart_ex.c...
compiling app_x-cube-ai.c...
../X-CUBE-AI/App/app_x-cube-ai.c(119): warning:  #177-D: variable "in_data_s"  was declared but never referenced
  static ai_u8 in_data_s[AI_NETWORK2_IN_1_SIZE_BYTES];
../X-CUBE-AI/App/app_x-cube-ai.c(128): warning:  #177-D: variable "out_data_s"  was declared but never referenced
  static ai_u8 out_data_s[AI_NETWORK2_OUT_1_SIZE_BYTES];
../X-CUBE-AI/App/app_x-cube-ai.c(178): warning:  #177-D: function "ai_run"  was declared but never referenced
  static int ai_run(void *data_in, void *data_out)
../X-CUBE-AI/App/app_x-cube-ai.c: 3 warnings, 0 errors
linking...
Program Size: Code=29868 RO-data=4876 RW-data=2384 ZI-data=70512  
FromELF: creating hex file...
"G474RE_OLD\G474RE_OLD.axf" - 0 Error(s), 3 Warning(s).

<h2>Software Packages used:</h2>

Package Vendor: ARM
                http://www.keil.com/pack/ARM.CMSIS.5.8.0.pack
                ARM.CMSIS.5.8.0
                CMSIS (Common Microcontroller Software Interface Standard)
   * Component: CORE Version: 5.5.0

Package Vendor: Keil
                http://www.keil.com/pack/Keil.STM32G4xx_DFP.1.4.0.pack
                Keil.STM32G4xx_DFP.1.4.0
                STMicroelectronics STM32G4 Series Device Support, Drivers and Examples

<h2>Collection of Component include folders:</h2>
  .\RTE\_G474RE_OLD
  D:\Software\MDK\MDK Pack\ARM\CMSIS\5.8.0\CMSIS\Core\Include
  D:\Software\MDK\MDK Pack\Keil\STM32G4xx_DFP\1.4.0\Drivers\CMSIS\Device\ST\STM32G4xx\Include

<h2>Collection of Component Files used:</h2>

   * Component: ARM::CMSIS:CORE:5.5.0
      Include file:  CMSIS\Core\Include\tz_context.h
Build Time Elapsed:  00:01:41
</pre>
</body>
</html>
