Component: ARM Compiler 5.06 update 7 (build 960) Tool: armlink [4d3601]

==============================================================================

Section Cross References

    startup_stm32g474xx.o(RESET) refers to startup_stm32g474xx.o(STACK) for __initial_sp
    startup_stm32g474xx.o(RESET) refers to startup_stm32g474xx.o(.text) for Reset_Handler
    startup_stm32g474xx.o(RESET) refers to stm32g4xx_it.o(i.NMI_Handler) for NMI_Handler
    startup_stm32g474xx.o(RESET) refers to stm32g4xx_it.o(i.HardFault_Handler) for HardFault_Handler
    startup_stm32g474xx.o(RESET) refers to stm32g4xx_it.o(i.MemManage_Handler) for MemManage_Handler
    startup_stm32g474xx.o(RESET) refers to stm32g4xx_it.o(i.BusFault_Handler) for BusFault_Handler
    startup_stm32g474xx.o(RESET) refers to stm32g4xx_it.o(i.UsageFault_Handler) for UsageFault_Handler
    startup_stm32g474xx.o(RESET) refers to stm32g4xx_it.o(i.SVC_Handler) for SVC_Handler
    startup_stm32g474xx.o(RESET) refers to stm32g4xx_it.o(i.DebugMon_Handler) for DebugMon_Handler
    startup_stm32g474xx.o(RESET) refers to stm32g4xx_it.o(i.PendSV_Handler) for PendSV_Handler
    startup_stm32g474xx.o(RESET) refers to stm32g4xx_it.o(i.SysTick_Handler) for SysTick_Handler
    startup_stm32g474xx.o(RESET) refers to stm32g4xx_it.o(i.DMA1_Channel1_IRQHandler) for DMA1_Channel1_IRQHandler
    startup_stm32g474xx.o(RESET) refers to stm32g4xx_it.o(i.USART1_IRQHandler) for USART1_IRQHandler
    startup_stm32g474xx.o(RESET) refers to stm32g4xx_it.o(i.EXTI15_10_IRQHandler) for EXTI15_10_IRQHandler
    startup_stm32g474xx.o(.text) refers to system_stm32g4xx.o(i.SystemInit) for SystemInit
    startup_stm32g474xx.o(.text) refers to entry.o(.ARM.Collect$$$$00000000) for __main
    bc20.o(i.BC20_Clear) refers to memseta.o(.text) for __aeabi_memclr
    bc20.o(i.BC20_Clear) refers to main.o(.bss) for usart1_rx_buffer
    bc20.o(i.BC20_GNSS_GET) refers to memcpya.o(.text) for __aeabi_memcpy4
    bc20.o(i.BC20_GNSS_GET) refers to bc20.o(i.BC20_Clear) for BC20_Clear
    bc20.o(i.BC20_GNSS_GET) refers to bc20.o(i.BC20_SendCmd) for BC20_SendCmd
    bc20.o(i.BC20_GNSS_GET) refers to stm32g4xx_hal.o(i.HAL_Delay) for HAL_Delay
    bc20.o(i.BC20_GNSS_GET) refers to stm32g4xx_hal_uart.o(i.HAL_UART_Receive_DMA) for HAL_UART_Receive_DMA
    bc20.o(i.BC20_GNSS_GET) refers to strlen.o(.text) for strlen
    bc20.o(i.BC20_GNSS_GET) refers to stm32g4xx_hal_uart.o(i.HAL_UART_Transmit) for HAL_UART_Transmit
    bc20.o(i.BC20_GNSS_GET) refers to printfa.o(i.__0printf) for __2printf
    bc20.o(i.BC20_GNSS_GET) refers to main.o(.bss) for usart1_rx_buffer
    bc20.o(i.BC20_GNSS_GET) refers to usart.o(.bss) for huart1
    bc20.o(i.BC20_GNSS_INIT) refers to bc20.o(i.BC20_Clear) for BC20_Clear
    bc20.o(i.BC20_GNSS_INIT) refers to bc20.o(i.BC20_SendCmd) for BC20_SendCmd
    bc20.o(i.BC20_GNSS_INIT) refers to printfa.o(i.__0printf) for __2printf
    bc20.o(i.BC20_GPS_Read_Data) refers to bc20.o(i.NMEA_BDS_GPRMC_Analysis) for NMEA_BDS_GPRMC_Analysis
    bc20.o(i.BC20_GPS_Read_Data) refers to main.o(.bss) for usart1_rx_buffer
    bc20.o(i.BC20_GPS_Read_Data) refers to main.o(.bss) for gpsmsg
    bc20.o(i.BC20_GPS_Read_Data) refers to main.o(.data) for BC20_GPS_Data
    bc20.o(i.BC20_Init) refers to printfa.o(i.__0printf) for __2printf
    bc20.o(i.BC20_Init) refers to stm32g4xx_hal_gpio.o(i.HAL_GPIO_WritePin) for HAL_GPIO_WritePin
    bc20.o(i.BC20_Init) refers to stm32g4xx_hal.o(i.HAL_Delay) for HAL_Delay
    bc20.o(i.BC20_Init) refers to bc20.o(i.BC20_RESET) for BC20_RESET
    bc20.o(i.BC20_Init) refers to bc20.o(i.BC20_SendCmd) for BC20_SendCmd
    bc20.o(i.BC20_Init) refers to bc20.o(.data) for .data
    bc20.o(i.BC20_Init) refers to bc20.o(.conststring) for .conststring
    bc20.o(i.BC20_Init) refers to main.o(.data) for BC20flag
    bc20.o(i.BC20_RESET) refers to stm32g4xx_hal_gpio.o(i.HAL_GPIO_WritePin) for HAL_GPIO_WritePin
    bc20.o(i.BC20_RESET) refers to stm32g4xx_hal.o(i.HAL_Delay) for HAL_Delay
    bc20.o(i.BC20_RESET) refers to printfa.o(i.__0printf) for __2printf
    bc20.o(i.BC20_RESTART) refers to stm32g4xx_hal_gpio.o(i.HAL_GPIO_WritePin) for HAL_GPIO_WritePin
    bc20.o(i.BC20_RESTART) refers to stm32g4xx_hal.o(i.HAL_Delay) for HAL_Delay
    bc20.o(i.BC20_RESTART) refers to printfa.o(i.__0printf) for __2printf
    bc20.o(i.BC20_SendCmd) refers to strlen.o(.text) for strlen
    bc20.o(i.BC20_SendCmd) refers to stm32g4xx_hal_uart.o(i.HAL_UART_Transmit) for HAL_UART_Transmit
    bc20.o(i.BC20_SendCmd) refers to printfa.o(i.__0printf) for __2printf
    bc20.o(i.BC20_SendCmd) refers to stm32g4xx_hal.o(i.HAL_Delay) for HAL_Delay
    bc20.o(i.BC20_SendCmd) refers to strstr.o(.text) for strstr
    bc20.o(i.BC20_SendCmd) refers to bc20.o(i.BC20_Clear) for BC20_Clear
    bc20.o(i.BC20_SendCmd) refers to usart.o(.bss) for huart1
    bc20.o(i.BC20_SendCmd) refers to main.o(.data) for usart1_rx_flag
    bc20.o(i.BC20_SendCmd) refers to main.o(.bss) for usart1_rx_buffer
[...]
    _printf_wc                               0x00000000   Number         0  stubs.o ABSOLUTE
    _printf_wctomb                           0x00000000   Number         0  stubs.o ABSOLUTE
    _printf_widthprec                        0x00000000   Number         0  stubs.o ABSOLUTE
    _printf_x                                0x00000000   Number         0  stubs.o ABSOLUTE
    __arm_fini_                               - Undefined Weak Reference
    __cpp_initialize__aeabi_                  - Undefined Weak Reference
    __cxa_finalize                            - Undefined Weak Reference
    _clock_init                               - Undefined Weak Reference
    _microlib_exit                            - Undefined Weak Reference
    __Vectors_Size                           0x000001d8   Number         0  startup_stm32g474xx.o ABSOLUTE
    __Vectors                                0x08000000   Data           4  startup_stm32g474xx.o(RESET)
    __Vectors_End                            0x080001d8   Data           0  startup_stm32g474xx.o(RESET)
    __main                                   0x080001d9   Thumb Code     0  entry.o(.ARM.Collect$$$$00000000)
    _main_stk                                0x080001d9   Thumb Code     0  entry2.o(.ARM.Collect$$$$00000001)
    _main_scatterload                        0x080001dd   Thumb Code     0  entry5.o(.ARM.Collect$$$$00000004)
    __main_after_scatterload                 0x080001e1   Thumb Code     0  entry5.o(.ARM.Collect$$$$00000004)
    _main_clock                              0x080001e1   Thumb Code     0  entry7b.o(.ARM.Collect$$$$00000008)
    _main_cpp_init                           0x080001e1   Thumb Code     0  entry8b.o(.ARM.Collect$$$$0000000A)
    _main_init                               0x080001e1   Thumb Code     0  entry9a.o(.ARM.Collect$$$$0000000B)
    __rt_lib_shutdown_fini                   0x080001e9   Thumb Code     0  entry12b.o(.ARM.Collect$$$$0000000E)
    __rt_final_cpp                           0x080001ed   Thumb Code     0  entry10a.o(.ARM.Collect$$$$0000000F)
    __rt_final_exit                          0x080001ed   Thumb Code     0  entry11a.o(.ARM.Collect$$$$00000011)
    Reset_Handler                            0x080001f1   Thumb Code     8  startup_stm32g474xx.o(.text)
    ADC1_2_IRQHandler                        0x0800020b   Thumb Code     0  startup_stm32g474xx.o(.text)
    ADC3_IRQHandler                          0x0800020b   Thumb Code     0  startup_stm32g474xx.o(.text)
    ADC4_IRQHandler                          0x0800020b   Thumb Code     0  startup_stm32g474xx.o(.text)
    ADC5_IRQHandler                          0x0800020b   Thumb Code     0  startup_stm32g474xx.o(.text)
    COMP1_2_3_IRQHandler                     0x0800020b   Thumb Code     0  startup_stm32g474xx.o(.text)
    COMP4_5_6_IRQHandler                     0x0800020b   Thumb Code     0  startup_stm32g474xx.o(.text)
    COMP7_IRQHandler                         0x0800020b   Thumb Code     0  startup_stm32g474xx.o(.text)
    CORDIC_IRQHandler                        0x0800020b   Thumb Code     0  startup_stm32g474xx.o(.text)
    CRS_IRQHandler                           0x0800020b   Thumb Code     0  startup_stm32g474xx.o(.text)
    DMA1_Channel2_IRQHandler                 0x0800020b   Thumb Code     0  startup_stm32g474xx.o(.text)
    DMA1_Channel3_IRQHandler                 0x0800020b   Thumb Code     0  startup_stm32g474xx.o(.text)
    DMA1_Channel4_IRQHandler                 0x0800020b   Thumb Code     0  startup_stm32g474xx.o(.text)
    DMA1_Channel5_IRQHandler                 0x0800020b   Thumb Code     0  startup_stm32g474xx.o(.text)
    DMA1_Channel6_IRQHandler                 0x0800020b   Thumb Code     0  startup_stm32g474xx.o(.text)
    DMA1_Channel7_IRQHandler                 0x0800020b   Thumb Code     0  startup_stm32g474xx.o(.text)
    DMA1_Channel8_IRQHandler                 0x0800020b   Thumb Code     0  startup_stm32g474xx.o(.text)
    DMA2_Channel1_IRQHandler                 0x0800020b   Thumb Code     0  startup_stm32g474xx.o(.text)
    DMA2_Channel2_IRQHandler                 0x0800020b   Thumb Code     0  startup_stm32g474xx.o(.text)
    DMA2_Channel3_IRQHandler                 0x0800020b   Thumb Code     0  startup_stm32g474xx.o(.text)
    DMA2_Channel4_IRQHandler                 0x0800020b   Thumb Code     0  startup_stm32g474xx.o(.text)
    DMA2_Channel5_IRQHandler                 0x0800020b   Thumb Code     0  startup_stm32g474xx.o(.text)
    DMA2_Channel6_IRQHandler                 0x0800020b   Thumb Code     0  startup_stm32g474xx.o(.text)
    DMA2_Channel7_IRQHandler                 0x0800020b   Thumb Code     0  startup_stm32g474xx.o(.text)
    DMA2_Channel8_IRQHandler                 0x0800020b   Thumb Code     0  startup_stm32g474xx.o(.text)
    DMAMUX_OVR_IRQHandler                    0x0800020b   Thumb Code     0  startup_stm32g474xx.o(.text)
    EXTI0_IRQHandler                         0x0800020b   Thumb Code     0  startup_stm32g474xx.o(.text)
    EXTI1_IRQHandler                         0x0800020b   Thumb Code     0  startup_stm32g474xx.o(.text)
    EXTI2_IRQHandler                         0x0800020b   Thumb Code     0  startup_stm32g474xx.o(.text)
    EXTI3_IRQHandler                         0x0800020b   Thumb Code     0  startup_stm32g474xx.o(.text)
    EXTI4_IRQHandler                         0x0800020b   Thumb Code     0  startup_stm32g474xx.o(.text)
    EXTI9_5_IRQHandler                       0x0800020b   Thumb Code     0  startup_stm32g474xx.o(.text)
    FDCAN1_IT0_IRQHandler                    0x0800020b   Thumb Code     0  startup_stm32g474xx.o(.text)
    FDCAN1_IT1_IRQHandler                    0x0800020b   Thumb Code     0  startup_stm32g474xx.o(.text)
    FDCAN2_IT0_IRQHandler                    0x0800020b   Thumb Code     0  startup_stm32g474xx.o(.text)
    FDCAN2_IT1_IRQHandler                    0x0800020b   Thumb Code     0  startup_stm32g474xx.o(.text)
    FDCAN3_IT0_IRQHandler                    0x0800020b   Thumb Code     0  startup_stm32g474xx.o(.text)
    FDCAN3_IT1_IRQHandler                    0x0800020b   Thumb Code     0  startup_stm32g474xx.o(.text)
    FLASH_IRQHandler                         0x0800020b   Thumb Code     0  startup_stm32g474xx.o(.text)
    FMAC_IRQHandler                          0x0800020b   Thumb Code     0  startup_stm32g474xx.o(.text)
    FMC_IRQHandler                           0x0800020b   Thumb Code     0  startup_stm32g474xx.o(.text)
    FPU_IRQHandler                           0x0800020b   Thumb Code     0  startup_stm32g474xx.o(.text)
    HRTIM1_FLT_IRQHandler                    0x0800020b   Thumb Code     0  startup_stm32g474xx.o(.text)
    HRTIM1_Master_IRQHandler                 0x0800020b   Thumb Code     0  startup_stm32g474xx.o(.text)
    HRTIM1_TIMA_IRQHandler                   0x0800020b   Thumb Code     0  startup_stm32g474xx.o(.text)
    HRTIM1_TIMB_IRQHandler                   0x0800020b   Thumb Code     0  startup_stm32g474xx.o(.text)
    HRTIM1_TIMC_IRQHandler                   0x0800020b   Thumb Code     0  startup_stm32g474xx.o(.text)
    HRTIM1_TIMD_IRQHandler                   0x0800020b   Thumb Code     0  startup_stm32g474xx.o(.text)
    HRTIM1_TIME_IRQHandler                   0x0800020b   Thumb Code     0  startup_stm32g474xx.o(.text)
    HRTIM1_TIMF_IRQHandler                   0x0800020b   Thumb Code     0  startup_stm32g474xx.o(.text)
    I2C1_ER_IRQHandler                       0x0800020b   Thumb Code     0  startup_stm32g474xx.o(.text)
    I2C1_EV_IRQHandler                       0x0800020b   Thumb Code     0  startup_stm32g474xx.o(.text)
    I2C2_ER_IRQHandler                       0x0800020b   Thumb Code     0  startup_stm32g474xx.o(.text)
    I2C2_EV_IRQHandler                       0x0800020b   Thumb Code     0  startup_stm32g474xx.o(.text)
    I2C3_ER_IRQHandler                       0x0800020b   Thumb Code     0  startup_stm32g474xx.o(.text)
    I2C3_EV_IRQHandler                       0x0800020b   Thumb Code     0  startup_stm32g474xx.o(.text)
    I2C4_ER_IRQHandler                       0x0800020b   Thumb Code     0  startup_stm32g474xx.o(.text)
    I2C4_EV_IRQHandler                       0x0800020b   Thumb Code     0  startup_stm32g474xx.o(.text)
    LPTIM1_IRQHandler                        0x0800020b   Thumb Code     0  startup_stm32g474xx.o(.text)
    LPUART1_IRQHandler                       0x0800020b   Thumb Code     0  startup_stm32g474xx.o(.text)
    PVD_PVM_IRQHandler                       0x0800020b   Thumb Code     0  startup_stm32g474xx.o(.text)
    QUADSPI_IRQHandler                       0x0800020b   Thumb Code     0  startup_stm32g474xx.o(.text)
    RCC_IRQHandler                           0x0800020b   Thumb Code     0  startup_stm32g474xx.o(.text)
    RNG_IRQHandler                           0x0800020b   Thumb Code     0  startup_stm32g474xx.o(.text)
    RTC_Alarm_IRQHandler                     0x0800020b   Thumb Code     0  startup_stm32g474xx.o(.text)
    RTC_TAMP_LSECSS_IRQHandler               0x0800020b   Thumb Code     0  startup_stm32g474xx.o(.text)
    RTC_WKUP_IRQHandler                      0x0800020b   Thumb Code     0  startup_stm32g474xx.o(.text)
    SAI1_IRQHandler                          0x0800020b   Thumb Code     0  startup_stm32g474xx.o(.text)
    SPI1_IRQHandler                          0x0800020b   Thumb Code     0  startup_stm32g474xx.o(.text)
    SPI2_IRQHandler                          0x0800020b   Thumb Code     0  startup_stm32g474xx.o(.text)
    SPI3_IRQHandler                          0x0800020b   Thumb Code     0  startup_stm32g474xx.o(.text)
    SPI4_IRQHandler                          0x0800020b   Thumb Code     0  startup_stm32g474xx.o(.text)
    TIM1_BRK_TIM15_IRQHandler                0x0800020b   Thumb Code     0  startup_stm32g474xx.o(.text)
    TIM1_CC_IRQHandler                       0x0800020b   Thumb Code     0  startup_stm32g474xx.o(.text)
    TIM1_TRG_COM_TIM17_IRQHandler            0x0800020b   Thumb Code     0  startup_stm32g474xx.o(.text)
    TIM1_UP_TIM16_IRQHandler                 0x0800020b   Thumb Code     0  startup_stm32g474xx.o(.text)
    TIM20_BRK_IRQHandler                     0x0800020b   Thumb Code     0  startup_stm32g474xx.o(.text)
    TIM20_CC_IRQHandler                      0x0800020b   Thumb Code     0  startup_stm32g474xx.o(.text)
    TIM20_TRG_COM_IRQHandler                 0x0800020b   Thumb Code     0  startup_stm32g474xx.o(.text)
    TIM20_UP_IRQHandler                      0x0800020b   Thumb Code     0  startup_stm32g474xx.o(.text)
    TIM2_IRQHandler                          0x0800020b   Thumb Code     0  startup_stm32g474xx.o(.text)
    TIM3_IRQHandler                          0x0800020b   Thumb Code     0  startup_stm32g474xx.o(.text)
    TIM4_IRQHandler                          0x0800020b   Thumb Code     0  startup_stm32g474xx.o(.text)
    TIM5_IRQHandler                          0x0800020b   Thumb Code     0  startup_stm32g474xx.o(.text)
    TIM6_DAC_IRQHandler                      0x0800020b   Thumb Code     0  startup_stm32g474xx.o(.text)
    TIM7_DAC_IRQHandler                      0x0800020b   Thumb Code     0  startup_stm32g474xx.o(.text)
    TIM8_BRK_IRQHandler                      0x0800020b   Thumb Code     0  startup_stm32g474xx.o(.text)
    TIM8_CC_IRQHandler                       0x0800020b   Thumb Code     0  startup_stm32g474xx.o(.text)
    TIM8_TRG_COM_IRQHandler                  0x0800020b   Thumb Code     0  startup_stm32g474xx.o(.text)
    TIM8_UP_IRQHandler                       0x0800020b   Thumb Code     0  startup_stm32g474xx.o(.text)
    UART4_IRQHandler                         0x0800020b   Thumb Code     0  startup_stm32g474xx.o(.text)
    UART5_IRQHandler                         0x0800020b   Thumb Code     0  startup_stm32g474xx.o(.text)
    UCPD1_IRQHandler                         0x0800020b   Thumb Code     0  startup_stm32g474xx.o(.text)
    USART2_IRQHandler                        0x0800020b   Thumb Code     0  startup_stm32g474xx.o(.text)
    USART3_IRQHandler                        0x0800020b   Thumb Code     0  startup_stm32g474xx.o(.text)
    USBWakeUp_IRQHandler                     0x0800020b   Thumb Code     0  startup_stm32g474xx.o(.text)
    USB_HP_IRQHandler                        0x0800020b   Thumb Code     0  startup_stm32g474xx.o(.text)
    USB_LP_IRQHandler                        0x0800020b   Thumb Code     0  startup_stm32g474xx.o(.text)
    WWDG_IRQHandler                          0x0800020b   Thumb Code     0  startup_stm32g474xx.o(.text)
    __aeabi_uldivmod                         0x08000215   Thumb Code    98  uldiv.o(.text)
    __aeabi_memcpy                           0x08000277   Thumb Code    36  memcpya.o(.text)
    __aeabi_memcpy4                          0x08000277   Thumb Code     0  memcpya.o(.text)
    __aeabi_memcpy8                          0x08000277   Thumb Code     0  memcpya.o(.text)
    __aeabi_memset                           0x0800029b   Thumb Code    14  memseta.o(.text)
    __aeabi_memset4                          0x0800029b   Thumb Code     0  memseta.o(.text)
    __aeabi_memset8                          0x0800029b   Thumb Code     0  memseta.o(.text)
    __aeabi_memclr                           0x080002a9   Thumb Code     4  memseta.o(.text)
    __aeabi_memclr4                          0x080002a9   Thumb Code     0  memseta.o(.text)
    __aeabi_memclr8                          0x080002a9   Thumb Code     0  memseta.o(.text)
    _memset$wrapper                          0x080002ad   Thumb Code    18  memseta.o(.text)
    strcat                                   0x080002bf   Thumb Code    24  strcat.o(.text)
    strstr                                   0x080002d7   Thumb Code    36  strstr.o(.text)
    strlen                                   0x080002fb   Thumb Code    14  strlen.o(.text)
    memcmp                                   0x08000309   Thumb Code    26  memcmp.o(.text)
    __aeabi_dadd                             0x08000323   Thumb Code   322  dadd.o(.text)
    __aeabi_dsub                             0x08000465   Thumb Code     6  dadd.o(.text)
    __aeabi_drsub                            0x0800046b   Thumb Code     6  dadd.o(.text)
    __aeabi_dmul                             0x08000471   Thumb Code   228  dmul.o(.text)
    __aeabi_ddiv                             0x08000555   Thumb Code   222  ddiv.o(.text)
    __aeabi_i2d                              0x08000633   Thumb Code    34  dflti.o(.text)
    __aeabi_ui2d                             0x08000655   Thumb Code    26  dfltui.o(.text)
    __aeabi_d2uiz                            0x0800066f   Thumb Code    50  dfixui.o(.text)
    __aeabi_f2d                              0x080006a1   Thumb Code    38  f2d.o(.text)
    __aeabi_cdcmpeq                          0x080006c9   Thumb Code     0  cdcmple.o(.text)
    __aeabi_cdcmple                          0x080006c9   Thumb Code    48  cdcmple.o(.text)
    __aeabi_cdrcmple                         0x080006f9   Thumb Code    48  cdrcmple.o(.text)
    __aeabi_d2f                              0x08000729   Thumb Code    56  d2f.o(.text)
    __aeabi_uidiv                            0x08000761   Thumb Code     0  uidiv.o(.text)
    __aeabi_uidivmod                         0x08000761   Thumb Code    44  uidiv.o(.text)
    __aeabi_llsl                             0x0800078d   Thumb Code    30  llshl.o(.text)
    _ll_shift_l                              0x0800078d   Thumb Code     0  llshl.o(.text)
    __aeabi_llsr                             0x080007ab   Thumb Code    32  llushr.o(.text)
    _ll_ushift_r                             0x080007ab   Thumb Code     0  llushr.o(.text)
    __aeabi_lasr                             0x080007cb   Thumb Code    36  llsshr.o(.text)
    _ll_sshift_r                             0x080007cb   Thumb Code     0  llsshr.o(.text)
    __I$use$fp                               0x080007ef   Thumb Code     0  iusefp.o(.text)
    _float_round                             0x080007ef   Thumb Code    18  fepilogue.o(.text)
    _float_epilogue                          0x08000801   Thumb Code    92  fepilogue.o(.text)
    _double_round                            0x0800085d   Thumb Code    30  depilogue.o(.text)
    _double_epilogue                         0x0800087b   Thumb Code   156  depilogue.o(.text)
    __ARM_scalbn                             0x08000917   Thumb Code    46  dscalb.o(.text)
    scalbn                                   0x08000917   Thumb Code     0  dscalb.o(.text)
    _dsqrt                                   0x08000945   Thumb Code   162  dsqrt.o(.text)
    __aeabi_d2ulz                            0x080009e7   Thumb Code    48  dfixul.o(.text)
    __scatterload                            0x08000a19   Thumb Code    28  init.o(.text)
    __scatterload_rt2                        0x08000a19   Thumb Code     0  init.o(.text)
    __decompress                             0x08000a3d   Thumb Code     0  __dczerorl2.o(.text)
    __decompress1                            0x08000a3d   Thumb Code    86  __dczerorl2.o(.text)
    BC20_Clear                               0x08000a95   Thumb Code    10  bc20.o(i.BC20_Clear)
    BC20_GNSS_INIT                           0x08000aa5   Thumb Code    80  bc20.o(i.BC20_GNSS_INIT)
    BC20_Init                                0x08000b6d   Thumb Code   222  bc20.o(i.BC20_Init)
    BC20_RESET                               0x08000d41   Thumb Code    30  bc20.o(i.BC20_RESET)
    BC20_SendCmd                             0x08000d71   Thumb Code   124  bc20.o(i.BC20_SendCmd)
    BusFault_Handler                         0x08000e5d   Thumb Code     2  stm32g4xx_it.o(i.BusFault_Handler)
    DMA1_Channel1_IRQHandler                 0x08000ecd   Thumb Code     6  stm32g4xx_it.o(i.DMA1_Channel1_IRQHandler)
    DebugMon_Handler                         0x08000f7b   Thumb Code     2  stm32g4xx_it.o(i.DebugMon_Handler)
    EXTI15_10_IRQHandler                     0x08000f7d   Thumb Code     8  stm32g4xx_it.o(i.EXTI15_10_IRQHandler)
    Error_Handler                            0x08000f85   Thumb Code     4  main.o(i.Error_Handler)
    HAL_CRCEx_Polynomial_Set                 0x08000f89   Thumb Code    78  stm32g4xx_hal_crc_ex.o(i.HAL_CRCEx_Polynomial_Set)
    HAL_CRC_Init                             0x08000fd9   Thumb Code   112  stm32g4xx_hal_crc.o(i.HAL_CRC_Init)
    HAL_CRC_MspInit                          0x0800104d   Thumb Code    30  crc.o(i.HAL_CRC_MspInit)
    HAL_DMA_Abort                            0x08001075   Thumb Code   106  stm32g4xx_hal_dma.o(i.HAL_DMA_Abort)
    HAL_DMA_Abort_IT                         0x080010df   Thumb Code   120  stm32g4xx_hal_dma.o(i.HAL_DMA_Abort_IT)
    HAL_DMA_GetError                         0x08001157   Thumb Code     4  stm32g4xx_hal_dma.o(i.HAL_DMA_GetError)
    HAL_DMA_IRQHandler                       0x0800115b   Thumb Code   186  stm32g4xx_hal_dma.o(i.HAL_DMA_IRQHandler)
    HAL_DMA_Init                             0x08001215   Thumb Code   178  stm32g4xx_hal_dma.o(i.HAL_DMA_Init)
    HAL_DMA_Start_IT                         0x080012d5   Thumb Code   140  stm32g4xx_hal_dma.o(i.HAL_DMA_Start_IT)
    HAL_Delay                                0x08001361   Thumb Code    32  stm32g4xx_hal.o(i.HAL_Delay)
    HAL_GPIO_EXTI_Callback                   0x08001385   Thumb Code    26  main.o(i.HAL_GPIO_EXTI_Callback)
    HAL_GPIO_EXTI_IRQHandler                 0x080013a9   Thumb Code    18  stm32g4xx_hal_gpio.o(i.HAL_GPIO_EXTI_IRQHandler)
    HAL_GPIO_Init                            0x080013c1   Thumb Code   422  stm32g4xx_hal_gpio.o(i.HAL_GPIO_Init)
    HAL_GPIO_WritePin                        0x08001589   Thumb Code    10  stm32g4xx_hal_gpio.o(i.HAL_GPIO_WritePin)
    HAL_GetTick                              0x08001595   Thumb Code     6  stm32g4xx_hal.o(i.HAL_GetTick)
    HAL_I2CEx_ConfigAnalogFilter             0x080015a1   Thumb Code    86  stm32g4xx_hal_i2c_ex.o(i.HAL_I2CEx_ConfigAnalogFilter)
    HAL_I2CEx_ConfigDigitalFilter            0x080015f7   Thumb Code    82  stm32g4xx_hal_i2c_ex.o(i.HAL_I2CEx_ConfigDigitalFilter)
    HAL_I2C_Init                             0x08001649   Thumb Code   178  stm32g4xx_hal_i2c.o(i.HAL_I2C_Init)
    HAL_I2C_Mem_Read                         0x08001701   Thumb Code   346  stm32g4xx_hal_i2c.o(i.HAL_I2C_Mem_Read)
    HAL_I2C_Mem_Write                        0x08001865   Thumb Code   340  stm32g4xx_hal_i2c.o(i.HAL_I2C_Mem_Write)
    HAL_I2C_MspInit                          0x080019bd   Thumb Code    90  i2c.o(i.HAL_I2C_MspInit)
    HAL_IncTick                              0x08001a21   Thumb Code    12  stm32g4xx_hal.o(i.HAL_IncTick)
    HAL_Init                                 0x08001a31   Thumb Code    30  stm32g4xx_hal.o(i.HAL_Init)
    HAL_InitTick                             0x08001a51   Thumb Code    58  stm32g4xx_hal.o(i.HAL_InitTick)
    HAL_MspInit                              0x08001a95   Thumb Code    42  stm32g4xx_hal_msp.o(i.HAL_MspInit)
    HAL_NVIC_EnableIRQ                       0x08001ac5   Thumb Code    26  stm32g4xx_hal_cortex.o(i.HAL_NVIC_EnableIRQ)
    HAL_NVIC_SetPriority                     0x08001ae1   Thumb Code    60  stm32g4xx_hal_cortex.o(i.HAL_NVIC_SetPriority)
    HAL_NVIC_SetPriorityGrouping             0x08001b21   Thumb Code    26  stm32g4xx_hal_cortex.o(i.HAL_NVIC_SetPriorityGrouping)
    HAL_PWREx_ControlVoltageScaling          0x08001b45   Thumb Code   174  stm32g4xx_hal_pwr_ex.o(i.HAL_PWREx_ControlVoltageScaling)
    HAL_PWREx_DisableUCPDDeadBattery         0x08001c01   Thumb Code    12  stm32g4xx_hal_pwr_ex.o(i.HAL_PWREx_DisableUCPDDeadBattery)
    HAL_RCCEx_PeriphCLKConfig                0x08001c11   Thumb Code   758  stm32g4xx_hal_rcc_ex.o(i.HAL_RCCEx_PeriphCLKConfig)
    HAL_RCC_ClockConfig                      0x08001f11   Thumb Code   444  stm32g4xx_hal_rcc.o(i.HAL_RCC_ClockConfig)
    HAL_RCC_GetPCLK1Freq                     0x080020ed   Thumb Code    24  stm32g4xx_hal_rcc.o(i.HAL_RCC_GetPCLK1Freq)
    HAL_RCC_GetPCLK2Freq                     0x08002111   Thumb Code    24  stm32g4xx_hal_rcc.o(i.HAL_RCC_GetPCLK2Freq)
    HAL_RCC_GetSysClockFreq                  0x08002135   Thumb Code    98  stm32g4xx_hal_rcc.o(i.HAL_RCC_GetSysClockFreq)
    HAL_RCC_OscConfig                        0x080021a5   Thumb Code  1036  stm32g4xx_hal_rcc.o(i.HAL_RCC_OscConfig)
    HAL_SYSTICK_Config                       0x080025b1   Thumb Code    40  stm32g4xx_hal_cortex.o(i.HAL_SYSTICK_Config)
    HAL_UARTEx_DisableFifoMode               0x080025d9   Thumb Code    62  stm32g4xx_hal_uart_ex.o(i.HAL_UARTEx_DisableFifoMode)
    HAL_UARTEx_RxEventCallback               0x08002617   Thumb Code     2  stm32g4xx_hal_uart.o(i.HAL_UARTEx_RxEventCallback)
    HAL_UARTEx_RxFifoFullCallback            0x08002619   Thumb Code     2  stm32g4xx_hal_uart_ex.o(i.HAL_UARTEx_RxFifoFullCallback)
    HAL_UARTEx_SetRxFifoThreshold            0x0800261b   Thumb Code    76  stm32g4xx_hal_uart_ex.o(i.HAL_UARTEx_SetRxFifoThreshold)
    HAL_UARTEx_SetTxFifoThreshold            0x08002667   Thumb Code    76  stm32g4xx_hal_uart_ex.o(i.HAL_UARTEx_SetTxFifoThreshold)
    HAL_UARTEx_TxFifoEmptyCallback           0x080026b3   Thumb Code     2  stm32g4xx_hal_uart_ex.o(i.HAL_UARTEx_TxFifoEmptyCallback)
    HAL_UARTEx_WakeupCallback                0x080026b5   Thumb Code     2  stm32g4xx_hal_uart_ex.o(i.HAL_UARTEx_WakeupCallback)
    HAL_UART_DMAStop                         0x080026b7   Thumb Code   120  stm32g4xx_hal_uart.o(i.HAL_UART_DMAStop)
    HAL_UART_ErrorCallback                   0x0800272f   Thumb Code     2  stm32g4xx_hal_uart.o(i.HAL_UART_ErrorCallback)
    HAL_UART_IRQHandler                      0x08002731   Thumb Code   632  stm32g4xx_hal_uart.o(i.HAL_UART_IRQHandler)
    HAL_UART_Init                            0x080029b5   Thumb Code   106  stm32g4xx_hal_uart.o(i.HAL_UART_Init)
    HAL_UART_MspInit                         0x08002a21   Thumb Code   208  usart.o(i.HAL_UART_MspInit)
    HAL_UART_Receive_DMA                     0x08002b09   Thumb Code    70  stm32g4xx_hal_uart.o(i.HAL_UART_Receive_DMA)
    HAL_UART_RxCpltCallback                  0x08002b55   Thumb Code     2  stm32g4xx_hal_uart.o(i.HAL_UART_RxCpltCallback)
    HAL_UART_RxHalfCpltCallback              0x08002b57   Thumb Code     2  stm32g4xx_hal_uart.o(i.HAL_UART_RxHalfCpltCallback)
    HAL_UART_Transmit                        0x08002b59   Thumb Code   188  stm32g4xx_hal_uart.o(i.HAL_UART_Transmit)
    HAL_UART_TxCpltCallback                  0x08002c15   Thumb Code     2  stm32g4xx_hal_uart.o(i.HAL_UART_TxCpltCallback)
    HardFault_Handler                        0x08002c17   Thumb Code     2  stm32g4xx_it.o(i.HardFault_Handler)
    Kalman_getAngle                          0x08002ea9   Thumb Code   470  mpu6050.o(i.Kalman_getAngle)
    MPU6050_Init                             0x0800307f   Thumb Code   146  mpu6050.o(i.MPU6050_Init)
    MPU6050_Read_All                         0x08003111   Thumb Code   630  mpu6050.o(i.MPU6050_Read_All)
    MX_CRC_Init                              0x080033d5   Thumb Code    40  crc.o(i.MX_CRC_Init)
    MX_DMA_Init                              0x08003405   Thumb Code    56  dma.o(i.MX_DMA_Init)
    MX_GPIO_Init                             0x08003441   Thumb Code   218  gpio.o(i.MX_GPIO_Init)
    MX_I2C2_Init                             0x0800352d   Thumb Code    76  i2c.o(i.MX_I2C2_Init)
    MX_LPUART1_UART_Init                     0x08003585   Thumb Code    92  usart.o(i.MX_LPUART1_UART_Init)
    MX_USART1_UART_Init                      0x080035e9   Thumb Code    94  usart.o(i.MX_USART1_UART_Init)
    MX_X_CUBE_AI_Init                        0x08003651   Thumb Code    22  app_x-cube-ai.o(i.MX_X_CUBE_AI_Init)
    MX_X_CUBE_AI_Process                     0x0800368d   Thumb Code   728  app_x-cube-ai.o(i.MX_X_CUBE_AI_Process)
    MemManage_Handler                        0x080039c9   Thumb Code     2  stm32g4xx_it.o(i.MemManage_Handler)
    NMI_Handler                              0x080039cb   Thumb Code     2  stm32g4xx_it.o(i.NMI_Handler)
    PendSV_Handler                           0x080039cd   Thumb Code     2  stm32g4xx_it.o(i.PendSV_Handler)
    SVC_Handler                              0x080039cf   Thumb Code     2  stm32g4xx_it.o(i.SVC_Handler)
    SysTick_Handler                          0x080039d1   Thumb Code     4  stm32g4xx_it.o(i.SysTick_Handler)
    SystemClock_Config                       0x080039d5   Thumb Code   132  main.o(i.SystemClock_Config)
    SystemInit                               0x08003a59   Thumb Code    12  system_stm32g4xx.o(i.SystemInit)
    UART_AdvFeatureConfig                    0x08003aad   Thumb Code   200  stm32g4xx_hal_uart.o(i.UART_AdvFeatureConfig)
    UART_CheckIdleState                      0x08003b75   Thumb Code    96  stm32g4xx_hal_uart.o(i.UART_CheckIdleState)
    UART_SetConfig                           0x08003d09   Thumb Code   618  stm32g4xx_hal_uart.o(i.UART_SetConfig)
    UART_Start_Receive_DMA                   0x08003fa5   Thumb Code   120  stm32g4xx_hal_uart.o(i.UART_Start_Receive_DMA)
    UART_WaitOnFlagUntilTimeout              0x08004029   Thumb Code   164  stm32g4xx_hal_uart.o(i.UART_WaitOnFlagUntilTimeout)
    USART1_IRQHandler                        0x080040cd   Thumb Code    18  stm32g4xx_it.o(i.USART1_IRQHandler)
    USAR_UART_IDLECallback                   0x080040e5   Thumb Code    70  usart.o(i.USAR_UART_IDLECallback)
    USER_UART_IRQHandler                     0x08004169   Thumb Code    46  usart.o(i.USER_UART_IRQHandler)
    UsageFault_Handler                       0x080041a1   Thumb Code     2  stm32g4xx_it.o(i.UsageFault_Handler)
    __0printf                                0x080041a5   Thumb Code    22  printfa.o(i.__0printf)
    __1printf                                0x080041a5   Thumb Code     0  printfa.o(i.__0printf)
    __2printf                                0x080041a5   Thumb Code     0  printfa.o(i.__0printf)
    __c89printf                              0x080041a5   Thumb Code     0  printfa.o(i.__0printf)
    printf                                   0x080041a5   Thumb Code     0  printfa.o(i.__0printf)
    __ARM_fpclassify                         0x080041c5   Thumb Code    48  fpclassify.o(i.__ARM_fpclassify)
    __ARM_fpclassifyf                        0x080041f5   Thumb Code    38  fpclassifyf.o(i.__ARM_fpclassifyf)
    __hardfp_atan                            0x08004339   Thumb Code   622  atan.o(i.__hardfp_atan)
    __hardfp_atan2                           0x08004611   Thumb Code   448  atan2.o(i.__hardfp_atan2)
    __hardfp_expf                            0x08004811   Thumb Code   426  expf.o(i.__hardfp_expf)
    __mathlib_expf                           0x08004811   Thumb Code     0  expf.o(i.__hardfp_expf)
    __hardfp_fabs                            0x080049f9   Thumb Code    20  fabs.o(i.__hardfp_fabs)
    __hardfp_pow                             0x08004a11   Thumb Code  3072  pow.o(i.__hardfp_pow)
    __hardfp_sqrt                            0x08005661   Thumb Code   122  sqrt.o(i.__hardfp_sqrt)
    __kernel_poly                            0x080056db   Thumb Code   248  poly.o(i.__kernel_poly)
    __mathlib_dbl_divzero                    0x080057d9   Thumb Code    28  dunder.o(i.__mathlib_dbl_divzero)
    __mathlib_dbl_infnan                     0x08005809   Thumb Code    20  dunder.o(i.__mathlib_dbl_infnan)
    __mathlib_dbl_infnan2                    0x0800581d   Thumb Code    20  dunder.o(i.__mathlib_dbl_infnan2)
    __mathlib_dbl_invalid                    0x08005831   Thumb Code    24  dunder.o(i.__mathlib_dbl_invalid)
    __mathlib_dbl_overflow                   0x08005851   Thumb Code    24  dunder.o(i.__mathlib_dbl_overflow)
    __mathlib_dbl_underflow                  0x08005871   Thumb Code    24  dunder.o(i.__mathlib_dbl_underflow)
    __mathlib_flt_infnan                     0x08005891   Thumb Code     6  funder.o(i.__mathlib_flt_infnan)
    __mathlib_flt_overflow                   0x08005899   Thumb Code    10  funder.o(i.__mathlib_flt_overflow)
    __mathlib_flt_underflow                  0x080058a9   Thumb Code    10  funder.o(i.__mathlib_flt_underflow)
    __scatterload_copy                       0x080058b9   Thumb Code    14  handlers.o(i.__scatterload_copy)
    __scatterload_null                       0x080058c7   Thumb Code     2  handlers.o(i.__scatterload_null)
    __scatterload_zeroinit                   0x080058c9   Thumb Code    14  handlers.o(i.__scatterload_zeroinit)
    __set_errno                              0x080058d9   Thumb Code     6  errno.o(i.__set_errno)
    _ai_platform_acquire_crc                 0x080058f7   Thumb Code     4  ai_platform_interface.o(i._ai_platform_acquire_crc)
    _ai_platform_release_crc                 0x080059a5   Thumb Code     2  ai_platform_interface.o(i._ai_platform_release_crc)
    ai_array_get_byte_size                   0x080065ef   Thumb Code    62  ai_datatypes_format.o(i.ai_array_get_byte_size)
    ai_array_to_buffer_fmt                   0x0800662d   Thumb Code   222  ai_datatypes_format.o(i.ai_array_to_buffer_fmt)
    ai_check_custom_types                    0x080067e9   Thumb Code    38  layers.o(i.ai_check_custom_types)
    ai_dict4_dot_array_f32                   0x08006815   Thumb Code   294  layers_conv2d_generic_float.o(i.ai_dict4_dot_array_f32)
    ai_dict8_dot_array_f32                   0x08006941   Thumb Code   228  layers_conv2d_generic_float.o(i.ai_dict8_dot_array_f32)
    ai_layers_forward_all                    0x08006a29   Thumb Code    78  layers.o(i.ai_layers_forward_all)
    ai_layers_init_all                       0x08006a77   Thumb Code    30  layers.o(i.ai_layers_init_all)
    ai_layers_post_init_all                  0x08006a95   Thumb Code    54  layers.o(i.ai_layers_post_init_all)
    ai_network2_create                       0x08006b4d   Thumb Code    20  network2.o(i.ai_network2_create)
    ai_network2_data_weights_get             0x08006b65   Thumb Code     4  network2_data.o(i.ai_network2_data_weights_get)
    ai_network2_get_error                    0x08006b6d   Thumb Code     4  network2.o(i.ai_network2_get_error)
    ai_network2_get_info                     0x08006b71   Thumb Code    82  network2.o(i.ai_network2_get_info)
    ai_network2_init                         0x08006bc9   Thumb Code    48  network2.o(i.ai_network2_init)
    ai_network2_run                          0x08006bf9   Thumb Code     4  network2.o(i.ai_network2_run)
    ai_platform_api_get_network_report       0x08006bfd   Thumb Code   282  ai_platform_interface.o(i.ai_platform_api_get_network_report)
    ai_platform_api_get_version              0x08006d21   Thumb Code    14  ai_platform_interface.o(i.ai_platform_api_get_version)
    ai_platform_context_acquire              0x08006d35   Thumb Code    24  ai_platform_interface.o(i.ai_platform_context_acquire)
    ai_platform_get_activations_map          0x08006d51   Thumb Code    16  ai_platform_interface.o(i.ai_platform_get_activations_map)
    ai_platform_get_weights_map              0x08006d61   Thumb Code    14  ai_platform_interface.o(i.ai_platform_get_weights_map)
    ai_platform_interface_api_get_version    0x08006d71   Thumb Code    14  ai_platform_interface.o(i.ai_platform_interface_api_get_version)
    ai_platform_network_create               0x08006d85   Thumb Code   216  ai_platform_interface.o(i.ai_platform_network_create)
    ai_platform_network_get_error            0x08006e75   Thumb Code    24  ai_platform_interface.o(i.ai_platform_network_get_error)
    ai_platform_network_init                 0x08006e91   Thumb Code   180  ai_platform_interface.o(i.ai_platform_network_init)
    ai_platform_network_post_init            0x08006f4d   Thumb Code    70  ai_platform_interface.o(i.ai_platform_network_post_init)
    ai_platform_network_process              0x08006f93   Thumb Code    84  ai_platform_interface.o(i.ai_platform_network_process)
    ai_platform_network_set_error            0x08006fe7   Thumb Code    12  ai_platform_interface.o(i.ai_platform_network_set_error)
    ai_platform_runtime_get_revision         0x08006ff5   Thumb Code    10  ai_platform_interface.o(i.ai_platform_runtime_get_revision)
    ai_platform_runtime_get_version          0x08007005   Thumb Code    14  ai_platform_interface.o(i.ai_platform_runtime_get_version)
    atan                                     0x08007033   Thumb Code    16  atan.o(i.atan)
    core_get_error                           0x08007043   Thumb Code    12  core_common.o(i.core_get_error)
    core_init                                0x0800704f   Thumb Code     4  core_common.o(i.core_init)
    core_set_error                           0x08007053   Thumb Code    26  core_common.o(i.core_set_error)
    fabs                                     0x0800706d   Thumb Code    24  fabs.o(i.fabs)
    forward_dense                            0x08007085   Thumb Code   474  layers_conv2d_generic_float.o(i.forward_dense)
    forward_sigmoid                          0x08007265   Thumb Code    94  layers_nl_generic_float.o(i.forward_sigmoid)
    fputc                                    0x080072c5   Thumb Code    20  usart.o(i.fputc)
    main                                     0x080072dd   Thumb Code   130  main.o(i.main)
    max                                      0x080073dd   Thumb Code    50  app_x-cube-ai.o(i.max)
    mean                                     0x08007411   Thumb Code    40  app_x-cube-ai.o(i.mean)
    nl_func_sigmoid_array_f32                0x08007559   Thumb Code    72  layers_nl_generic_float.o(i.nl_func_sigmoid_array_f32)
    sqrt                                     0x080075a1   Thumb Code   110  sqrt.o(i.sqrt)
    var                                      0x08007611   Thumb Code   108  app_x-cube-ai.o(i.var)
    UARTPrescTable                           0x08007684   Data          24  stm32g4xx_hal_uart.o(.constdata)
    AHBPrescTable                            0x080076ac   Data          16  system_stm32g4xx.o(.constdata)
    APBPrescTable                            0x080076bc   Data           8  system_stm32g4xx.o(.constdata)
    s_network2_weights_array_u64             0x08007800   Data        3208  network2_data.o(.constdata)
    __mathlib_zero                           0x08008690   Data           8  qnan.o(.constdata)
    Region$$Table$$Base                      0x08008798   Number         0  anon$$obj.o(Region$$Table)
    Region$$Table$$Limit                     0x080087b8   Number         0  anon$$obj.o(Region$$Table)
    wnb                                      0x20000000   Data           1  bc20.o(.data)
    timer                                    0x20000008   Data           4  mpu6050.o(.data)
    KalmanX                                  0x20000010   Data          72  mpu6050.o(.data)
    KalmanY                                  0x20000058   Data          72  mpu6050.o(.data)
    usart1_rx_flag                           0x200000a0   Data           1  main.o(.data)
    BC20flag                                 0x200000a1   Data           1  main.o(.data)
    uwTickPrio                               0x200000a4   Data           4  stm32g4xx_hal.o(.data)
    uwTickFreq                               0x200000a8   Data           4  stm32g4xx_hal.o(.data)
    uwTick                                   0x200000ac   Data           4  stm32g4xx_hal.o(.data)
    SystemCoreClock                          0x200000b0   Data           4  system_stm32g4xx.o(.data)
    ti                                       0x20000904   Data           1  app_x-cube-ai.o(.data)
    JV                                       0x20000908   Data           4  app_x-cube-ai.o(.data)
    max_Ax                                   0x20000910   Data           4  app_x-cube-ai.o(.data)
    max_Ay                                   0x20000914   Data           4  app_x-cube-ai.o(.data)
    max_Az                                   0x20000918   Data           4  app_x-cube-ai.o(.data)
    max_Apitch                               0x2000091c   Data           4  app_x-cube-ai.o(.data)
    var_Apitch                               0x20000920   Data           4  app_x-cube-ai.o(.data)
    mean_Apitch                              0x20000924   Data           4  app_x-cube-ai.o(.data)
    max_Gx                                   0x20000928   Data           4  app_x-cube-ai.o(.data)
    max_Gy                                   0x2000092c   Data           4  app_x-cube-ai.o(.data)
    max_Gz                                   0x20000930   Data           4  app_x-cube-ai.o(.data)
    max_Gpitch                               0x20000934   Data           4  app_x-cube-ai.o(.data)
    var_Gpitch                               0x20000938   Data           4  app_x-cube-ai.o(.data)
    mean_Gpitch                              0x2000093c   Data           4  app_x-cube-ai.o(.data)
    b                                        0x20000940   Data           8  app_x-cube-ai.o(.data)
    __stdout                                 0x20000948   Data           4  stdout.o(.data)
    MPU6050                                  0x20000950   Data          88  main.o(.bss)
    usart1_rx_buffer                         0x200009a8   Data        1024  main.o(.bss)
    usart1_dma_buffer                        0x20000da8   Data        2048  main.o(.bss)
    hcrc                                     0x200015a8   Data          36  crc.o(.bss)
    hi2c2                                    0x200015cc   Data          76  i2c.o(.bss)
    hdma_usart1_rx                           0x20001618   Data          96  usart.o(.bss)
    hlpuart1                                 0x20001678   Data         144  usart.o(.bss)
    huart1                                   0x20001708   Data         144  usart.o(.bss)
    in_data                                  0x200017e8   Data         192  app_x-cube-ai.o(.bss)
    out_data                                 0x200018a8   Data          32  app_x-cube-ai.o(.bss)
    aiwindow_Ax                              0x200018c8   Data        8000  app_x-cube-ai.o(.bss)
    aiwindow_Ay                              0x20003808   Data        8000  app_x-cube-ai.o(.bss)
    aiwindow_Az                              0x20005748   Data        8000  app_x-cube-ai.o(.bss)
    aiwindow_APitch                          0x20007688   Data        8000  app_x-cube-ai.o(.bss)
    aiwindow_Gx                              0x200095c8   Data        8000  app_x-cube-ai.o(.bss)
    aiwindow_Gy                              0x2000b508   Data        8000  app_x-cube-ai.o(.bss)
    aiwindow_Gz                              0x2000d448   Data        8000  app_x-cube-ai.o(.bss)
    aiwindow_GPitch                          0x2000f388   Data        8000  app_x-cube-ai.o(.bss)
    __initial_sp                             0x20011cc0   Data           0  startup_stm32g474xx.o(STACK)



==============================================================================

Memory Map of the image

  Image Entry point : 0x080001d9

  Load Region LR_IROM1 (Base: 0x08000000, Size: 0x00009108, Max: 0x00080000, ABSOLUTE, COMPRESSED[0x00008aa0])

    Execution Region ER_IROM1 (Exec base: 0x08000000, Load base: 0x08000000, Size: 0x000087b8, Max: 0x00080000, ABSOLUTE)

    Exec Addr    Load Addr    Size         Type   Attr      Idx    E Section Name        Object

    0x08000000   0x08000000   0x000001d8   Data   RO            3    RESET               startup_stm32g474xx.o
    0x080001d8   0x080001d8   0x00000000   Code   RO         4914  * .ARM.Collect$$$$00000000  mc_w.l(entry.o)
    0x080001d8   0x080001d8   0x00000004   Code   RO         5309    .ARM.Collect$$$$00000001  mc_w.l(entry2.o)
    0x080001dc   0x080001dc   0x00000004   Code   RO         5312    .ARM.Collect$$$$00000004  mc_w.l(entry5.o)
    0x080001e0   0x080001e0   0x00000000   Code   RO         5314    .ARM.Collect$$$$00000008  mc_w.l(entry7b.o)
    0x080001e0   0x080001e0   0x00000000   Code   RO         5316    .ARM.Collect$$$$0000000A  mc_w.l(entry8b.o)
    0x080001e0   0x080001e0   0x00000008   Code   RO         5317    .ARM.Collect$$$$0000000B  mc_w.l(entry9a.o)
    0x080001e8   0x080001e8   0x00000004   Code   RO         5324    .ARM.Collect$$$$0000000E  mc_w.l(entry12b.o)
    0x080001ec   0x080001ec   0x00000000   Code   RO         5319    .ARM.Collect$$$$0000000F  mc_w.l(entry10a.o)
    0x080001ec   0x080001ec   0x00000000   Code   RO         5321    .ARM.Collect$$$$00000011  mc_w.l(entry11a.o)
    0x080001ec   0x080001ec   0x00000004   Code   RO         5310    .ARM.Collect$$$$00002712  mc_w.l(entry2.o)
    0x080001f0   0x080001f0   0x00000024   Code   RO            4    .text               startup_stm32g474xx.o
    0x08000214   0x08000214   0x00000062   Code   RO         4917    .text               mc_w.l(uldiv.o)
    0x08000276   0x08000276   0x00000024   Code   RO         4919    .text               mc_w.l(memcpya.o)
    0x0800029a   0x0800029a   0x00000024   Code   RO         4921    .text               mc_w.l(memseta.o)
    0x080002be   0x080002be   0x00000018   Code   RO         4923    .text               mc_w.l(strcat.o)
    0x080002d6   0x080002d6   0x00000024   Code   RO         4925    .text               mc_w.l(strstr.o)
    0x080002fa   0x080002fa   0x0000000e   Code   RO         4927    .text               mc_w.l(strlen.o)
    0x08000308   0x08000308   0x0000001a   Code   RO         4929    .text               mc_w.l(memcmp.o)
    0x08000322   0x08000322   0x0000014e   Code   RO         5222    .text               mf_w.l(dadd.o)
    0x08000470   0x08000470   0x000000e4   Code   RO         5224    .text               mf_w.l(dmul.o)
    0x08000554   0x08000554   0x000000de   Code   RO         5226    .text               mf_w.l(ddiv.o)
    0x08000632   0x08000632   0x00000022   Code   RO         5230    .text               mf_w.l(dflti.o)
    0x08000654   0x08000654   0x0000001a   Code   RO         5232    .text               mf_w.l(dfltui.o)
    0x0800066e   0x0800066e   0x00000032   Code   RO         5236    .text               mf_w.l(dfixui.o)
    0x080006a0   0x080006a0   0x00000026   Code   RO         5238    .text               mf_w.l(f2d.o)
    0x080006c6   0x080006c6   0x00000002   PAD
    0x080006c8   0x080006c8   0x00000030   Code   RO         5240    .text               mf_w.l(cdcmple.o)
    0x080006f8   0x080006f8   0x00000030   Code   RO         5242    .text               mf_w.l(cdrcmple.o)
    0x08000728   0x08000728   0x00000038   Code   RO         5244    .text               mf_w.l(d2f.o)
    0x08000760   0x08000760   0x0000002c   Code   RO         5326    .text               mc_w.l(uidiv.o)
    0x0800078c   0x0800078c   0x0000001e   Code   RO         5328    .text               mc_w.l(llshl.o)
    0x080007aa   0x080007aa   0x00000020   Code   RO         5330    .text               mc_w.l(llushr.o)
    0x080007ca   0x080007ca   0x00000024   Code   RO         5332    .text               mc_w.l(llsshr.o)
    0x080007ee   0x080007ee   0x00000000   Code   RO         5343    .text               mc_w.l(iusefp.o)
    0x080007ee   0x080007ee   0x0000006e   Code   RO         5344    .text               mf_w.l(fepilogue.o)
    0x0800085c   0x0800085c   0x000000ba   Code   RO         5350    .text               mf_w.l(depilogue.o)
    0x08000916   0x08000916   0x0000002e   Code   RO         5352    .text               mf_w.l(dscalb.o)
    0x08000944   0x08000944   0x000000a2   Code   RO         5354    .text               mf_w.l(dsqrt.o)
    0x080009e6   0x080009e6   0x00000030   Code   RO         5356    .text               mf_w.l(dfixul.o)
    0x08000a16   0x08000a16   0x00000002   PAD
    0x08000a18   0x08000a18   0x00000024   Code   RO         5360    .text               mc_w.l(init.o)
    0x08000a3c   0x08000a3c   0x00000056   Code   RO         5370    .text               mc_w.l(__dczerorl2.o)
    0x08000a92   0x08000a92   0x00000002   PAD
    0x08000a94   0x08000a94   0x00000010   Code   RO           13    i.BC20_Clear        bc20.o
    0x08000aa4   0x08000aa4   0x000000c8   Code   RO           15    i.BC20_GNSS_INIT    bc20.o
    0x08000b6c   0x08000b6c   0x000001d4   Code   RO           17    i.BC20_Init         bc20.o
    0x08000d40   0x08000d40   0x00000030   Code   RO           18    i.BC20_RESET        bc20.o
    0x08000d70   0x08000d70   0x000000ec   Code   RO           20    i.BC20_SendCmd      bc20.o
    0x08000e5c   0x08000e5c   0x00000002   Code   RO          594    i.BusFault_Handler  stm32g4xx_it.o
    0x08000e5e   0x08000e5e   0x00000002   PAD
    0x08000e60   0x08000e60   0x0000006c   Code   RO         3829    i.CRC_Lock          NetworkRuntime700_CM4_Keil.lib(ai_platform_interface.o)
    0x08000ecc   0x08000ecc   0x0000000c   Code   RO          595    i.DMA1_Channel1_IRQHandler  stm32g4xx_it.o
    0x08000ed8   0x08000ed8   0x00000040   Code   RO         1667    i.DMA_CalcDMAMUXChannelBaseAndMask  stm32g4xx_hal_dma.o
    0x08000f18   0x08000f18   0x00000024   Code   RO         1668    i.DMA_CalcDMAMUXRequestGenBaseAndMask  stm32g4xx_hal_dma.o
    0x08000f3c   0x08000f3c   0x0000003e   Code   RO         1669    i.DMA_SetConfig     stm32g4xx_hal_dma.o
    0x08000f7a   0x08000f7a   0x00000002   Code   RO          596    i.DebugMon_Handler  stm32g4xx_it.o
    0x08000f7c   0x08000f7c   0x00000008   Code   RO          597    i.EXTI15_10_IRQHandler  stm32g4xx_it.o
    0x08000f84   0x08000f84   0x00000004   Code   RO          312    i.Error_Handler     main.o
    0x08000f88   0x08000f88   0x0000004e   Code   RO          784    i.HAL_CRCEx_Polynomial_Set  stm32g4xx_hal_crc_ex.o
    0x08000fd6   0x08000fd6   0x00000002   PAD
    0x08000fd8   0x08000fd8   0x00000074   Code   RO          718    i.HAL_CRC_Init      stm32g4xx_hal_crc.o
    0x0800104c   0x0800104c   0x00000028   Code   RO          420    i.HAL_CRC_MspInit   crc.o
    0x08001074   0x08001074   0x0000006a   Code   RO         1670    i.HAL_DMA_Abort     stm32g4xx_hal_dma.o
    0x080010de   0x080010de   0x00000078   Code   RO         1671    i.HAL_DMA_Abort_IT  stm32g4xx_hal_dma.o
    0x08001156   0x08001156   0x00000004   Code   RO         1673    i.HAL_DMA_GetError  stm32g4xx_hal_dma.o
    0x0800115a   0x0800115a   0x000000ba   Code   RO         1675    i.HAL_DMA_IRQHandler  stm32g4xx_hal_dma.o
    0x08001214   0x08001214   0x000000c0   Code   RO         1676    i.HAL_DMA_Init      stm32g4xx_hal_dma.o
    0x080012d4   0x080012d4   0x0000008c   Code   RO         1680    i.HAL_DMA_Start_IT  stm32g4xx_hal_dma.o
    0x08001360   0x08001360   0x00000024   Code   RO          825    i.HAL_Delay         stm32g4xx_hal.o
    0x08001384   0x08001384   0x00000024   Code   RO          313    i.HAL_GPIO_EXTI_Callback  main.o
    0x080013a8   0x080013a8   0x00000018   Code   RO         1531    i.HAL_GPIO_EXTI_IRQHandler  stm32g4xx_hal_gpio.o
    0x080013c0   0x080013c0   0x000001c8   Code   RO         1532    i.HAL_GPIO_Init     stm32g4xx_hal_gpio.o
    0x08001588   0x08001588   0x0000000a   Code   RO         1536    i.HAL_GPIO_WritePin  stm32g4xx_hal_gpio.o
    0x08001592   0x08001592   0x00000002   PAD
    0x08001594   0x08001594   0x0000000c   Code   RO          829    i.HAL_GetTick       stm32g4xx_hal.o
    0x080015a0   0x080015a0   0x00000056   Code   RO         2771    i.HAL_I2CEx_ConfigAnalogFilter  stm32g4xx_hal_i2c_ex.o
    0x080015f6   0x080015f6   0x00000052   Code   RO         2772    i.HAL_I2CEx_ConfigDigitalFilter  stm32g4xx_hal_i2c_ex.o
    0x08001648   0x08001648   0x000000b8   Code   RO         2320    i.HAL_I2C_Init      stm32g4xx_hal_i2c.o
    0x08001700   0x08001700   0x00000164   Code   RO         2338    i.HAL_I2C_Mem_Read  stm32g4xx_hal_i2c.o
    0x08001864   0x08001864   0x00000158   Code   RO         2341    i.HAL_I2C_Mem_Write  stm32g4xx_hal_i2c.o
    0x080019bc   0x080019bc   0x00000064   Code   RO          486    i.HAL_I2C_MspInit   i2c.o
    0x08001a20   0x08001a20   0x00000010   Code   RO          832    i.HAL_IncTick       stm32g4xx_hal.o
    0x08001a30   0x08001a30   0x0000001e   Code   RO          833    i.HAL_Init          stm32g4xx_hal.o
    0x08001a4e   0x08001a4e   0x00000002   PAD
    0x08001a50   0x08001a50   0x00000044   Code   RO          834    i.HAL_InitTick      stm32g4xx_hal.o
    0x08001a94   0x08001a94   0x00000030   Code   RO          688    i.HAL_MspInit       stm32g4xx_hal_msp.o
    0x08001ac4   0x08001ac4   0x0000001a   Code   RO         2179    i.HAL_NVIC_EnableIRQ  stm32g4xx_hal_cortex.o
    0x08001ade   0x08001ade   0x00000002   PAD
    0x08001ae0   0x08001ae0   0x00000040   Code   RO         2185    i.HAL_NVIC_SetPriority  stm32g4xx_hal_cortex.o
    0x08001b20   0x08001b20   0x00000024   Code   RO         2186    i.HAL_NVIC_SetPriorityGrouping  stm32g4xx_hal_cortex.o
    0x08001b44   0x08001b44   0x000000bc   Code   RO         1935    i.HAL_PWREx_ControlVoltageScaling  stm32g4xx_hal_pwr_ex.o
    0x08001c00   0x08001c00   0x00000010   Code   RO         1947    i.HAL_PWREx_DisableUCPDDeadBattery  stm32g4xx_hal_pwr_ex.o
    0x08001c10   0x08001c10   0x00000300   Code   RO         1178    i.HAL_RCCEx_PeriphCLKConfig  stm32g4xx_hal_rcc_ex.o
    0x08001f10   0x08001f10   0x000001dc   Code   RO         1053    i.HAL_RCC_ClockConfig  stm32g4xx_hal_rcc.o
    0x080020ec   0x080020ec   0x00000024   Code   RO         1061    i.HAL_RCC_GetPCLK1Freq  stm32g4xx_hal_rcc.o
    0x08002110   0x08002110   0x00000024   Code   RO         1062    i.HAL_RCC_GetPCLK2Freq  stm32g4xx_hal_rcc.o
    0x08002134   0x08002134   0x00000070   Code   RO         1063    i.HAL_RCC_GetSysClockFreq  stm32g4xx_hal_rcc.o
    0x080021a4   0x080021a4   0x0000040c   Code   RO         1066    i.HAL_RCC_OscConfig  stm32g4xx_hal_rcc.o
    0x080025b0   0x080025b0   0x00000028   Code   RO         2190    i.HAL_SYSTICK_Config  stm32g4xx_hal_cortex.o
    0x080025d8   0x080025d8   0x0000003e   Code   RO         3245    i.HAL_UARTEx_DisableFifoMode  stm32g4xx_hal_uart_ex.o
    0x08002616   0x08002616   0x00000002   Code   RO         2834    i.HAL_UARTEx_RxEventCallback  stm32g4xx_hal_uart.o
    0x08002618   0x08002618   0x00000002   Code   RO         3252    i.HAL_UARTEx_RxFifoFullCallback  stm32g4xx_hal_uart_ex.o
    0x0800261a   0x0800261a   0x0000004c   Code   RO         3253    i.HAL_UARTEx_SetRxFifoThreshold  stm32g4xx_hal_uart_ex.o
    0x08002666   0x08002666   0x0000004c   Code   RO         3254    i.HAL_UARTEx_SetTxFifoThreshold  stm32g4xx_hal_uart_ex.o
    0x080026b2   0x080026b2   0x00000002   Code   RO         3256    i.HAL_UARTEx_TxFifoEmptyCallback  stm32g4xx_hal_uart_ex.o
    0x080026b4   0x080026b4   0x00000002   Code   RO         3257    i.HAL_UARTEx_WakeupCallback  stm32g4xx_hal_uart_ex.o
    0x080026b6   0x080026b6   0x00000078   Code   RO         2846    i.HAL_UART_DMAStop  stm32g4xx_hal_uart.o
    0x0800272e   0x0800272e   0x00000002   Code   RO         2850    i.HAL_UART_ErrorCallback  stm32g4xx_hal_uart.o
    0x08002730   0x08002730   0x00000284   Code   RO         2853    i.HAL_UART_IRQHandler  stm32g4xx_hal_uart.o
    0x080029b4   0x080029b4   0x0000006a   Code   RO         2854    i.HAL_UART_Init     stm32g4xx_hal_uart.o
    0x08002a1e   0x08002a1e   0x00000002   PAD
    0x08002a20   0x08002a20   0x000000e8   Code   RO          528    i.HAL_UART_MspInit  usart.o
    0x08002b08   0x08002b08   0x0000004c   Code   RO         2858    i.HAL_UART_Receive_DMA  stm32g4xx_hal_uart.o
    0x08002b54   0x08002b54   0x00000002   Code   RO         2861    i.HAL_UART_RxCpltCallback  stm32g4xx_hal_uart.o
    0x08002b56   0x08002b56   0x00000002   Code   RO         2862    i.HAL_UART_RxHalfCpltCallback  stm32g4xx_hal_uart.o
    0x08002b58   0x08002b58   0x000000bc   Code   RO         2863    i.HAL_UART_Transmit  stm32g4xx_hal_uart.o
    0x08002c14   0x08002c14   0x00000002   Code   RO         2866    i.HAL_UART_TxCpltCallback  stm32g4xx_hal_uart.o
    0x08002c16   0x08002c16   0x00000002   Code   RO          598    i.HardFault_Handler  stm32g4xx_it.o
    0x08002c18   0x08002c18   0x00000022   Code   RO         2367    i.I2C_Flush_TXDR    stm32g4xx_hal_i2c.o
    0x08002c3a   0x08002c3a   0x00000002   PAD
    0x08002c3c   0x08002c3c   0x00000084   Code   RO         2375    i.I2C_IsAcknowledgeFailed  stm32g4xx_hal_i2c.o
    0x08002cc0   0x08002cc0   0x00000064   Code   RO         2378    i.I2C_RequestMemoryRead  stm32g4xx_hal_i2c.o
    0x08002d24   0x08002d24   0x00000064   Code   RO         2379    i.I2C_RequestMemoryWrite  stm32g4xx_hal_i2c.o
    0x08002d88   0x08002d88   0x0000002c   Code   RO         2382    i.I2C_TransferConfig  stm32g4xx_hal_i2c.o
    0x08002db4   0x08002db4   0x00000058   Code   RO         2384    i.I2C_WaitOnFlagUntilTimeout  stm32g4xx_hal_i2c.o
    0x08002e0c   0x08002e0c   0x0000004c   Code   RO         2386    i.I2C_WaitOnSTOPFlagUntilTimeout  stm32g4xx_hal_i2c.o
    0x08002e58   0x08002e58   0x00000050   Code   RO         2387    i.I2C_WaitOnTXISFlagUntilTimeout  stm32g4xx_hal_i2c.o
    0x08002ea8   0x08002ea8   0x000001d6   Code   RO          242    i.Kalman_getAngle   mpu6050.o
    0x0800307e   0x0800307e   0x00000092   Code   RO          243    i.MPU6050_Init      mpu6050.o
    0x08003110   0x08003110   0x000002c4   Code   RO          245    i.MPU6050_Read_All  mpu6050.o
    0x080033d4   0x080033d4   0x00000030   Code   RO          421    i.MX_CRC_Init       crc.o
    0x08003404   0x08003404   0x0000003c   Code   RO          461    i.MX_DMA_Init       dma.o
    0x08003440   0x08003440   0x000000ec   Code   RO          395    i.MX_GPIO_Init      gpio.o
    0x0800352c   0x0800352c   0x00000058   Code   RO          487    i.MX_I2C2_Init      i2c.o
    0x08003584   0x08003584   0x00000064   Code   RO          529    i.MX_LPUART1_UART_Init  usart.o
    0x080035e8   0x080035e8   0x00000068   Code   RO          530    i.MX_USART1_UART_Init  usart.o
    0x08003650   0x08003650   0x0000003c   Code   RO         3735    i.MX_X_CUBE_AI_Init  app_x-cube-ai.o
    0x0800368c   0x0800368c   0x0000033c   Code   RO         3736    i.MX_X_CUBE_AI_Process  app_x-cube-ai.o
    0x080039c8   0x080039c8   0x00000002   Code   RO          599    i.MemManage_Handler  stm32g4xx_it.o
    0x080039ca   0x080039ca   0x00000002   Code   RO          600    i.NMI_Handler       stm32g4xx_it.o
    0x080039cc   0x080039cc   0x00000002   Code   RO          601    i.PendSV_Handler    stm32g4xx_it.o
    0x080039ce   0x080039ce   0x00000002   Code   RO          602    i.SVC_Handler       stm32g4xx_it.o
    0x080039d0   0x080039d0   0x00000004   Code   RO          603    i.SysTick_Handler   stm32g4xx_it.o
    0x080039d4   0x080039d4   0x00000084   Code   RO          314    i.SystemClock_Config  main.o
    0x08003a58   0x08003a58   0x00000010   Code   RO         3394    i.SystemInit        system_stm32g4xx.o
    0x08003a68   0x08003a68   0x00000044   Code   RO         3258    i.UARTEx_SetNbDataToProcess  stm32g4xx_hal_uart_ex.o
    0x08003aac   0x08003aac   0x000000c8   Code   RO         2868    i.UART_AdvFeatureConfig  stm32g4xx_hal_uart.o
    0x08003b74   0x08003b74   0x00000060   Code   RO         2869    i.UART_CheckIdleState  stm32g4xx_hal_uart.o
    0x08003bd4   0x08003bd4   0x00000014   Code   RO         2870    i.UART_DMAAbortOnError  stm32g4xx_hal_uart.o
    0x08003be8   0x08003be8   0x00000050   Code   RO         2871    i.UART_DMAError     stm32g4xx_hal_uart.o
    0x08003c38   0x08003c38   0x0000005e   Code   RO         2872    i.UART_DMAReceiveCplt  stm32g4xx_hal_uart.o
    0x08003c96   0x08003c96   0x0000001c   Code   RO         2874    i.UART_DMARxHalfCplt  stm32g4xx_hal_uart.o
    0x08003cb2   0x08003cb2   0x00000002   PAD
    0x08003cb4   0x08003cb4   0x00000038   Code   RO         2880    i.UART_EndRxTransfer  stm32g4xx_hal_uart.o
    0x08003cec   0x08003cec   0x0000001c   Code   RO         2881    i.UART_EndTxTransfer  stm32g4xx_hal_uart.o
    0x08003d08   0x08003d08   0x0000029c   Code   RO         2886    i.UART_SetConfig    stm32g4xx_hal_uart.o
    0x08003fa4   0x08003fa4   0x00000084   Code   RO         2887    i.UART_Start_Receive_DMA  stm32g4xx_hal_uart.o
    0x08004028   0x08004028   0x000000a4   Code   RO         2893    i.UART_WaitOnFlagUntilTimeout  stm32g4xx_hal_uart.o
    0x080040cc   0x080040cc   0x00000018   Code   RO          604    i.USART1_IRQHandler  stm32g4xx_it.o
    0x080040e4   0x080040e4   0x00000084   Code   RO          531    i.USAR_UART_IDLECallback  usart.o
    0x08004168   0x08004168   0x00000038   Code   RO          532    i.USER_UART_IRQHandler  usart.o
    0x080041a0   0x080041a0   0x00000002   Code   RO          605    i.UsageFault_Handler  stm32g4xx_it.o
    0x080041a2   0x080041a2   0x00000002   PAD
    0x080041a4   0x080041a4   0x00000020   Code   RO         5166    i.__0printf         mc_w.l(printfa.o)
    0x080041c4   0x080041c4   0x00000030   Code   RO         5266    i.__ARM_fpclassify  m_wm.l(fpclassify.o)
    0x080041f4   0x080041f4   0x00000026   Code   RO         5268    i.__ARM_fpclassifyf  m_wm.l(fpclassifyf.o)
    0x0800421a   0x0800421a   0x00000020   Code   RO         2192    i.__NVIC_SetPriority  stm32g4xx_hal_cortex.o
    0x0800423a   0x0800423a   0x00000002   PAD
    0x0800423c   0x0800423c   0x000000f8   Code   RO         3902    i.__ai_math_dot_array_opt  NetworkRuntime700_CM4_Keil.lib(layers_conv2d_generic_float.o)
    0x08004334   0x08004334   0x00000004   PAD
    0x08004338   0x08004338   0x000002d8   Code   RO         4678    i.__hardfp_atan     m_wm.l(atan.o)
    0x08004610   0x08004610   0x00000200   Code   RO         4692    i.__hardfp_atan2    m_wm.l(atan2.o)
    0x08004810   0x08004810   0x000001e8   Code   RO         4770    i.__hardfp_expf     m_wm.l(expf.o)
    0x080049f8   0x080049f8   0x00000014   Code   RO         4784    i.__hardfp_fabs     m_wm.l(fabs.o)
    0x08004a0c   0x08004a0c   0x00000004   PAD
    0x08004a10   0x08004a10   0x00000c50   Code   RO         4822    i.__hardfp_pow      m_wm.l(pow.o)
    0x08005660   0x08005660   0x0000007a   Code   RO         4874    i.__hardfp_sqrt     m_wm.l(sqrt.o)
    0x080056da   0x080056da   0x000000f8   Code   RO         5291    i.__kernel_poly     m_wm.l(poly.o)
    0x080057d2   0x080057d2   0x00000006   PAD
    0x080057d8   0x080057d8   0x00000030   Code   RO         5252    i.__mathlib_dbl_divzero  m_wm.l(dunder.o)
    0x08005808   0x08005808   0x00000014   Code   RO         5253    i.__mathlib_dbl_infnan  m_wm.l(dunder.o)
    0x0800581c   0x0800581c   0x00000014   Code   RO         5254    i.__mathlib_dbl_infnan2  m_wm.l(dunder.o)
    0x08005830   0x08005830   0x00000020   Code   RO         5255    i.__mathlib_dbl_invalid  m_wm.l(dunder.o)
    0x08005850   0x08005850   0x00000020   Code   RO         5256    i.__mathlib_dbl_overflow  m_wm.l(dunder.o)
    0x08005870   0x08005870   0x00000020   Code   RO         5258    i.__mathlib_dbl_underflow  m_wm.l(dunder.o)
    0x08005890   0x08005890   0x00000006   Code   RO         5271    i.__mathlib_flt_infnan  m_wm.l(funder.o)
    0x08005896   0x08005896   0x00000002   PAD
    0x08005898   0x08005898   0x00000010   Code   RO         5274    i.__mathlib_flt_overflow  m_wm.l(funder.o)
    0x080058a8   0x080058a8   0x00000010   Code   RO         5276    i.__mathlib_flt_underflow  m_wm.l(funder.o)
    0x080058b8   0x080058b8   0x0000000e   Code   RO         5364    i.__scatterload_copy  mc_w.l(handlers.o)
    0x080058c6   0x080058c6   0x00000002   Code   RO         5365    i.__scatterload_null  mc_w.l(handlers.o)
    0x080058c8   0x080058c8   0x0000000e   Code   RO         5366    i.__scatterload_zeroinit  mc_w.l(handlers.o)
    0x080058d6   0x080058d6   0x00000002   PAD
    0x080058d8   0x080058d8   0x0000000c   Code   RO         5338    i.__set_errno       mc_w.l(errno.o)
    0x080058e4   0x080058e4   0x00000012   Code   RO         4562    i._ai_forward_layer  NetworkRuntime700_CM4_Keil.lib(layers.o)
    0x080058f6   0x080058f6   0x00000004   Code   RO         3830    i._ai_platform_acquire_crc  NetworkRuntime700_CM4_Keil.lib(ai_platform_interface.o)
    0x080058fa   0x080058fa   0x000000aa   Code   RO         3831    i._ai_platform_get_io_buffers_info  NetworkRuntime700_CM4_Keil.lib(ai_platform_interface.o)
    0x080059a4   0x080059a4   0x00000002   Code   RO         3832    i._ai_platform_release_crc  NetworkRuntime700_CM4_Keil.lib(ai_platform_interface.o)
    0x080059a6   0x080059a6   0x00000002   PAD
    0x080059a8   0x080059a8   0x00000184   Code   RO         5173    i._fp_digits        mc_w.l(printfa.o)
    0x08005b2c   0x08005b2c   0x0000003e   Code   RO         3833    i._platform_ai_buffer_array_copy  NetworkRuntime700_CM4_Keil.lib(ai_platform_interface.o)
    0x08005b6a   0x08005b6a   0x00000002   PAD
    0x08005b6c   0x08005b6c   0x00000050   Code   RO         3834    i._platform_get_table_map_from_buffer  NetworkRuntime700_CM4_Keil.lib(ai_platform_interface.o)
    0x08005bbc   0x08005bbc   0x0000020c   Code   RO         3835    i._platform_network_io_bind  NetworkRuntime700_CM4_Keil.lib(ai_platform_interface.o)
    0x08005dc8   0x08005dc8   0x00000038   Code   RO         3836    i._platform_network_state_setup  NetworkRuntime700_CM4_Keil.lib(ai_platform_interface.o)
    0x08005e00   0x08005e00   0x00000068   Code   RO         3837    i._platform_network_state_update_input  NetworkRuntime700_CM4_Keil.lib(ai_platform_interface.o)
    0x08005e68   0x08005e68   0x00000080   Code   RO         3838    i._platform_network_state_update_output  NetworkRuntime700_CM4_Keil.lib(ai_platform_interface.o)
    0x08005ee8   0x08005ee8   0x000006b4   Code   RO         5174    i._printf_core      mc_w.l(printfa.o)
    0x0800659c   0x0800659c   0x00000024   Code   RO         5175    i._printf_post_padding  mc_w.l(printfa.o)
    0x080065c0   0x080065c0   0x0000002e   Code   RO         5176    i._printf_pre_padding  mc_w.l(printfa.o)
    0x080065ee   0x080065ee   0x0000003e   Code   RO         4107    i.ai_array_get_byte_size  NetworkRuntime700_CM4_Keil.lib(ai_datatypes_format.o)
    0x0800662c   0x0800662c   0x00000114   Code   RO         4110    i.ai_array_to_buffer_fmt  NetworkRuntime700_CM4_Keil.lib(ai_datatypes_format.o)
    0x08006740   0x08006740   0x000000a8   Code   RO         3738    i.ai_boostrap       app_x-cube-ai.o
    0x080067e8   0x080067e8   0x0000002c   Code   RO         4563    i.ai_check_custom_types  NetworkRuntime700_CM4_Keil.lib(layers.o)
    0x08006814   0x08006814   0x0000012c   Code   RO         3907    i.ai_dict4_dot_array_f32  NetworkRuntime700_CM4_Keil.lib(layers_conv2d_generic_float.o)
    0x08006940   0x08006940   0x000000e8   Code   RO         3908    i.ai_dict8_dot_array_f32  NetworkRuntime700_CM4_Keil.lib(layers_conv2d_generic_float.o)
    0x08006a28   0x08006a28   0x0000004e   Code   RO         4567    i.ai_layers_forward_all  NetworkRuntime700_CM4_Keil.lib(layers.o)
    0x08006a76   0x08006a76   0x0000001e   Code   RO         4568    i.ai_layers_init_all  NetworkRuntime700_CM4_Keil.lib(layers.o)
    0x08006a94   0x08006a94   0x00000036   Code   RO         4569    i.ai_layers_post_init_all  NetworkRuntime700_CM4_Keil.lib(layers.o)
    0x08006aca   0x08006aca   0x00000002   PAD
    0x08006acc   0x08006acc   0x00000080   Code   RO         3739    i.ai_log_err        app_x-cube-ai.o
    0x08006b4c   0x08006b4c   0x00000018   Code   RO         3428    i.ai_network2_create  network2.o
    0x08006b64   0x08006b64   0x00000008   Code   RO         3700    i.ai_network2_data_weights_get  network2_data.o
    0x08006b6c   0x08006b6c   0x00000004   Code   RO         3431    i.ai_network2_get_error  network2.o
    0x08006b70   0x08006b70   0x00000058   Code   RO         3432    i.ai_network2_get_info  network2.o
    0x08006bc8   0x08006bc8   0x00000030   Code   RO         3434    i.ai_network2_init  network2.o
    0x08006bf8   0x08006bf8   0x00000004   Code   RO         3435    i.ai_network2_run   network2.o
    0x08006bfc   0x08006bfc   0x00000124   Code   RO         3840    i.ai_platform_api_get_network_report  NetworkRuntime700_CM4_Keil.lib(ai_platform_interface.o)
    0x08006d20   0x08006d20   0x00000014   Code   RO         3841    i.ai_platform_api_get_version  NetworkRuntime700_CM4_Keil.lib(ai_platform_interface.o)
    0x08006d34   0x08006d34   0x0000001c   Code   RO         3843    i.ai_platform_context_acquire  NetworkRuntime700_CM4_Keil.lib(ai_platform_interface.o)
    0x08006d50   0x08006d50   0x00000010   Code   RO         3845    i.ai_platform_get_activations_map  NetworkRuntime700_CM4_Keil.lib(ai_platform_interface.o)
    0x08006d60   0x08006d60   0x0000000e   Code   RO         3846    i.ai_platform_get_weights_map  NetworkRuntime700_CM4_Keil.lib(ai_platform_interface.o)
    0x08006d6e   0x08006d6e   0x00000002   PAD
    0x08006d70   0x08006d70   0x00000014   Code   RO         3847    i.ai_platform_interface_api_get_version  NetworkRuntime700_CM4_Keil.lib(ai_platform_interface.o)
    0x08006d84   0x08006d84   0x000000f0   Code   RO         3848    i.ai_platform_network_create  NetworkRuntime700_CM4_Keil.lib(ai_platform_interface.o)
    0x08006e74   0x08006e74   0x0000001c   Code   RO         3850    i.ai_platform_network_get_error  NetworkRuntime700_CM4_Keil.lib(ai_platform_interface.o)
    0x08006e90   0x08006e90   0x000000bc   Code   RO         3851    i.ai_platform_network_init  NetworkRuntime700_CM4_Keil.lib(ai_platform_interface.o)
    0x08006f4c   0x08006f4c   0x00000046   Code   RO         3852    i.ai_platform_network_post_init  NetworkRuntime700_CM4_Keil.lib(ai_platform_interface.o)
    0x08006f92   0x08006f92   0x00000054   Code   RO         3853    i.ai_platform_network_process  NetworkRuntime700_CM4_Keil.lib(ai_platform_interface.o)
    0x08006fe6   0x08006fe6   0x0000000c   Code   RO         3854    i.ai_platform_network_set_error  NetworkRuntime700_CM4_Keil.lib(ai_platform_interface.o)
    0x08006ff2   0x08006ff2   0x00000002   PAD
    0x08006ff4   0x08006ff4   0x00000010   Code   RO         3860    i.ai_platform_runtime_get_revision  NetworkRuntime700_CM4_Keil.lib(ai_platform_interface.o)
    0x08007004   0x08007004   0x00000014   Code   RO         3861    i.ai_platform_runtime_get_version  NetworkRuntime700_CM4_Keil.lib(ai_platform_interface.o)
    0x08007018   0x08007018   0x0000001a   Code   RO         3941    i.ai_shape_get_size  NetworkRuntime700_CM4_Keil.lib(layers_nl_generic_float.o)
    0x08007032   0x08007032   0x00000010   Code   RO         4680    i.atan              m_wm.l(atan.o)
    0x08007042   0x08007042   0x0000000c   Code   RO         4578    i.core_get_error    NetworkRuntime700_CM4_Keil.lib(core_common.o)
    0x0800704e   0x0800704e   0x00000004   Code   RO         4579    i.core_init         NetworkRuntime700_CM4_Keil.lib(core_common.o)
    0x08007052   0x08007052   0x0000001a   Code   RO         4580    i.core_set_error    NetworkRuntime700_CM4_Keil.lib(core_common.o)
    0x0800706c   0x0800706c   0x00000018   Code   RO         4786    i.fabs              m_wm.l(fabs.o)
    0x08007084   0x08007084   0x000001e0   Code   RO         3916    i.forward_dense     NetworkRuntime700_CM4_Keil.lib(layers_conv2d_generic_float.o)
    0x08007264   0x08007264   0x0000005e   Code   RO         3969    i.forward_sigmoid   NetworkRuntime700_CM4_Keil.lib(layers_nl_generic_float.o)
    0x080072c2   0x080072c2   0x00000002   PAD
    0x080072c4   0x080072c4   0x00000018   Code   RO          533    i.fputc             usart.o
    0x080072dc   0x080072dc   0x00000100   Code   RO          315    i.main              main.o
    0x080073dc   0x080073dc   0x00000032   Code   RO         3740    i.max               app_x-cube-ai.o
    0x0800740e   0x0800740e   0x00000002   PAD
    0x08007410   0x08007410   0x00000030   Code   RO         3741    i.mean              app_x-cube-ai.o
    0x08007440   0x08007440   0x00000058   Code   RO         3436    i.network2_configure_activations  network2.o
    0x08007498   0x08007498   0x000000c0   Code   RO         3437    i.network2_configure_weights  network2.o
    0x08007558   0x08007558   0x00000048   Code   RO         4009    i.nl_func_sigmoid_array_f32  NetworkRuntime700_CM4_Keil.lib(layers_nl_generic_float.o)
    0x080075a0   0x080075a0   0x0000006e   Code   RO         4876    i.sqrt              m_wm.l(sqrt.o)
    0x0800760e   0x0800760e   0x00000002   PAD
    0x08007610   0x08007610   0x00000074   Code   RO         3743    i.var               app_x-cube-ai.o
    0x08007684   0x08007684   0x00000018   Data   RO         2894    .constdata          stm32g4xx_hal_uart.o
    0x0800769c   0x0800769c   0x00000010   Data   RO         3259    .constdata          stm32g4xx_hal_uart_ex.o
    0x080076ac   0x080076ac   0x00000010   Data   RO         3395    .constdata          system_stm32g4xx.o
    0x080076bc   0x080076bc   0x00000008   Data   RO         3396    .constdata          system_stm32g4xx.o
    0x080076c4   0x080076c4   0x00000008   Data   RO         3442    .constdata          network2.o
    0x080076cc   0x080076cc   0x00000008   Data   RO         3443    .constdata          network2.o
    0x080076d4   0x080076d4   0x00000008   Data   RO         3444    .constdata          network2.o
    0x080076dc   0x080076dc   0x00000008   Data   RO         3445    .constdata          network2.o
    0x080076e4   0x080076e4   0x00000008   Data   RO         3446    .constdata          network2.o
    0x080076ec   0x080076ec   0x00000008   Data   RO         3447    .constdata          network2.o
    0x080076f4   0x080076f4   0x00000008   Data   RO         3448    .constdata          network2.o
    0x080076fc   0x080076fc   0x000000e8   Data   RO         3449    .constdata          network2.o
    0x080077e4   0x080077e4   0x0000001c   PAD
    0x08007800   0x08007800   0x00000c88   Data   RO         3701    .constdata          network2_data.o
    0x08008488   0x08008488   0x0000001c   Data   RO         3702    .constdata          network2_data.o
    0x080084a4   0x080084a4   0x00000060   Data   RO         3745    .constdata          app_x-cube-ai.o
    0x08008504   0x08008504   0x00000038   Data   RO         3862    .constdata          NetworkRuntime700_CM4_Keil.lib(ai_platform_interface.o)
    0x0800853c   0x0800853c   0x00000004   PAD
    0x08008540   0x08008540   0x00000098   Data   RO         4681    .constdata          m_wm.l(atan.o)
    0x080085d8   0x080085d8   0x00000030   Data   RO         4773    .constdata          m_wm.l(expf.o)
    0x08008608   0x08008608   0x00000088   Data   RO         4825    .constdata          m_wm.l(pow.o)
    0x08008690   0x08008690   0x00000008   Data   RO         5293    .constdata          m_wm.l(qnan.o)
    0x08008698   0x08008698   0x0000009c   Data   RO           27    .conststring        bc20.o
    0x08008734   0x08008734   0x00000061   Data   RO         3450    .conststring        network2.o
    0x08008795   0x08008795   0x00000003   PAD
    0x08008798   0x08008798   0x00000020   Data   RO         5362    Region$$Table       anon$$obj.o


    Execution Region RW_IRAM1 (Exec base: 0x20000000, Load base: 0x080087b8, Size: 0x00011cc0, Max: 0x00020000, ABSOLUTE, COMPRESSED[0x000002e8])

    Exec Addr    Load Addr    Size         Type   Attr      Idx    E Section Name        Object

    0x20000000   COMPRESSED   0x00000001   Data   RW           28    .data               bc20.o
    0x20000001   COMPRESSED   0x00000007   PAD
    0x20000008   COMPRESSED   0x00000098   Data   RW          250    .data               mpu6050.o
    0x200000a0   COMPRESSED   0x00000001   Data   RW          320    .data               main.o
    0x200000a1   COMPRESSED   0x00000001   Data   RW          322    .data               main.o
    0x200000a2   COMPRESSED   0x00000002   PAD
    0x200000a4   COMPRESSED   0x0000000c   Data   RW          853    .data               stm32g4xx_hal.o
    0x200000b0   COMPRESSED   0x00000004   Data   RW         3397    .data               system_stm32g4xx.o
    0x200000b4   COMPRESSED   0x00000010   Data   RW         3451    .data               network2.o
    0x200000c4   COMPRESSED   0x00000010   Data   RW         3452    .data               network2.o
    0x200000d4   COMPRESSED   0x00000010   Data   RW         3453    .data               network2.o
    0x200000e4   COMPRESSED   0x00000010   Data   RW         3454    .data               network2.o
    0x200000f4   COMPRESSED   0x00000010   Data   RW         3455    .data               network2.o
    0x20000104   COMPRESSED   0x00000010   Data   RW         3456    .data               network2.o
    0x20000114   COMPRESSED   0x00000010   Data   RW         3457    .data               network2.o
    0x20000124   COMPRESSED   0x00000010   Data   RW         3458    .data               network2.o
    0x20000134   COMPRESSED   0x00000010   Data   RW         3459    .data               network2.o
    0x20000144   COMPRESSED   0x00000010   Data   RW         3460    .data               network2.o
    0x20000154   COMPRESSED   0x00000010   Data   RW         3461    .data               network2.o
    0x20000164   COMPRESSED   0x00000010   Data   RW         3462    .data               network2.o
    0x20000174   COMPRESSED   0x00000010   Data   RW         3463    .data               network2.o
    0x20000184   COMPRESSED   0x00000010   Data   RW         3464    .data               network2.o
    0x20000194   COMPRESSED   0x00000010   Data   RW         3465    .data               network2.o
    0x200001a4   COMPRESSED   0x00000010   Data   RW         3466    .data               network2.o
    0x200001b4   COMPRESSED   0x00000010   Data   RW         3467    .data               network2.o
    0x200001c4   COMPRESSED   0x00000010   Data   RW         3468    .data               network2.o
    0x200001d4   COMPRESSED   0x00000010   Data   RW         3469    .data               network2.o
    0x200001e4   COMPRESSED   0x00000010   Data   RW         3470    .data               network2.o
    0x200001f4   COMPRESSED   0x00000010   Data   RW         3471    .data               network2.o
    0x20000204   COMPRESSED   0x00000010   Data   RW         3472    .data               network2.o
    0x20000214   COMPRESSED   0x00000010   Data   RW         3473    .data               network2.o
    0x20000224   COMPRESSED   0x00000010   Data   RW         3474    .data               network2.o
    0x20000234   COMPRESSED   0x00000010   Data   RW         3475    .data               network2.o
    0x20000244   COMPRESSED   0x00000010   Data   RW         3476    .data               network2.o
    0x20000254   COMPRESSED   0x00000010   Data   RW         3477    .data               network2.o
    0x20000264   COMPRESSED   0x00000010   Data   RW         3478    .data               network2.o
    0x20000274   COMPRESSED   0x00000010   Data   RW         3479    .data               network2.o
    0x20000284   COMPRESSED   0x00000010   Data   RW         3480    .data               network2.o
    0x20000294   COMPRESSED   0x00000010   Data   RW         3481    .data               network2.o
    0x200002a4   COMPRESSED   0x00000010   Data   RW         3482    .data               network2.o
    0x200002b4   COMPRESSED   0x00000004   Data   RW         3483    .data               network2.o
    0x200002b8   COMPRESSED   0x00000004   Data   RW         3484    .data               network2.o
    0x200002bc   COMPRESSED   0x00000004   Data   RW         3485    .data               network2.o
    0x200002c0   COMPRESSED   0x00000004   Data   RW         3486    .data               network2.o
    0x200002c4   COMPRESSED   0x00000030   Data   RW         3487    .data               network2.o
    0x200002f4   COMPRESSED   0x00000004   Data   RW         3488    .data               network2.o
    0x200002f8   COMPRESSED   0x00000004   Data   RW         3489    .data               network2.o
    0x200002fc   COMPRESSED   0x00000008   Data   RW         3490    .data               network2.o
    0x20000304   COMPRESSED   0x00000004   Data   RW         3491    .data               network2.o
    0x20000308   COMPRESSED   0x00000030   Data   RW         3492    .data               network2.o
    0x20000338   COMPRESSED   0x00000004   Data   RW         3493    .data               network2.o
    0x2000033c   COMPRESSED   0x00000004   Data   RW         3494    .data               network2.o
    0x20000340   COMPRESSED   0x00000004   Data   RW         3495    .data               network2.o
    0x20000344   COMPRESSED   0x00000004   Data   RW         3496    .data               network2.o
    0x20000348   COMPRESSED   0x00000030   Data   RW         3497    .data               network2.o
    0x20000378   COMPRESSED   0x00000004   Data   RW         3498    .data               network2.o
    0x2000037c   COMPRESSED   0x00000004   Data   RW         3499    .data               network2.o
    0x20000380   COMPRESSED   0x00000008   Data   RW         3500    .data               network2.o
    0x20000388   COMPRESSED   0x00000004   Data   RW         3501    .data               network2.o
    0x2000038c   COMPRESSED   0x00000030   Data   RW         3502    .data               network2.o
    0x200003bc   COMPRESSED   0x00000004   Data   RW         3503    .data               network2.o
    0x200003c0   COMPRESSED   0x00000004   Data   RW         3504    .data               network2.o
    0x200003c4   COMPRESSED   0x00000004   Data   RW         3505    .data               network2.o
    0x200003c8   COMPRESSED   0x00000004   Data   RW         3506    .data               network2.o
    0x200003cc   COMPRESSED   0x00000030   Data   RW         3507    .data               network2.o
    0x200003fc   COMPRESSED   0x00000004   Data   RW         3508    .data               network2.o
    0x20000400   COMPRESSED   0x00000004   Data   RW         3509    .data               network2.o
    0x20000404   COMPRESSED   0x00000008   Data   RW         3510    .data               network2.o
    0x2000040c   COMPRESSED   0x00000004   Data   RW         3511    .data               network2.o
    0x20000410   COMPRESSED   0x00000030   Data   RW         3512    .data               network2.o
    0x20000440   COMPRESSED   0x00000004   Data   RW         3513    .data               network2.o
    0x20000444   COMPRESSED   0x00000004   Data   RW         3514    .data               network2.o
    0x20000448   COMPRESSED   0x00000008   Data   RW         3515    .data               network2.o
    0x20000450   COMPRESSED   0x00000004   Data   RW         3516    .data               network2.o
    0x20000454   COMPRESSED   0x00000030   Data   RW         3517    .data               network2.o
    0x20000484   COMPRESSED   0x00000018   Data   RW         3518    .data               network2.o
    0x2000049c   COMPRESSED   0x00000018   Data   RW         3519    .data               network2.o
    0x200004b4   COMPRESSED   0x00000004   Data   RW         3520    .data               network2.o
    0x200004b8   COMPRESSED   0x00000008   Data   RW         3521    .data               network2.o
    0x200004c0   COMPRESSED   0x0000000c   Data   RW         3522    .data               network2.o
    0x200004cc   COMPRESSED   0x00000004   Data   RW         3523    .data               network2.o
    0x200004d0   COMPRESSED   0x00000008   Data   RW         3524    .data               network2.o
    0x200004d8   COMPRESSED   0x0000000c   Data   RW         3525    .data               network2.o
    0x200004e4   COMPRESSED   0x00000018   Data   RW         3526    .data               network2.o
    0x200004fc   COMPRESSED   0x00000148   Data   RW         3527    .data               network2.o
    0x20000644   COMPRESSED   0x0000001c   Data   RW         3528    .data               network2.o
    0x20000660   COMPRESSED   0x0000001c   Data   RW         3529    .data               network2.o
    0x2000067c   COMPRESSED   0x0000001c   Data   RW         3530    .data               network2.o
    0x20000698   COMPRESSED   0x0000001c   Data   RW         3531    .data               network2.o
    0x200006b4   COMPRESSED   0x0000001c   Data   RW         3532    .data               network2.o
    0x200006d0   COMPRESSED   0x0000001c   Data   RW         3533    .data               network2.o
    0x200006ec   COMPRESSED   0x0000001c   Data   RW         3534    .data               network2.o
    0x20000708   COMPRESSED   0x0000001c   Data   RW         3535    .data               network2.o
    0x20000724   COMPRESSED   0x0000001c   Data   RW         3536    .data               network2.o
    0x20000740   COMPRESSED   0x0000001c   Data   RW         3537    .data               network2.o
    0x2000075c   COMPRESSED   0x0000001c   Data   RW         3538    .data               network2.o
    0x20000778   COMPRESSED   0x0000001c   Data   RW         3539    .data               network2.o
    0x20000794   COMPRESSED   0x0000001c   Data   RW         3540    .data               network2.o
    0x200007b0   COMPRESSED   0x0000001c   Data   RW         3541    .data               network2.o
    0x200007cc   COMPRESSED   0x0000001c   Data   RW         3542    .data               network2.o
    0x200007e8   COMPRESSED   0x0000001c   Data   RW         3543    .data               network2.o
    0x20000804   COMPRESSED   0x00000020   Data   RW         3544    .data               network2.o
    0x20000824   COMPRESSED   0x0000001c   Data   RW         3545    .data               network2.o
    0x20000840   COMPRESSED   0x00000020   Data   RW         3546    .data               network2.o
    0x20000860   COMPRESSED   0x0000001c   Data   RW         3547    .data               network2.o
    0x2000087c   COMPRESSED   0x00000020   Data   RW         3548    .data               network2.o
    0x2000089c   COMPRESSED   0x0000001c   Data   RW         3549    .data               network2.o
    0x200008b8   COMPRESSED   0x0000001c   Data   RW         3550    .data               network2.o
    0x200008d4   COMPRESSED   0x00000018   Data   RW         3703    .data               network2_data.o
    0x200008ec   COMPRESSED   0x00000018   Data   RW         3704    .data               network2_data.o
    0x20000904   COMPRESSED   0x00000044   Data   RW         3746    .data               app_x-cube-ai.o
    0x20000948   COMPRESSED   0x00000004   Data   RW         5325    .data               mc_w.l(stdout.o)
    0x2000094c   COMPRESSED   0x00000004   Data   RW         5339    .data               mc_w.l(errno.o)
    0x20000950        -       0x00000058   Zero   RW          316    .bss                main.o
    0x200009a8        -       0x00000400   Zero   RW          318    .bss                main.o
    0x20000da8        -       0x00000800   Zero   RW          319    .bss                main.o
    0x200015a8        -       0x00000024   Zero   RW          422    .bss                crc.o
    0x200015cc        -       0x0000004c   Zero   RW          488    .bss                i2c.o
    0x20001618        -       0x00000180   Zero   RW          534    .bss                usart.o
    0x20001798        -       0x00000018   Zero   RW         3438    .bss                network2.o
    0x200017b0        -       0x00000010   Zero   RW         3439    .bss                network2.o
    0x200017c0        -       0x00000018   Zero   RW         3440    .bss                network2.o
    0x200017d8        -       0x00000010   Zero   RW         3441    .bss                network2.o
    0x200017e8        -       0x0000fcd4   Zero   RW         3744    .bss                app_x-cube-ai.o
    0x200114bc   COMPRESSED   0x00000004   PAD
    0x200114c0        -       0x00000800   Zero   RW            1    STACK               startup_stm32g474xx.o


==============================================================================

Image component sizes


      Code (inc. data)   RO Data    RW Data    ZI Data      Debug   Object Name

      1398        330         96         68      64724      18435   app_x-cube-ai.o
       968        502        156          1          0     806229   bc20.o
        88         18          0          0         36       1555   crc.o
        60          4          0          0          0        822   dma.o
       236         18          0          0          0       1019   gpio.o
       188         22          0          0         76       1729   i2c.o
       428        136          0          2       3160       4109   main.o
      1324         78          0        152          0       4582   mpu6050.o
       448         22        385       2080         80      47633   network2.o
         8          4       3236         48          0      13000   network2_data.o
        36          8        472          0       2048        840   startup_stm32g474xx.o
       162         24          0         12          0       4361   stm32g4xx_hal.o
       198         14          0          0          0      33887   stm32g4xx_hal_cortex.o
       116          4          0          0          0       1167   stm32g4xx_hal_crc.o
        78          0          0          0          0       1275   stm32g4xx_hal_crc_ex.o
       910         30          0          0          0       7209   stm32g4xx_hal_dma.o
       490         40          0          0          0       3091   stm32g4xx_hal_gpio.o
      1538         40          0          0          0      11802   stm32g4xx_hal_i2c.o
       168          0          0          0          0       1935   stm32g4xx_hal_i2c_ex.o
        48          6          0          0          0        874   stm32g4xx_hal_msp.o
       204         18          0          0          0       1417   stm32g4xx_hal_pwr_ex.o
      1696         92          0          0          0       6016   stm32g4xx_hal_rcc.o
       768         10          0          0          0       1972   stm32g4xx_hal_rcc_ex.o
      2710        106         24          0          0      36259   stm32g4xx_hal_uart.o
       288          6         16          0          0       5406   stm32g4xx_hal_uart_ex.o
        64         12          0          0          0       5712   stm32g4xx_it.o
        16          4         24          4          0       1147   system_stm32g4xx.o
       648        118          0          0        384       4603   usart.o

    ----------------------------------------------------------------------
     15306       1666       4472       2376      70512    1028086   Object Totals
         0          0         32          0          0          0   (incl. Generated)
        22          0         31          9          4          0   (incl. Padding)

    ----------------------------------------------------------------------

      Code (inc. data)   RO Data    RW Data    ZI Data      Debug   Library Member Name

       338         54          0          0          0        244   ai_datatypes_format.o
      2286        104         56          0          0       3040   ai_platform_interface.o
        42          0          0          0          0        348   core_common.o
       224          6          0          0          0        624   layers.o
      1260         20          0          0          0        540   layers_conv2d_generic_float.o
       192          0          0          0          0        392   layers_nl_generic_float.o
       744        106        152          0          0        352   atan.o
       512         64          0          0          0        208   atan2.o
       184         44          0          0          0        744   dunder.o
       488         62         48          0          0        236   expf.o
        44          0          0          0          0        248   fabs.o
        48          0          0          0          0        124   fpclassify.o
        38          0          0          0          0        116   fpclassifyf.o
        38         12          0          0          0        348   funder.o
       248          0          0          0          0        152   poly.o
      3152        296        136          0          0        352   pow.o
         0          0          8          0          0          0   qnan.o
       232          0          0          0          0        296   sqrt.o
        86          0          0          0          0          0   __dczerorl2.o
         0          0          0          0          0          0   entry.o
         0          0          0          0          0          0   entry10a.o
         0          0          0          0          0          0   entry11a.o
         4          0          0          0          0          0   entry12b.o
         8          4          0          0          0          0   entry2.o
         4          0          0          0          0          0   entry5.o
         0          0          0          0          0          0   entry7b.o
         0          0          0          0          0          0   entry8b.o
         8          4          0          0          0          0   entry9a.o
        12          6          0          4          0         68   errno.o
        30          0          0          0          0          0   handlers.o
        36          8          0          0          0         68   init.o
         0          0          0          0          0          0   iusefp.o
        30          0          0          0          0         68   llshl.o
        36          0          0          0          0         68   llsshr.o
        32          0          0          0          0         68   llushr.o
        26          0          0          0          0         80   memcmp.o
        36          0          0          0          0         68   memcpya.o
        36          0          0          0          0        108   memseta.o
      2218         90          0          0          0        464   printfa.o
         0          0          0          4          0          0   stdout.o
        24          0          0          0          0         68   strcat.o
        14          0          0          0          0         68   strlen.o
        36          0          0          0          0         80   strstr.o
        44          0          0          0          0         80   uidiv.o
        98          0          0          0          0         92   uldiv.o
        48          0          0          0          0         68   cdcmple.o
        48          0          0          0          0         68   cdrcmple.o
        56          0          0          0          0         88   d2f.o
       334          0          0          0          0        148   dadd.o
       222          0          0          0          0        100   ddiv.o
       186          0          0          0          0        176   depilogue.o
        50          0          0          0          0         76   dfixui.o
        48          0          0          0          0         68   dfixul.o
        34          0          0          0          0         76   dflti.o
        26          0          0          0          0         76   dfltui.o
       228          0          0          0          0         96   dmul.o
        46          0          0          0          0         80   dscalb.o
       162          0          0          0          0        100   dsqrt.o
        38          0          0          0          0         68   f2d.o
       110          0          0          0          0        168   fepilogue.o

    ----------------------------------------------------------------------
     14562        884        404          8          0      11268   Library Totals
        38          4          4          0          0          0   (incl. Padding)

    ----------------------------------------------------------------------

      Code (inc. data)   RO Data    RW Data    ZI Data      Debug   Library Name

      4342        184         56          0          0       5188   NetworkRuntime700_CM4_Keil.lib
      5728        584        344          0          0       3176   m_wm.l
      2818        112          0          8          0       1448   mc_w.l
      1636          0          0          0          0       1456   mf_w.l

    ----------------------------------------------------------------------
     14562        884        404          8          0      11268   Library Totals

    ----------------------------------------------------------------------

==============================================================================


      Code (inc. data)   RO Data    RW Data    ZI Data      Debug   

     29868       2550       4876       2384      70512    1020378   Grand Totals
     29868       2550       4876        744      70512    1020378   ELF Image Totals (compressed)
     29868       2550       4876        744          0          0   ROM Totals

==============================================================================

    Total RO  Size (Code + RO Data)                34744 (  33.93kB)
    Total RW  Size (RW Data + ZI Data)             72896 (  71.19kB)
    Total ROM Size (Code + RO Data + RW Data)      35488 (  34.66kB)

==============================================================================

