Component: ARM Compiler 5.06 update 7 (build 960) Tool: armlink [4d3601]

==============================================================================

Section Cross References

    startup_stm32g474xx.o(RESET) refers to startup_stm32g474xx.o(STACK) for __initial_sp
    startup_stm32g474xx.o(RESET) refers to startup_stm32g474xx.o(.text) for Reset_Handler
    startup_stm32g474xx.o(RESET) refers to stm32g4xx_it.o(i.NMI_Handler) for NMI_Handler
    startup_stm32g474xx.o(RESET) refers to stm32g4xx_it.o(i.HardFault_Handler) for HardFault_Handler
    startup_stm32g474xx.o(RESET) refers to stm32g4xx_it.o(i.MemManage_Handler) for MemManage_Handler
    startup_stm32g474xx.o(RESET) refers to stm32g4xx_it.o(i.BusFault_Handler) for BusFault_Handler
    startup_stm32g474xx.o(RESET) refers to stm32g4xx_it.o(i.UsageFault_Handler) for UsageFault_Handler
    startup_stm32g474xx.o(RESET) refers to stm32g4xx_it.o(i.SVC_Handler) for SVC_Handler
    startup_stm32g474xx.o(RESET) refers to stm32g4xx_it.o(i.DebugMon_Handler) for DebugMon_Handler
    startup_stm32g474xx.o(RESET) refers to stm32g4xx_it.o(i.PendSV_Handler) for PendSV_Handler
    startup_stm32g474xx.o(RESET) refers to stm32g4xx_it.o(i.SysTick_Handler) for SysTick_Handler
    startup_stm32g474xx.o(RESET) refers to stm32g4xx_it.o(i.DMA1_Channel1_IRQHandler) for DMA1_Channel1_IRQHandler
    startup_stm32g474xx.o(RESET) refers to stm32g4xx_it.o(i.USART1_IRQHandler) for USART1_IRQHandler
    startup_stm32g474xx.o(RESET) refers to stm32g4xx_it.o(i.EXTI15_10_IRQHandler) for EXTI15_10_IRQHandler
    startup_stm32g474xx.o(RESET) refers to stm32g4xx_it.o(i.TIM6_DAC_IRQHandler) for TIM6_DAC_IRQHandler
    startup_stm32g474xx.o(RESET) refers to stm32g4xx_it.o(i.TIM7_DAC_IRQHandler) for TIM7_DAC_IRQHandler
    startup_stm32g474xx.o(RESET) refers to stm32g4xx_it.o(i.LPUART1_IRQHandler) for LPUART1_IRQHandler
    startup_stm32g474xx.o(.text) refers to system_stm32g4xx.o(i.SystemInit) for SystemInit
    startup_stm32g474xx.o(.text) refers to entry.o(.ARM.Collect$$$$00000000) for __main
    bc20.o(i.BC20_Clear) refers to memseta.o(.text) for __aeabi_memclr
    bc20.o(i.BC20_Clear) refers to main.o(.bss) for usart1_rx_buffer
    bc20.o(i.BC20_GNSS_GET) refers to memcpya.o(.text) for __aeabi_memcpy4
    bc20.o(i.BC20_GNSS_GET) refers to bc20.o(i.BC20_Clear) for BC20_Clear
    bc20.o(i.BC20_GNSS_GET) refers to bc20.o(i.BC20_SendCmd) for BC20_SendCmd
    bc20.o(i.BC20_GNSS_GET) refers to stm32g4xx_hal.o(i.HAL_Delay) for HAL_Delay
    bc20.o(i.BC20_GNSS_GET) refers to stm32g4xx_hal_uart.o(i.HAL_UART_Receive_DMA) for HAL_UART_Receive_DMA
    bc20.o(i.BC20_GNSS_GET) refers to strlen.o(.text) for strlen
    bc20.o(i.BC20_GNSS_GET) refers to stm32g4xx_hal_uart.o(i.HAL_UART_Transmit) for HAL_UART_Transmit
    bc20.o(i.BC20_GNSS_GET) refers to strstr.o(.text) for strstr
    bc20.o(i.BC20_GNSS_GET) refers to printfa.o(i.__0printf) for __2printf
    bc20.o(i.BC20_GNSS_GET) refers to main.o(.bss) for usart1_rx_buffer
    bc20.o(i.BC20_GNSS_GET) refers to usart.o(.bss) for huart1
    bc20.o(i.BC20_GNSS_GET) refers to main.o(.data) for usart1_rx_flag
    bc20.o(i.BC20_GNSS_INIT) refers to bc20.o(i.BC20_Clear) for BC20_Clear
    bc20.o(i.BC20_GNSS_INIT) refers to bc20.o(i.BC20_SendCmd) for BC20_SendCmd
    bc20.o(i.BC20_GNSS_INIT) refers to printfa.o(i.__0printf) for __2printf
    bc20.o(i.BC20_GPS_Read_Data) refers to bc20.o(i.NMEA_BDS_GPRMC_Analysis) for NMEA_BDS_GPRMC_Analysis
    bc20.o(i.BC20_GPS_Read_Data) refers to main.o(.bss) for usart1_rx_buffer
    bc20.o(i.BC20_GPS_Read_Data) refers to main.o(.bss) for gpsmsg
    bc20.o(i.BC20_GPS_Read_Data) refers to main.o(.data) for BC20_GPS_Data
    bc20.o(i.BC20_Init) refers to printfa.o(i.__0printf) for __2printf
    bc20.o(i.BC20_Init) refers to bc20.o(i.BC20_RESTART) for BC20_RESTART
    bc20.o(i.BC20_Init) refers to bc20.o(i.BC20_SendCmd) for BC20_SendCmd
    bc20.o(i.BC20_Init) refers to stm32g4xx_hal.o(i.HAL_Delay) for HAL_Delay
    bc20.o(i.BC20_Init) refers to bc20.o(.data) for .data
    bc20.o(i.BC20_Init) refers to bc20.o(.conststring) for .conststring
    bc20.o(i.BC20_Init) refers to main.o(.data) for BC20flag
    bc20.o(i.BC20_MQTT_CHECK) refers to bc20.o(i.BC20_SendCmd) for BC20_SendCmd
    bc20.o(i.BC20_MQTT_CHECK) refers to bc20.o(i.BC20_Init) for BC20_Init
    bc20.o(i.BC20_RESET) refers to stm32g4xx_hal_gpio.o(i.HAL_GPIO_WritePin) for HAL_GPIO_WritePin
    bc20.o(i.BC20_RESET) refers to stm32g4xx_hal.o(i.HAL_Delay) for HAL_Delay
    bc20.o(i.BC20_RESET) refers to printfa.o(i.__0printf) for __2printf
    bc20.o(i.BC20_RESTART) refers to stm32g4xx_hal_gpio.o(i.HAL_GPIO_WritePin) for HAL_GPIO_WritePin
    bc20.o(i.BC20_RESTART) refers to stm32g4xx_hal.o(i.HAL_Delay) for HAL_Delay
    bc20.o(i.BC20_RESTART) refers to printfa.o(i.__0printf) for __2printf
    bc20.o(i.BC20_SendCmd) refers to strlen.o(.text) for strlen
    bc20.o(i.BC20_SendCmd) refers to stm32g4xx_hal_uart.o(i.HAL_UART_Transmit) for HAL_UART_Transmit
[...]
    HRTIM1_TIMB_IRQHandler                   0x0800020b   Thumb Code     0  startup_stm32g474xx.o(.text)
    HRTIM1_TIMC_IRQHandler                   0x0800020b   Thumb Code     0  startup_stm32g474xx.o(.text)
    HRTIM1_TIMD_IRQHandler                   0x0800020b   Thumb Code     0  startup_stm32g474xx.o(.text)
    HRTIM1_TIME_IRQHandler                   0x0800020b   Thumb Code     0  startup_stm32g474xx.o(.text)
    HRTIM1_TIMF_IRQHandler                   0x0800020b   Thumb Code     0  startup_stm32g474xx.o(.text)
    I2C1_ER_IRQHandler                       0x0800020b   Thumb Code     0  startup_stm32g474xx.o(.text)
    I2C1_EV_IRQHandler                       0x0800020b   Thumb Code     0  startup_stm32g474xx.o(.text)
    I2C2_ER_IRQHandler                       0x0800020b   Thumb Code     0  startup_stm32g474xx.o(.text)
    I2C2_EV_IRQHandler                       0x0800020b   Thumb Code     0  startup_stm32g474xx.o(.text)
    I2C3_ER_IRQHandler                       0x0800020b   Thumb Code     0  startup_stm32g474xx.o(.text)
    I2C3_EV_IRQHandler                       0x0800020b   Thumb Code     0  startup_stm32g474xx.o(.text)
    I2C4_ER_IRQHandler                       0x0800020b   Thumb Code     0  startup_stm32g474xx.o(.text)
    I2C4_EV_IRQHandler                       0x0800020b   Thumb Code     0  startup_stm32g474xx.o(.text)
    LPTIM1_IRQHandler                        0x0800020b   Thumb Code     0  startup_stm32g474xx.o(.text)
    PVD_PVM_IRQHandler                       0x0800020b   Thumb Code     0  startup_stm32g474xx.o(.text)
    QUADSPI_IRQHandler                       0x0800020b   Thumb Code     0  startup_stm32g474xx.o(.text)
    RCC_IRQHandler                           0x0800020b   Thumb Code     0  startup_stm32g474xx.o(.text)
    RNG_IRQHandler                           0x0800020b   Thumb Code     0  startup_stm32g474xx.o(.text)
    RTC_Alarm_IRQHandler                     0x0800020b   Thumb Code     0  startup_stm32g474xx.o(.text)
    RTC_TAMP_LSECSS_IRQHandler               0x0800020b   Thumb Code     0  startup_stm32g474xx.o(.text)
    RTC_WKUP_IRQHandler                      0x0800020b   Thumb Code     0  startup_stm32g474xx.o(.text)
    SAI1_IRQHandler                          0x0800020b   Thumb Code     0  startup_stm32g474xx.o(.text)
    SPI1_IRQHandler                          0x0800020b   Thumb Code     0  startup_stm32g474xx.o(.text)
    SPI2_IRQHandler                          0x0800020b   Thumb Code     0  startup_stm32g474xx.o(.text)
    SPI3_IRQHandler                          0x0800020b   Thumb Code     0  startup_stm32g474xx.o(.text)
    SPI4_IRQHandler                          0x0800020b   Thumb Code     0  startup_stm32g474xx.o(.text)
    TIM1_BRK_TIM15_IRQHandler                0x0800020b   Thumb Code     0  startup_stm32g474xx.o(.text)
    TIM1_CC_IRQHandler                       0x0800020b   Thumb Code     0  startup_stm32g474xx.o(.text)
    TIM1_TRG_COM_TIM17_IRQHandler            0x0800020b   Thumb Code     0  startup_stm32g474xx.o(.text)
    TIM1_UP_TIM16_IRQHandler                 0x0800020b   Thumb Code     0  startup_stm32g474xx.o(.text)
    TIM20_BRK_IRQHandler                     0x0800020b   Thumb Code     0  startup_stm32g474xx.o(.text)
    TIM20_CC_IRQHandler                      0x0800020b   Thumb Code     0  startup_stm32g474xx.o(.text)
    TIM20_TRG_COM_IRQHandler                 0x0800020b   Thumb Code     0  startup_stm32g474xx.o(.text)
    TIM20_UP_IRQHandler                      0x0800020b   Thumb Code     0  startup_stm32g474xx.o(.text)
    TIM2_IRQHandler                          0x0800020b   Thumb Code     0  startup_stm32g474xx.o(.text)
    TIM3_IRQHandler                          0x0800020b   Thumb Code     0  startup_stm32g474xx.o(.text)
    TIM4_IRQHandler                          0x0800020b   Thumb Code     0  startup_stm32g474xx.o(.text)
    TIM5_IRQHandler                          0x0800020b   Thumb Code     0  startup_stm32g474xx.o(.text)
    TIM8_BRK_IRQHandler                      0x0800020b   Thumb Code     0  startup_stm32g474xx.o(.text)
    TIM8_CC_IRQHandler                       0x0800020b   Thumb Code     0  startup_stm32g474xx.o(.text)
    TIM8_TRG_COM_IRQHandler                  0x0800020b   Thumb Code     0  startup_stm32g474xx.o(.text)
    TIM8_UP_IRQHandler                       0x0800020b   Thumb Code     0  startup_stm32g474xx.o(.text)
    UART4_IRQHandler                         0x0800020b   Thumb Code     0  startup_stm32g474xx.o(.text)
    UART5_IRQHandler                         0x0800020b   Thumb Code     0  startup_stm32g474xx.o(.text)
    UCPD1_IRQHandler                         0x0800020b   Thumb Code     0  startup_stm32g474xx.o(.text)
    USART2_IRQHandler                        0x0800020b   Thumb Code     0  startup_stm32g474xx.o(.text)
    USART3_IRQHandler                        0x0800020b   Thumb Code     0  startup_stm32g474xx.o(.text)
    USBWakeUp_IRQHandler                     0x0800020b   Thumb Code     0  startup_stm32g474xx.o(.text)
    USB_HP_IRQHandler                        0x0800020b   Thumb Code     0  startup_stm32g474xx.o(.text)
    USB_LP_IRQHandler                        0x0800020b   Thumb Code     0  startup_stm32g474xx.o(.text)
    WWDG_IRQHandler                          0x0800020b   Thumb Code     0  startup_stm32g474xx.o(.text)
    __aeabi_uldivmod                         0x08000215   Thumb Code    98  uldiv.o(.text)
    __aeabi_memcpy                           0x08000277   Thumb Code    36  memcpya.o(.text)
    __aeabi_memcpy4                          0x08000277   Thumb Code     0  memcpya.o(.text)
    __aeabi_memcpy8                          0x08000277   Thumb Code     0  memcpya.o(.text)
    __aeabi_memset                           0x0800029b   Thumb Code    14  memseta.o(.text)
    __aeabi_memset4                          0x0800029b   Thumb Code     0  memseta.o(.text)
    __aeabi_memset8                          0x0800029b   Thumb Code     0  memseta.o(.text)
    __aeabi_memclr                           0x080002a9   Thumb Code     4  memseta.o(.text)
    __aeabi_memclr4                          0x080002a9   Thumb Code     0  memseta.o(.text)
    __aeabi_memclr8                          0x080002a9   Thumb Code     0  memseta.o(.text)
    _memset$wrapper                          0x080002ad   Thumb Code    18  memseta.o(.text)
    strcat                                   0x080002bf   Thumb Code    24  strcat.o(.text)
    strstr                                   0x080002d7   Thumb Code    36  strstr.o(.text)
    strlen                                   0x080002fb   Thumb Code    14  strlen.o(.text)
    memcmp                                   0x08000309   Thumb Code    26  memcmp.o(.text)
    __aeabi_dadd                             0x08000323   Thumb Code   322  dadd.o(.text)
    __aeabi_dsub                             0x08000465   Thumb Code     6  dadd.o(.text)
    __aeabi_drsub                            0x0800046b   Thumb Code     6  dadd.o(.text)
    __aeabi_dmul                             0x08000471   Thumb Code   228  dmul.o(.text)
    __aeabi_ddiv                             0x08000555   Thumb Code   222  ddiv.o(.text)
    __aeabi_i2d                              0x08000633   Thumb Code    34  dflti.o(.text)
    __aeabi_ui2d                             0x08000655   Thumb Code    26  dfltui.o(.text)
    __aeabi_d2uiz                            0x0800066f   Thumb Code    50  dfixui.o(.text)
    __aeabi_f2d                              0x080006a1   Thumb Code    38  f2d.o(.text)
    __aeabi_cdcmpeq                          0x080006c9   Thumb Code     0  cdcmple.o(.text)
    __aeabi_cdcmple                          0x080006c9   Thumb Code    48  cdcmple.o(.text)
    __aeabi_cdrcmple                         0x080006f9   Thumb Code    48  cdrcmple.o(.text)
    __aeabi_d2f                              0x08000729   Thumb Code    56  d2f.o(.text)
    __aeabi_uidiv                            0x08000761   Thumb Code     0  uidiv.o(.text)
    __aeabi_uidivmod                         0x08000761   Thumb Code    44  uidiv.o(.text)
    __aeabi_llsl                             0x0800078d   Thumb Code    30  llshl.o(.text)
    _ll_shift_l                              0x0800078d   Thumb Code     0  llshl.o(.text)
    __aeabi_llsr                             0x080007ab   Thumb Code    32  llushr.o(.text)
    _ll_ushift_r                             0x080007ab   Thumb Code     0  llushr.o(.text)
    __aeabi_lasr                             0x080007cb   Thumb Code    36  llsshr.o(.text)
    _ll_sshift_r                             0x080007cb   Thumb Code     0  llsshr.o(.text)
    __I$use$fp                               0x080007ef   Thumb Code     0  iusefp.o(.text)
    _float_round                             0x080007ef   Thumb Code    18  fepilogue.o(.text)
    _float_epilogue                          0x08000801   Thumb Code    92  fepilogue.o(.text)
    _double_round                            0x0800085d   Thumb Code    30  depilogue.o(.text)
    _double_epilogue                         0x0800087b   Thumb Code   156  depilogue.o(.text)
    __ARM_scalbn                             0x08000917   Thumb Code    46  dscalb.o(.text)
    scalbn                                   0x08000917   Thumb Code     0  dscalb.o(.text)
    _dsqrt                                   0x08000945   Thumb Code   162  dsqrt.o(.text)
    __aeabi_d2ulz                            0x080009e7   Thumb Code    48  dfixul.o(.text)
    __scatterload                            0x08000a19   Thumb Code    28  init.o(.text)
    __scatterload_rt2                        0x08000a19   Thumb Code     0  init.o(.text)
    __decompress                             0x08000a3d   Thumb Code     0  __dczerorl2.o(.text)
    __decompress1                            0x08000a3d   Thumb Code    86  __dczerorl2.o(.text)
    BC20_Clear                               0x08000a95   Thumb Code    10  bc20.o(i.BC20_Clear)
    BC20_GNSS_INIT                           0x08000aa5   Thumb Code    76  bc20.o(i.BC20_GNSS_INIT)
    BC20_Init                                0x08000b69   Thumb Code   236  bc20.o(i.BC20_Init)
    BC20_RESTART                             0x08000d55   Thumb Code    30  bc20.o(i.BC20_RESTART)
    BC20_SendCmd                             0x08000d85   Thumb Code   132  bc20.o(i.BC20_SendCmd)
    BC20_SendMes                             0x08000e79   Thumb Code    64  bc20.o(i.BC20_SendMes)
    BusFault_Handler                         0x08000ec9   Thumb Code     2  stm32g4xx_it.o(i.BusFault_Handler)
    DMA1_Channel1_IRQHandler                 0x08000f39   Thumb Code     6  stm32g4xx_it.o(i.DMA1_Channel1_IRQHandler)
    DebugMon_Handler                         0x08000fe7   Thumb Code     2  stm32g4xx_it.o(i.DebugMon_Handler)
    EXTI15_10_IRQHandler                     0x08000fe9   Thumb Code     8  stm32g4xx_it.o(i.EXTI15_10_IRQHandler)
    Error_Handler                            0x08000ff1   Thumb Code     4  main.o(i.Error_Handler)
    HAL_CRCEx_Polynomial_Set                 0x08000ff5   Thumb Code    78  stm32g4xx_hal_crc_ex.o(i.HAL_CRCEx_Polynomial_Set)
    HAL_CRC_Init                             0x08001045   Thumb Code   112  stm32g4xx_hal_crc.o(i.HAL_CRC_Init)
    HAL_CRC_MspInit                          0x080010b9   Thumb Code    30  crc.o(i.HAL_CRC_MspInit)
    HAL_DMA_Abort                            0x080010e1   Thumb Code   106  stm32g4xx_hal_dma.o(i.HAL_DMA_Abort)
    HAL_DMA_Abort_IT                         0x0800114b   Thumb Code   120  stm32g4xx_hal_dma.o(i.HAL_DMA_Abort_IT)
    HAL_DMA_GetError                         0x080011c3   Thumb Code     4  stm32g4xx_hal_dma.o(i.HAL_DMA_GetError)
    HAL_DMA_IRQHandler                       0x080011c7   Thumb Code   186  stm32g4xx_hal_dma.o(i.HAL_DMA_IRQHandler)
    HAL_DMA_Init                             0x08001281   Thumb Code   178  stm32g4xx_hal_dma.o(i.HAL_DMA_Init)
    HAL_DMA_Start_IT                         0x08001341   Thumb Code   140  stm32g4xx_hal_dma.o(i.HAL_DMA_Start_IT)
    HAL_Delay                                0x080013cd   Thumb Code    32  stm32g4xx_hal.o(i.HAL_Delay)
    HAL_GPIO_EXTI_Callback                   0x080013f1   Thumb Code    26  main.o(i.HAL_GPIO_EXTI_Callback)
    HAL_GPIO_EXTI_IRQHandler                 0x08001415   Thumb Code    18  stm32g4xx_hal_gpio.o(i.HAL_GPIO_EXTI_IRQHandler)
    HAL_GPIO_Init                            0x0800142d   Thumb Code   422  stm32g4xx_hal_gpio.o(i.HAL_GPIO_Init)
    HAL_GPIO_TogglePin                       0x080015f5   Thumb Code    16  stm32g4xx_hal_gpio.o(i.HAL_GPIO_TogglePin)
    HAL_GPIO_WritePin                        0x08001605   Thumb Code    10  stm32g4xx_hal_gpio.o(i.HAL_GPIO_WritePin)
    HAL_GetTick                              0x08001611   Thumb Code     6  stm32g4xx_hal.o(i.HAL_GetTick)
    HAL_I2CEx_ConfigAnalogFilter             0x0800161d   Thumb Code    86  stm32g4xx_hal_i2c_ex.o(i.HAL_I2CEx_ConfigAnalogFilter)
    HAL_I2CEx_ConfigDigitalFilter            0x08001673   Thumb Code    82  stm32g4xx_hal_i2c_ex.o(i.HAL_I2CEx_ConfigDigitalFilter)
    HAL_I2C_Init                             0x080016c5   Thumb Code   178  stm32g4xx_hal_i2c.o(i.HAL_I2C_Init)
    HAL_I2C_Mem_Read                         0x0800177d   Thumb Code   346  stm32g4xx_hal_i2c.o(i.HAL_I2C_Mem_Read)
    HAL_I2C_Mem_Write                        0x080018e1   Thumb Code   340  stm32g4xx_hal_i2c.o(i.HAL_I2C_Mem_Write)
    HAL_I2C_MspInit                          0x08001a39   Thumb Code    90  i2c.o(i.HAL_I2C_MspInit)
    HAL_IncTick                              0x08001a9d   Thumb Code    12  stm32g4xx_hal.o(i.HAL_IncTick)
    HAL_Init                                 0x08001aad   Thumb Code    30  stm32g4xx_hal.o(i.HAL_Init)
    HAL_InitTick                             0x08001acd   Thumb Code    58  stm32g4xx_hal.o(i.HAL_InitTick)
    HAL_MspInit                              0x08001b11   Thumb Code    42  stm32g4xx_hal_msp.o(i.HAL_MspInit)
    HAL_NVIC_EnableIRQ                       0x08001b41   Thumb Code    26  stm32g4xx_hal_cortex.o(i.HAL_NVIC_EnableIRQ)
    HAL_NVIC_SetPriority                     0x08001b5d   Thumb Code    60  stm32g4xx_hal_cortex.o(i.HAL_NVIC_SetPriority)
    HAL_NVIC_SetPriorityGrouping             0x08001b9d   Thumb Code    26  stm32g4xx_hal_cortex.o(i.HAL_NVIC_SetPriorityGrouping)
    HAL_PWREx_ControlVoltageScaling          0x08001bc1   Thumb Code   174  stm32g4xx_hal_pwr_ex.o(i.HAL_PWREx_ControlVoltageScaling)
    HAL_PWREx_DisableUCPDDeadBattery         0x08001c7d   Thumb Code    12  stm32g4xx_hal_pwr_ex.o(i.HAL_PWREx_DisableUCPDDeadBattery)
    HAL_RCCEx_PeriphCLKConfig                0x08001c8d   Thumb Code   758  stm32g4xx_hal_rcc_ex.o(i.HAL_RCCEx_PeriphCLKConfig)
    HAL_RCC_ClockConfig                      0x08001f8d   Thumb Code   444  stm32g4xx_hal_rcc.o(i.HAL_RCC_ClockConfig)
    HAL_RCC_GetPCLK1Freq                     0x08002169   Thumb Code    24  stm32g4xx_hal_rcc.o(i.HAL_RCC_GetPCLK1Freq)
    HAL_RCC_GetPCLK2Freq                     0x0800218d   Thumb Code    24  stm32g4xx_hal_rcc.o(i.HAL_RCC_GetPCLK2Freq)
    HAL_RCC_GetSysClockFreq                  0x080021b1   Thumb Code    98  stm32g4xx_hal_rcc.o(i.HAL_RCC_GetSysClockFreq)
    HAL_RCC_OscConfig                        0x08002221   Thumb Code  1036  stm32g4xx_hal_rcc.o(i.HAL_RCC_OscConfig)
    HAL_SYSTICK_Config                       0x0800262d   Thumb Code    40  stm32g4xx_hal_cortex.o(i.HAL_SYSTICK_Config)
    HAL_TIMEx_Break2Callback                 0x08002655   Thumb Code     2  stm32g4xx_hal_tim_ex.o(i.HAL_TIMEx_Break2Callback)
    HAL_TIMEx_BreakCallback                  0x08002657   Thumb Code     2  stm32g4xx_hal_tim_ex.o(i.HAL_TIMEx_BreakCallback)
    HAL_TIMEx_CommutCallback                 0x08002659   Thumb Code     2  stm32g4xx_hal_tim_ex.o(i.HAL_TIMEx_CommutCallback)
    HAL_TIMEx_DirectionChangeCallback        0x0800265b   Thumb Code     2  stm32g4xx_hal_tim_ex.o(i.HAL_TIMEx_DirectionChangeCallback)
    HAL_TIMEx_EncoderIndexCallback           0x0800265d   Thumb Code     2  stm32g4xx_hal_tim_ex.o(i.HAL_TIMEx_EncoderIndexCallback)
    HAL_TIMEx_IndexErrorCallback             0x0800265f   Thumb Code     2  stm32g4xx_hal_tim_ex.o(i.HAL_TIMEx_IndexErrorCallback)
    HAL_TIMEx_MasterConfigSynchronization    0x08002661   Thumb Code   150  stm32g4xx_hal_tim_ex.o(i.HAL_TIMEx_MasterConfigSynchronization)
    HAL_TIMEx_TransitionErrorCallback        0x08002719   Thumb Code     2  stm32g4xx_hal_tim_ex.o(i.HAL_TIMEx_TransitionErrorCallback)
    HAL_TIM_Base_Init                        0x0800271b   Thumb Code    98  stm32g4xx_hal_tim.o(i.HAL_TIM_Base_Init)
    HAL_TIM_Base_MspInit                     0x0800277d   Thumb Code    86  tim.o(i.HAL_TIM_Base_MspInit)
    HAL_TIM_Base_Start_IT                    0x080027e1   Thumb Code   106  stm32g4xx_hal_tim.o(i.HAL_TIM_Base_Start_IT)
    HAL_TIM_IC_CaptureCallback               0x0800286d   Thumb Code     2  stm32g4xx_hal_tim.o(i.HAL_TIM_IC_CaptureCallback)
    HAL_TIM_IRQHandler                       0x0800286f   Thumb Code   508  stm32g4xx_hal_tim.o(i.HAL_TIM_IRQHandler)
    HAL_TIM_OC_DelayElapsedCallback          0x08002a6b   Thumb Code     2  stm32g4xx_hal_tim.o(i.HAL_TIM_OC_DelayElapsedCallback)
    HAL_TIM_PWM_PulseFinishedCallback        0x08002a6d   Thumb Code     2  stm32g4xx_hal_tim.o(i.HAL_TIM_PWM_PulseFinishedCallback)
    HAL_TIM_PeriodElapsedCallback            0x08002a71   Thumb Code   360  main.o(i.HAL_TIM_PeriodElapsedCallback)
    HAL_TIM_TriggerCallback                  0x08002c09   Thumb Code     2  stm32g4xx_hal_tim.o(i.HAL_TIM_TriggerCallback)
    HAL_UARTEx_DisableFifoMode               0x08002c0b   Thumb Code    62  stm32g4xx_hal_uart_ex.o(i.HAL_UARTEx_DisableFifoMode)
    HAL_UARTEx_RxEventCallback               0x08002c49   Thumb Code     2  stm32g4xx_hal_uart.o(i.HAL_UARTEx_RxEventCallback)
    HAL_UARTEx_RxFifoFullCallback            0x08002c4b   Thumb Code     2  stm32g4xx_hal_uart_ex.o(i.HAL_UARTEx_RxFifoFullCallback)
    HAL_UARTEx_SetRxFifoThreshold            0x08002c4d   Thumb Code    76  stm32g4xx_hal_uart_ex.o(i.HAL_UARTEx_SetRxFifoThreshold)
    HAL_UARTEx_SetTxFifoThreshold            0x08002c99   Thumb Code    76  stm32g4xx_hal_uart_ex.o(i.HAL_UARTEx_SetTxFifoThreshold)
    HAL_UARTEx_TxFifoEmptyCallback           0x08002ce5   Thumb Code     2  stm32g4xx_hal_uart_ex.o(i.HAL_UARTEx_TxFifoEmptyCallback)
    HAL_UARTEx_WakeupCallback                0x08002ce7   Thumb Code     2  stm32g4xx_hal_uart_ex.o(i.HAL_UARTEx_WakeupCallback)
    HAL_UART_DMAStop                         0x08002ce9   Thumb Code   120  stm32g4xx_hal_uart.o(i.HAL_UART_DMAStop)
    HAL_UART_ErrorCallback                   0x08002d61   Thumb Code     2  stm32g4xx_hal_uart.o(i.HAL_UART_ErrorCallback)
    HAL_UART_IRQHandler                      0x08002d65   Thumb Code   632  stm32g4xx_hal_uart.o(i.HAL_UART_IRQHandler)
    HAL_UART_Init                            0x08002fe9   Thumb Code   106  stm32g4xx_hal_uart.o(i.HAL_UART_Init)
    HAL_UART_MspInit                         0x08003055   Thumb Code   218  usart.o(i.HAL_UART_MspInit)
    HAL_UART_Receive_DMA                     0x08003149   Thumb Code    70  stm32g4xx_hal_uart.o(i.HAL_UART_Receive_DMA)
    HAL_UART_RxCpltCallback                  0x08003195   Thumb Code     2  stm32g4xx_hal_uart.o(i.HAL_UART_RxCpltCallback)
    HAL_UART_RxHalfCpltCallback              0x08003197   Thumb Code     2  stm32g4xx_hal_uart.o(i.HAL_UART_RxHalfCpltCallback)
    HAL_UART_Transmit                        0x08003199   Thumb Code   188  stm32g4xx_hal_uart.o(i.HAL_UART_Transmit)
    HAL_UART_TxCpltCallback                  0x08003255   Thumb Code     2  stm32g4xx_hal_uart.o(i.HAL_UART_TxCpltCallback)
    HardFault_Handler                        0x08003257   Thumb Code     2  stm32g4xx_it.o(i.HardFault_Handler)
    Kalman_getAngle                          0x080034e9   Thumb Code   470  mpu6050.o(i.Kalman_getAngle)
    LPUART1_IRQHandler                       0x080036c1   Thumb Code     6  stm32g4xx_it.o(i.LPUART1_IRQHandler)
    MPU6050_Init                             0x080036cd   Thumb Code   146  mpu6050.o(i.MPU6050_Init)
    MPU6050_Read_All                         0x08003761   Thumb Code   630  mpu6050.o(i.MPU6050_Read_All)
    MX_CRC_Init                              0x08003a25   Thumb Code    40  crc.o(i.MX_CRC_Init)
    MX_DMA_Init                              0x08003a55   Thumb Code    56  dma.o(i.MX_DMA_Init)
    MX_GPIO_Init                             0x08003a91   Thumb Code   218  gpio.o(i.MX_GPIO_Init)
    MX_I2C2_Init                             0x08003b7d   Thumb Code    76  i2c.o(i.MX_I2C2_Init)
    MX_LPUART1_UART_Init                     0x08003bd5   Thumb Code    92  usart.o(i.MX_LPUART1_UART_Init)
    MX_TIM6_Init                             0x08003c39   Thumb Code    64  tim.o(i.MX_TIM6_Init)
    MX_TIM7_Init                             0x08003c81   Thumb Code    62  tim.o(i.MX_TIM7_Init)
    MX_USART1_UART_Init                      0x08003cc9   Thumb Code   100  usart.o(i.MX_USART1_UART_Init)
    MX_X_CUBE_AI_Init                        0x08003d35   Thumb Code    22  app_x-cube-ai.o(i.MX_X_CUBE_AI_Init)
    MX_X_CUBE_AI_Process                     0x08003d71   Thumb Code   440  app_x-cube-ai.o(i.MX_X_CUBE_AI_Process)
    MemManage_Handler                        0x08003f69   Thumb Code     2  stm32g4xx_it.o(i.MemManage_Handler)
    NMI_Handler                              0x08003f6b   Thumb Code     2  stm32g4xx_it.o(i.NMI_Handler)
    PendSV_Handler                           0x08003f6d   Thumb Code     2  stm32g4xx_it.o(i.PendSV_Handler)
    SVC_Handler                              0x08003f6f   Thumb Code     2  stm32g4xx_it.o(i.SVC_Handler)
    SysTick_Handler                          0x08003f71   Thumb Code     4  stm32g4xx_it.o(i.SysTick_Handler)
    SystemClock_Config                       0x08003f75   Thumb Code   132  main.o(i.SystemClock_Config)
    SystemInit                               0x08003ff9   Thumb Code    12  system_stm32g4xx.o(i.SystemInit)
    TIM6_DAC_IRQHandler                      0x08004009   Thumb Code     6  stm32g4xx_it.o(i.TIM6_DAC_IRQHandler)
    TIM7_DAC_IRQHandler                      0x08004015   Thumb Code     6  stm32g4xx_it.o(i.TIM7_DAC_IRQHandler)
    TIM_Base_SetConfig                       0x08004021   Thumb Code   176  stm32g4xx_hal_tim.o(i.TIM_Base_SetConfig)
    UART_AdvFeatureConfig                    0x08004139   Thumb Code   200  stm32g4xx_hal_uart.o(i.UART_AdvFeatureConfig)
    UART_CheckIdleState                      0x08004201   Thumb Code    96  stm32g4xx_hal_uart.o(i.UART_CheckIdleState)
    UART_SetConfig                           0x08004395   Thumb Code   618  stm32g4xx_hal_uart.o(i.UART_SetConfig)
    UART_Start_Receive_DMA                   0x08004631   Thumb Code   120  stm32g4xx_hal_uart.o(i.UART_Start_Receive_DMA)
    UART_WaitOnFlagUntilTimeout              0x080046b5   Thumb Code   164  stm32g4xx_hal_uart.o(i.UART_WaitOnFlagUntilTimeout)
    USART1_IRQHandler                        0x08004759   Thumb Code    18  stm32g4xx_it.o(i.USART1_IRQHandler)
    USAR_UART_IDLECallback                   0x08004771   Thumb Code    72  usart.o(i.USAR_UART_IDLECallback)
    USER_UART_IRQHandler                     0x080047f5   Thumb Code    46  usart.o(i.USER_UART_IRQHandler)
    UsageFault_Handler                       0x0800482d   Thumb Code     2  stm32g4xx_it.o(i.UsageFault_Handler)
    __0printf                                0x08004831   Thumb Code    22  printfa.o(i.__0printf)
    __1printf                                0x08004831   Thumb Code     0  printfa.o(i.__0printf)
    __2printf                                0x08004831   Thumb Code     0  printfa.o(i.__0printf)
    __c89printf                              0x08004831   Thumb Code     0  printfa.o(i.__0printf)
    printf                                   0x08004831   Thumb Code     0  printfa.o(i.__0printf)
    __0sprintf                               0x08004851   Thumb Code    34  printfa.o(i.__0sprintf)
    __1sprintf                               0x08004851   Thumb Code     0  printfa.o(i.__0sprintf)
    __2sprintf                               0x08004851   Thumb Code     0  printfa.o(i.__0sprintf)
    __c89sprintf                             0x08004851   Thumb Code     0  printfa.o(i.__0sprintf)
    sprintf                                  0x08004851   Thumb Code     0  printfa.o(i.__0sprintf)
    __ARM_fpclassify                         0x08004879   Thumb Code    48  fpclassify.o(i.__ARM_fpclassify)
    __ARM_fpclassifyf                        0x080048a9   Thumb Code    38  fpclassifyf.o(i.__ARM_fpclassifyf)
    __hardfp_atan                            0x080049e9   Thumb Code   622  atan.o(i.__hardfp_atan)
    __hardfp_atan2                           0x08004cc1   Thumb Code   448  atan2.o(i.__hardfp_atan2)
    __hardfp_expf                            0x08004ec1   Thumb Code   426  expf.o(i.__hardfp_expf)
    __mathlib_expf                           0x08004ec1   Thumb Code     0  expf.o(i.__hardfp_expf)
    __hardfp_fabs                            0x080050a9   Thumb Code    20  fabs.o(i.__hardfp_fabs)
    __hardfp_pow                             0x080050c1   Thumb Code  3072  pow.o(i.__hardfp_pow)
    __hardfp_sqrt                            0x08005d11   Thumb Code   122  sqrt.o(i.__hardfp_sqrt)
    __kernel_poly                            0x08005d8b   Thumb Code   248  poly.o(i.__kernel_poly)
    __mathlib_dbl_divzero                    0x08005e89   Thumb Code    28  dunder.o(i.__mathlib_dbl_divzero)
    __mathlib_dbl_infnan                     0x08005eb9   Thumb Code    20  dunder.o(i.__mathlib_dbl_infnan)
    __mathlib_dbl_infnan2                    0x08005ecd   Thumb Code    20  dunder.o(i.__mathlib_dbl_infnan2)
    __mathlib_dbl_invalid                    0x08005ee1   Thumb Code    24  dunder.o(i.__mathlib_dbl_invalid)
    __mathlib_dbl_overflow                   0x08005f01   Thumb Code    24  dunder.o(i.__mathlib_dbl_overflow)
    __mathlib_dbl_underflow                  0x08005f21   Thumb Code    24  dunder.o(i.__mathlib_dbl_underflow)
    __mathlib_flt_infnan                     0x08005f41   Thumb Code     6  funder.o(i.__mathlib_flt_infnan)
    __mathlib_flt_overflow                   0x08005f49   Thumb Code    10  funder.o(i.__mathlib_flt_overflow)
    __mathlib_flt_underflow                  0x08005f59   Thumb Code    10  funder.o(i.__mathlib_flt_underflow)
    __scatterload_copy                       0x08005f69   Thumb Code    14  handlers.o(i.__scatterload_copy)
    __scatterload_null                       0x08005f77   Thumb Code     2  handlers.o(i.__scatterload_null)
    __scatterload_zeroinit                   0x08005f79   Thumb Code    14  handlers.o(i.__scatterload_zeroinit)
    __set_errno                              0x08005f89   Thumb Code     6  errno.o(i.__set_errno)
    _ai_platform_acquire_crc                 0x08005fa7   Thumb Code     4  ai_platform_interface.o(i._ai_platform_acquire_crc)
    _ai_platform_release_crc                 0x08006055   Thumb Code     2  ai_platform_interface.o(i._ai_platform_release_crc)
    ai_array_get_byte_size                   0x08006ca9   Thumb Code    62  ai_datatypes_format.o(i.ai_array_get_byte_size)
    ai_array_to_buffer_fmt                   0x08006ce9   Thumb Code   222  ai_datatypes_format.o(i.ai_array_to_buffer_fmt)
    ai_check_custom_types                    0x08006ea5   Thumb Code    38  layers.o(i.ai_check_custom_types)
    ai_dict4_dot_array_f32                   0x08006ed1   Thumb Code   294  layers_conv2d_generic_float.o(i.ai_dict4_dot_array_f32)
    ai_dict8_dot_array_f32                   0x08006ffd   Thumb Code   228  layers_conv2d_generic_float.o(i.ai_dict8_dot_array_f32)
    ai_layers_forward_all                    0x080070e5   Thumb Code    78  layers.o(i.ai_layers_forward_all)
    ai_layers_init_all                       0x08007133   Thumb Code    30  layers.o(i.ai_layers_init_all)
    ai_layers_post_init_all                  0x08007151   Thumb Code    54  layers.o(i.ai_layers_post_init_all)
    ai_network2_create                       0x08007209   Thumb Code    20  network2.o(i.ai_network2_create)
    ai_network2_data_weights_get             0x08007221   Thumb Code     4  network2_data.o(i.ai_network2_data_weights_get)
    ai_network2_get_error                    0x08007229   Thumb Code     4  network2.o(i.ai_network2_get_error)
    ai_network2_get_info                     0x0800722d   Thumb Code    82  network2.o(i.ai_network2_get_info)
    ai_network2_init                         0x08007285   Thumb Code    48  network2.o(i.ai_network2_init)
    ai_network2_run                          0x080072b5   Thumb Code     4  network2.o(i.ai_network2_run)
    ai_platform_api_get_network_report       0x080072b9   Thumb Code   282  ai_platform_interface.o(i.ai_platform_api_get_network_report)
    ai_platform_api_get_version              0x080073dd   Thumb Code    14  ai_platform_interface.o(i.ai_platform_api_get_version)
    ai_platform_context_acquire              0x080073f1   Thumb Code    24  ai_platform_interface.o(i.ai_platform_context_acquire)
    ai_platform_get_activations_map          0x0800740d   Thumb Code    16  ai_platform_interface.o(i.ai_platform_get_activations_map)
    ai_platform_get_weights_map              0x0800741d   Thumb Code    14  ai_platform_interface.o(i.ai_platform_get_weights_map)
    ai_platform_interface_api_get_version    0x0800742d   Thumb Code    14  ai_platform_interface.o(i.ai_platform_interface_api_get_version)
    ai_platform_network_create               0x08007441   Thumb Code   216  ai_platform_interface.o(i.ai_platform_network_create)
    ai_platform_network_get_error            0x08007531   Thumb Code    24  ai_platform_interface.o(i.ai_platform_network_get_error)
    ai_platform_network_init                 0x0800754d   Thumb Code   180  ai_platform_interface.o(i.ai_platform_network_init)
    ai_platform_network_post_init            0x08007609   Thumb Code    70  ai_platform_interface.o(i.ai_platform_network_post_init)
    ai_platform_network_process              0x0800764f   Thumb Code    84  ai_platform_interface.o(i.ai_platform_network_process)
    ai_platform_network_set_error            0x080076a3   Thumb Code    12  ai_platform_interface.o(i.ai_platform_network_set_error)
    ai_platform_runtime_get_revision         0x080076b1   Thumb Code    10  ai_platform_interface.o(i.ai_platform_runtime_get_revision)
    ai_platform_runtime_get_version          0x080076c1   Thumb Code    14  ai_platform_interface.o(i.ai_platform_runtime_get_version)
    atan                                     0x080076ef   Thumb Code    16  atan.o(i.atan)
    core_get_error                           0x080076ff   Thumb Code    12  core_common.o(i.core_get_error)
    core_init                                0x0800770b   Thumb Code     4  core_common.o(i.core_init)
    core_set_error                           0x0800770f   Thumb Code    26  core_common.o(i.core_set_error)
    fabs                                     0x08007729   Thumb Code    24  fabs.o(i.fabs)
    forward_dense                            0x08007741   Thumb Code   474  layers_conv2d_generic_float.o(i.forward_dense)
    forward_sigmoid                          0x08007921   Thumb Code    94  layers_nl_generic_float.o(i.forward_sigmoid)
    fputc                                    0x08007981   Thumb Code    20  usart.o(i.fputc)
    main                                     0x08007999   Thumb Code   150  main.o(i.main)
    max                                      0x08007ab5   Thumb Code    50  app_x-cube-ai.o(i.max)
    mean                                     0x08007ae9   Thumb Code    40  app_x-cube-ai.o(i.mean)
    nl_func_sigmoid_array_f32                0x08007c31   Thumb Code    72  layers_nl_generic_float.o(i.nl_func_sigmoid_array_f32)
    sqrt                                     0x08007c79   Thumb Code   110  sqrt.o(i.sqrt)
    var                                      0x08007ce9   Thumb Code   108  app_x-cube-ai.o(i.var)
    UARTPrescTable                           0x08007d5c   Data          24  stm32g4xx_hal_uart.o(.constdata)
    AHBPrescTable                            0x08007d84   Data          16  system_stm32g4xx.o(.constdata)
    APBPrescTable                            0x08007d94   Data           8  system_stm32g4xx.o(.constdata)
    s_network2_weights_array_u64             0x08007ec0   Data        3208  network2_data.o(.constdata)
    __mathlib_zero                           0x08008d50   Data           8  qnan.o(.constdata)
    Region$$Table$$Base                      0x08008ebc   Number         0  anon$$obj.o(Region$$Table)
    Region$$Table$$Limit                     0x08008edc   Number         0  anon$$obj.o(Region$$Table)
    wnb                                      0x20000000   Data           1  bc20.o(.data)
    timer                                    0x20000008   Data           4  mpu6050.o(.data)
    KalmanX                                  0x20000010   Data          72  mpu6050.o(.data)
    KalmanY                                  0x20000058   Data          72  mpu6050.o(.data)
    BC20flag                                 0x200000a0   Data           1  main.o(.data)
    usart1_rx_flag                           0x200000a1   Data           1  main.o(.data)
    uwTickPrio                               0x200000a4   Data           4  stm32g4xx_hal.o(.data)
    uwTickFreq                               0x200000a8   Data           4  stm32g4xx_hal.o(.data)
    uwTick                                   0x200000ac   Data           4  stm32g4xx_hal.o(.data)
    SystemCoreClock                          0x200000b0   Data           4  system_stm32g4xx.o(.data)
    JV                                       0x20000904   Data           4  app_x-cube-ai.o(.data)
    max_Ax                                   0x2000090c   Data           4  app_x-cube-ai.o(.data)
    max_Ay                                   0x20000910   Data           4  app_x-cube-ai.o(.data)
    max_Az                                   0x20000914   Data           4  app_x-cube-ai.o(.data)
    max_Apitch                               0x20000918   Data           4  app_x-cube-ai.o(.data)
    var_Apitch                               0x2000091c   Data           4  app_x-cube-ai.o(.data)
    mean_Apitch                              0x20000920   Data           4  app_x-cube-ai.o(.data)
    max_Gx                                   0x20000924   Data           4  app_x-cube-ai.o(.data)
    max_Gy                                   0x20000928   Data           4  app_x-cube-ai.o(.data)
    max_Gz                                   0x2000092c   Data           4  app_x-cube-ai.o(.data)
    max_Gpitch                               0x20000930   Data           4  app_x-cube-ai.o(.data)
    var_Gpitch                               0x20000934   Data           4  app_x-cube-ai.o(.data)
    mean_Gpitch                              0x20000938   Data           4  app_x-cube-ai.o(.data)
    ai_out                                   0x2000093c   Data           8  app_x-cube-ai.o(.data)
    out_data                                 0x20000944   Data           8  app_x-cube-ai.o(.data)
    __stdout                                 0x2000094c   Data           4  stdout.o(.data)
    MPU6050                                  0x20000958   Data          88  main.o(.bss)
    usart1_dma_buffer                        0x200009b0   Data        1024  main.o(.bss)
    usart1_rx_buffer                         0x20000db0   Data        2048  main.o(.bss)
    hcrc                                     0x200015b0   Data          36  crc.o(.bss)
    hi2c2                                    0x200015d4   Data          76  i2c.o(.bss)
    hdma_usart1_rx                           0x20001620   Data          96  usart.o(.bss)
    hlpuart1                                 0x20001680   Data         144  usart.o(.bss)
    huart1                                   0x20001710   Data         144  usart.o(.bss)
    htim6                                    0x200017a0   Data          76  tim.o(.bss)
    htim7                                    0x200017ec   Data          76  tim.o(.bss)
    in_data                                  0x20001888   Data          48  app_x-cube-ai.o(.bss)
    aiwindow_Ax                              0x200018b8   Data        8000  app_x-cube-ai.o(.bss)
    aiwindow_Ay                              0x200037f8   Data        8000  app_x-cube-ai.o(.bss)
    aiwindow_Az                              0x20005738   Data        8000  app_x-cube-ai.o(.bss)
    aiwindow_APitch                          0x20007678   Data        8000  app_x-cube-ai.o(.bss)
    aiwindow_Gx                              0x200095b8   Data        8000  app_x-cube-ai.o(.bss)
    aiwindow_Gy                              0x2000b4f8   Data        8000  app_x-cube-ai.o(.bss)
    aiwindow_Gz                              0x2000d438   Data        8000  app_x-cube-ai.o(.bss)
    aiwindow_GPitch                          0x2000f378   Data        8000  app_x-cube-ai.o(.bss)
    __initial_sp                             0x20011cb0   Data           0  startup_stm32g474xx.o(STACK)



==============================================================================

Memory Map of the image

  Image Entry point : 0x080001d9

  Load Region LR_IROM1 (Base: 0x08000000, Size: 0x00009830, Max: 0x00080000, ABSOLUTE, COMPRESSED[0x000091c4])

    Execution Region ER_IROM1 (Exec base: 0x08000000, Load base: 0x08000000, Size: 0x00008edc, Max: 0x00080000, ABSOLUTE)

    Exec Addr    Load Addr    Size         Type   Attr      Idx    E Section Name        Object

    0x08000000   0x08000000   0x000001d8   Data   RO            3    RESET               startup_stm32g474xx.o
    0x080001d8   0x080001d8   0x00000000   Code   RO         6113  * .ARM.Collect$$$$00000000  mc_w.l(entry.o)
    0x080001d8   0x080001d8   0x00000004   Code   RO         6508    .ARM.Collect$$$$00000001  mc_w.l(entry2.o)
    0x080001dc   0x080001dc   0x00000004   Code   RO         6511    .ARM.Collect$$$$00000004  mc_w.l(entry5.o)
    0x080001e0   0x080001e0   0x00000000   Code   RO         6513    .ARM.Collect$$$$00000008  mc_w.l(entry7b.o)
    0x080001e0   0x080001e0   0x00000000   Code   RO         6515    .ARM.Collect$$$$0000000A  mc_w.l(entry8b.o)
    0x080001e0   0x080001e0   0x00000008   Code   RO         6516    .ARM.Collect$$$$0000000B  mc_w.l(entry9a.o)
    0x080001e8   0x080001e8   0x00000004   Code   RO         6523    .ARM.Collect$$$$0000000E  mc_w.l(entry12b.o)
    0x080001ec   0x080001ec   0x00000000   Code   RO         6518    .ARM.Collect$$$$0000000F  mc_w.l(entry10a.o)
    0x080001ec   0x080001ec   0x00000000   Code   RO         6520    .ARM.Collect$$$$00000011  mc_w.l(entry11a.o)
    0x080001ec   0x080001ec   0x00000004   Code   RO         6509    .ARM.Collect$$$$00002712  mc_w.l(entry2.o)
    0x080001f0   0x080001f0   0x00000024   Code   RO            4    .text               startup_stm32g474xx.o
    0x08000214   0x08000214   0x00000062   Code   RO         6116    .text               mc_w.l(uldiv.o)
    0x08000276   0x08000276   0x00000024   Code   RO         6118    .text               mc_w.l(memcpya.o)
    0x0800029a   0x0800029a   0x00000024   Code   RO         6120    .text               mc_w.l(memseta.o)
    0x080002be   0x080002be   0x00000018   Code   RO         6122    .text               mc_w.l(strcat.o)
    0x080002d6   0x080002d6   0x00000024   Code   RO         6124    .text               mc_w.l(strstr.o)
    0x080002fa   0x080002fa   0x0000000e   Code   RO         6126    .text               mc_w.l(strlen.o)
    0x08000308   0x08000308   0x0000001a   Code   RO         6128    .text               mc_w.l(memcmp.o)
    0x08000322   0x08000322   0x0000014e   Code   RO         6421    .text               mf_w.l(dadd.o)
    0x08000470   0x08000470   0x000000e4   Code   RO         6423    .text               mf_w.l(dmul.o)
    0x08000554   0x08000554   0x000000de   Code   RO         6425    .text               mf_w.l(ddiv.o)
    0x08000632   0x08000632   0x00000022   Code   RO         6429    .text               mf_w.l(dflti.o)
    0x08000654   0x08000654   0x0000001a   Code   RO         6431    .text               mf_w.l(dfltui.o)
    0x0800066e   0x0800066e   0x00000032   Code   RO         6435    .text               mf_w.l(dfixui.o)
    0x080006a0   0x080006a0   0x00000026   Code   RO         6437    .text               mf_w.l(f2d.o)
    0x080006c6   0x080006c6   0x00000002   PAD
    0x080006c8   0x080006c8   0x00000030   Code   RO         6439    .text               mf_w.l(cdcmple.o)
    0x080006f8   0x080006f8   0x00000030   Code   RO         6441    .text               mf_w.l(cdrcmple.o)
    0x08000728   0x08000728   0x00000038   Code   RO         6443    .text               mf_w.l(d2f.o)
    0x08000760   0x08000760   0x0000002c   Code   RO         6525    .text               mc_w.l(uidiv.o)
    0x0800078c   0x0800078c   0x0000001e   Code   RO         6527    .text               mc_w.l(llshl.o)
    0x080007aa   0x080007aa   0x00000020   Code   RO         6529    .text               mc_w.l(llushr.o)
    0x080007ca   0x080007ca   0x00000024   Code   RO         6531    .text               mc_w.l(llsshr.o)
    0x080007ee   0x080007ee   0x00000000   Code   RO         6542    .text               mc_w.l(iusefp.o)
    0x080007ee   0x080007ee   0x0000006e   Code   RO         6543    .text               mf_w.l(fepilogue.o)
    0x0800085c   0x0800085c   0x000000ba   Code   RO         6549    .text               mf_w.l(depilogue.o)
    0x08000916   0x08000916   0x0000002e   Code   RO         6551    .text               mf_w.l(dscalb.o)
    0x08000944   0x08000944   0x000000a2   Code   RO         6553    .text               mf_w.l(dsqrt.o)
    0x080009e6   0x080009e6   0x00000030   Code   RO         6555    .text               mf_w.l(dfixul.o)
    0x08000a16   0x08000a16   0x00000002   PAD
    0x08000a18   0x08000a18   0x00000024   Code   RO         6559    .text               mc_w.l(init.o)
    0x08000a3c   0x08000a3c   0x00000056   Code   RO         6569    .text               mc_w.l(__dczerorl2.o)
    0x08000a92   0x08000a92   0x00000002   PAD
    0x08000a94   0x08000a94   0x00000010   Code   RO           13    i.BC20_Clear        bc20.o
    0x08000aa4   0x08000aa4   0x000000c4   Code   RO           15    i.BC20_GNSS_INIT    bc20.o
    0x08000b68   0x08000b68   0x000001ec   Code   RO           17    i.BC20_Init         bc20.o
    0x08000d54   0x08000d54   0x00000030   Code   RO           20    i.BC20_RESTART      bc20.o
    0x08000d84   0x08000d84   0x000000f4   Code   RO           21    i.BC20_SendCmd      bc20.o
    0x08000e78   0x08000e78   0x00000050   Code   RO           23    i.BC20_SendMes      bc20.o
    0x08000ec8   0x08000ec8   0x00000002   Code   RO          664    i.BusFault_Handler  stm32g4xx_it.o
    0x08000eca   0x08000eca   0x00000002   PAD
    0x08000ecc   0x08000ecc   0x0000006c   Code   RO         5028    i.CRC_Lock          NetworkRuntime700_CM4_Keil.lib(ai_platform_interface.o)
    0x08000f38   0x08000f38   0x0000000c   Code   RO          665    i.DMA1_Channel1_IRQHandler  stm32g4xx_it.o
    0x08000f44   0x08000f44   0x00000040   Code   RO         1755    i.DMA_CalcDMAMUXChannelBaseAndMask  stm32g4xx_hal_dma.o
    0x08000f84   0x08000f84   0x00000024   Code   RO         1756    i.DMA_CalcDMAMUXRequestGenBaseAndMask  stm32g4xx_hal_dma.o
    0x08000fa8   0x08000fa8   0x0000003e   Code   RO         1757    i.DMA_SetConfig     stm32g4xx_hal_dma.o
    0x08000fe6   0x08000fe6   0x00000002   Code   RO          666    i.DebugMon_Handler  stm32g4xx_it.o
    0x08000fe8   0x08000fe8   0x00000008   Code   RO          667    i.EXTI15_10_IRQHandler  stm32g4xx_it.o
    0x08000ff0   0x08000ff0   0x00000004   Code   RO          324    i.Error_Handler     main.o
    0x08000ff4   0x08000ff4   0x0000004e   Code   RO          872    i.HAL_CRCEx_Polynomial_Set  stm32g4xx_hal_crc_ex.o
    0x08001042   0x08001042   0x00000002   PAD
    0x08001044   0x08001044   0x00000074   Code   RO          806    i.HAL_CRC_Init      stm32g4xx_hal_crc.o
    0x080010b8   0x080010b8   0x00000028   Code   RO          442    i.HAL_CRC_MspInit   crc.o
    0x080010e0   0x080010e0   0x0000006a   Code   RO         1758    i.HAL_DMA_Abort     stm32g4xx_hal_dma.o
    0x0800114a   0x0800114a   0x00000078   Code   RO         1759    i.HAL_DMA_Abort_IT  stm32g4xx_hal_dma.o
    0x080011c2   0x080011c2   0x00000004   Code   RO         1761    i.HAL_DMA_GetError  stm32g4xx_hal_dma.o
    0x080011c6   0x080011c6   0x000000ba   Code   RO         1763    i.HAL_DMA_IRQHandler  stm32g4xx_hal_dma.o
    0x08001280   0x08001280   0x000000c0   Code   RO         1764    i.HAL_DMA_Init      stm32g4xx_hal_dma.o
    0x08001340   0x08001340   0x0000008c   Code   RO         1768    i.HAL_DMA_Start_IT  stm32g4xx_hal_dma.o
    0x080013cc   0x080013cc   0x00000024   Code   RO          913    i.HAL_Delay         stm32g4xx_hal.o
    0x080013f0   0x080013f0   0x00000024   Code   RO          325    i.HAL_GPIO_EXTI_Callback  main.o
    0x08001414   0x08001414   0x00000018   Code   RO         1619    i.HAL_GPIO_EXTI_IRQHandler  stm32g4xx_hal_gpio.o
    0x0800142c   0x0800142c   0x000001c8   Code   RO         1620    i.HAL_GPIO_Init     stm32g4xx_hal_gpio.o
    0x080015f4   0x080015f4   0x00000010   Code   RO         1623    i.HAL_GPIO_TogglePin  stm32g4xx_hal_gpio.o
    0x08001604   0x08001604   0x0000000a   Code   RO         1624    i.HAL_GPIO_WritePin  stm32g4xx_hal_gpio.o
    0x0800160e   0x0800160e   0x00000002   PAD
    0x08001610   0x08001610   0x0000000c   Code   RO          917    i.HAL_GetTick       stm32g4xx_hal.o
    0x0800161c   0x0800161c   0x00000056   Code   RO         2859    i.HAL_I2CEx_ConfigAnalogFilter  stm32g4xx_hal_i2c_ex.o
    0x08001672   0x08001672   0x00000052   Code   RO         2860    i.HAL_I2CEx_ConfigDigitalFilter  stm32g4xx_hal_i2c_ex.o
    0x080016c4   0x080016c4   0x000000b8   Code   RO         2408    i.HAL_I2C_Init      stm32g4xx_hal_i2c.o
    0x0800177c   0x0800177c   0x00000164   Code   RO         2426    i.HAL_I2C_Mem_Read  stm32g4xx_hal_i2c.o
    0x080018e0   0x080018e0   0x00000158   Code   RO         2429    i.HAL_I2C_Mem_Write  stm32g4xx_hal_i2c.o
    0x08001a38   0x08001a38   0x00000064   Code   RO          508    i.HAL_I2C_MspInit   i2c.o
    0x08001a9c   0x08001a9c   0x00000010   Code   RO          920    i.HAL_IncTick       stm32g4xx_hal.o
    0x08001aac   0x08001aac   0x0000001e   Code   RO          921    i.HAL_Init          stm32g4xx_hal.o
    0x08001aca   0x08001aca   0x00000002   PAD
    0x08001acc   0x08001acc   0x00000044   Code   RO          922    i.HAL_InitTick      stm32g4xx_hal.o
    0x08001b10   0x08001b10   0x00000030   Code   RO          776    i.HAL_MspInit       stm32g4xx_hal_msp.o
    0x08001b40   0x08001b40   0x0000001a   Code   RO         2267    i.HAL_NVIC_EnableIRQ  stm32g4xx_hal_cortex.o
    0x08001b5a   0x08001b5a   0x00000002   PAD
    0x08001b5c   0x08001b5c   0x00000040   Code   RO         2273    i.HAL_NVIC_SetPriority  stm32g4xx_hal_cortex.o
    0x08001b9c   0x08001b9c   0x00000024   Code   RO         2274    i.HAL_NVIC_SetPriorityGrouping  stm32g4xx_hal_cortex.o
    0x08001bc0   0x08001bc0   0x000000bc   Code   RO         2023    i.HAL_PWREx_ControlVoltageScaling  stm32g4xx_hal_pwr_ex.o
    0x08001c7c   0x08001c7c   0x00000010   Code   RO         2035    i.HAL_PWREx_DisableUCPDDeadBattery  stm32g4xx_hal_pwr_ex.o
    0x08001c8c   0x08001c8c   0x00000300   Code   RO         1266    i.HAL_RCCEx_PeriphCLKConfig  stm32g4xx_hal_rcc_ex.o
    0x08001f8c   0x08001f8c   0x000001dc   Code   RO         1141    i.HAL_RCC_ClockConfig  stm32g4xx_hal_rcc.o
    0x08002168   0x08002168   0x00000024   Code   RO         1149    i.HAL_RCC_GetPCLK1Freq  stm32g4xx_hal_rcc.o
    0x0800218c   0x0800218c   0x00000024   Code   RO         1150    i.HAL_RCC_GetPCLK2Freq  stm32g4xx_hal_rcc.o
    0x080021b0   0x080021b0   0x00000070   Code   RO         1151    i.HAL_RCC_GetSysClockFreq  stm32g4xx_hal_rcc.o
    0x08002220   0x08002220   0x0000040c   Code   RO         1154    i.HAL_RCC_OscConfig  stm32g4xx_hal_rcc.o
    0x0800262c   0x0800262c   0x00000028   Code   RO         2278    i.HAL_SYSTICK_Config  stm32g4xx_hal_cortex.o
    0x08002654   0x08002654   0x00000002   Code   RO         4161    i.HAL_TIMEx_Break2Callback  stm32g4xx_hal_tim_ex.o
    0x08002656   0x08002656   0x00000002   Code   RO         4162    i.HAL_TIMEx_BreakCallback  stm32g4xx_hal_tim_ex.o
    0x08002658   0x08002658   0x00000002   Code   RO         4163    i.HAL_TIMEx_CommutCallback  stm32g4xx_hal_tim_ex.o
    0x0800265a   0x0800265a   0x00000002   Code   RO         4174    i.HAL_TIMEx_DirectionChangeCallback  stm32g4xx_hal_tim_ex.o
    0x0800265c   0x0800265c   0x00000002   Code   RO         4188    i.HAL_TIMEx_EncoderIndexCallback  stm32g4xx_hal_tim_ex.o
    0x0800265e   0x0800265e   0x00000002   Code   RO         4202    i.HAL_TIMEx_IndexErrorCallback  stm32g4xx_hal_tim_ex.o
    0x08002660   0x08002660   0x000000b8   Code   RO         4203    i.HAL_TIMEx_MasterConfigSynchronization  stm32g4xx_hal_tim_ex.o
    0x08002718   0x08002718   0x00000002   Code   RO         4224    i.HAL_TIMEx_TransitionErrorCallback  stm32g4xx_hal_tim_ex.o
    0x0800271a   0x0800271a   0x00000062   Code   RO         3447    i.HAL_TIM_Base_Init  stm32g4xx_hal_tim.o
    0x0800277c   0x0800277c   0x00000064   Code   RO          617    i.HAL_TIM_Base_MspInit  tim.o
    0x080027e0   0x080027e0   0x0000008c   Code   RO         3452    i.HAL_TIM_Base_Start_IT  stm32g4xx_hal_tim.o
    0x0800286c   0x0800286c   0x00000002   Code   RO         3481    i.HAL_TIM_IC_CaptureCallback  stm32g4xx_hal_tim.o
    0x0800286e   0x0800286e   0x000001fc   Code   RO         3495    i.HAL_TIM_IRQHandler  stm32g4xx_hal_tim.o
    0x08002a6a   0x08002a6a   0x00000002   Code   RO         3498    i.HAL_TIM_OC_DelayElapsedCallback  stm32g4xx_hal_tim.o
    0x08002a6c   0x08002a6c   0x00000002   Code   RO         3525    i.HAL_TIM_PWM_PulseFinishedCallback  stm32g4xx_hal_tim.o
    0x08002a6e   0x08002a6e   0x00000002   PAD
    0x08002a70   0x08002a70   0x00000198   Code   RO          326    i.HAL_TIM_PeriodElapsedCallback  main.o
    0x08002c08   0x08002c08   0x00000002   Code   RO         3538    i.HAL_TIM_TriggerCallback  stm32g4xx_hal_tim.o
    0x08002c0a   0x08002c0a   0x0000003e   Code   RO         3333    i.HAL_UARTEx_DisableFifoMode  stm32g4xx_hal_uart_ex.o
    0x08002c48   0x08002c48   0x00000002   Code   RO         2922    i.HAL_UARTEx_RxEventCallback  stm32g4xx_hal_uart.o
    0x08002c4a   0x08002c4a   0x00000002   Code   RO         3340    i.HAL_UARTEx_RxFifoFullCallback  stm32g4xx_hal_uart_ex.o
    0x08002c4c   0x08002c4c   0x0000004c   Code   RO         3341    i.HAL_UARTEx_SetRxFifoThreshold  stm32g4xx_hal_uart_ex.o
    0x08002c98   0x08002c98   0x0000004c   Code   RO         3342    i.HAL_UARTEx_SetTxFifoThreshold  stm32g4xx_hal_uart_ex.o
    0x08002ce4   0x08002ce4   0x00000002   Code   RO         3344    i.HAL_UARTEx_TxFifoEmptyCallback  stm32g4xx_hal_uart_ex.o
    0x08002ce6   0x08002ce6   0x00000002   Code   RO         3345    i.HAL_UARTEx_WakeupCallback  stm32g4xx_hal_uart_ex.o
    0x08002ce8   0x08002ce8   0x00000078   Code   RO         2934    i.HAL_UART_DMAStop  stm32g4xx_hal_uart.o
    0x08002d60   0x08002d60   0x00000002   Code   RO         2938    i.HAL_UART_ErrorCallback  stm32g4xx_hal_uart.o
    0x08002d62   0x08002d62   0x00000002   PAD
    0x08002d64   0x08002d64   0x00000284   Code   RO         2941    i.HAL_UART_IRQHandler  stm32g4xx_hal_uart.o
    0x08002fe8   0x08002fe8   0x0000006a   Code   RO         2942    i.HAL_UART_Init     stm32g4xx_hal_uart.o
    0x08003052   0x08003052   0x00000002   PAD
    0x08003054   0x08003054   0x000000f4   Code   RO          550    i.HAL_UART_MspInit  usart.o
    0x08003148   0x08003148   0x0000004c   Code   RO         2946    i.HAL_UART_Receive_DMA  stm32g4xx_hal_uart.o
    0x08003194   0x08003194   0x00000002   Code   RO         2949    i.HAL_UART_RxCpltCallback  stm32g4xx_hal_uart.o
    0x08003196   0x08003196   0x00000002   Code   RO         2950    i.HAL_UART_RxHalfCpltCallback  stm32g4xx_hal_uart.o
    0x08003198   0x08003198   0x000000bc   Code   RO         2951    i.HAL_UART_Transmit  stm32g4xx_hal_uart.o
    0x08003254   0x08003254   0x00000002   Code   RO         2954    i.HAL_UART_TxCpltCallback  stm32g4xx_hal_uart.o
    0x08003256   0x08003256   0x00000002   Code   RO          668    i.HardFault_Handler  stm32g4xx_it.o
    0x08003258   0x08003258   0x00000022   Code   RO         2455    i.I2C_Flush_TXDR    stm32g4xx_hal_i2c.o
    0x0800327a   0x0800327a   0x00000002   PAD
    0x0800327c   0x0800327c   0x00000084   Code   RO         2463    i.I2C_IsAcknowledgeFailed  stm32g4xx_hal_i2c.o
    0x08003300   0x08003300   0x00000064   Code   RO         2466    i.I2C_RequestMemoryRead  stm32g4xx_hal_i2c.o
    0x08003364   0x08003364   0x00000064   Code   RO         2467    i.I2C_RequestMemoryWrite  stm32g4xx_hal_i2c.o
    0x080033c8   0x080033c8   0x0000002c   Code   RO         2470    i.I2C_TransferConfig  stm32g4xx_hal_i2c.o
    0x080033f4   0x080033f4   0x00000058   Code   RO         2472    i.I2C_WaitOnFlagUntilTimeout  stm32g4xx_hal_i2c.o
    0x0800344c   0x0800344c   0x0000004c   Code   RO         2474    i.I2C_WaitOnSTOPFlagUntilTimeout  stm32g4xx_hal_i2c.o
    0x08003498   0x08003498   0x00000050   Code   RO         2475    i.I2C_WaitOnTXISFlagUntilTimeout  stm32g4xx_hal_i2c.o
    0x080034e8   0x080034e8   0x000001d6   Code   RO          254    i.Kalman_getAngle   mpu6050.o
    0x080036be   0x080036be   0x00000002   PAD
    0x080036c0   0x080036c0   0x0000000c   Code   RO          669    i.LPUART1_IRQHandler  stm32g4xx_it.o
    0x080036cc   0x080036cc   0x00000092   Code   RO          255    i.MPU6050_Init      mpu6050.o
    0x0800375e   0x0800375e   0x00000002   PAD
    0x08003760   0x08003760   0x000002c4   Code   RO          257    i.MPU6050_Read_All  mpu6050.o
    0x08003a24   0x08003a24   0x00000030   Code   RO          443    i.MX_CRC_Init       crc.o
    0x08003a54   0x08003a54   0x0000003c   Code   RO          483    i.MX_DMA_Init       dma.o
    0x08003a90   0x08003a90   0x000000ec   Code   RO          417    i.MX_GPIO_Init      gpio.o
    0x08003b7c   0x08003b7c   0x00000058   Code   RO          509    i.MX_I2C2_Init      i2c.o
    0x08003bd4   0x08003bd4   0x00000064   Code   RO          551    i.MX_LPUART1_UART_Init  usart.o
    0x08003c38   0x08003c38   0x00000048   Code   RO          618    i.MX_TIM6_Init      tim.o
    0x08003c80   0x08003c80   0x00000048   Code   RO          619    i.MX_TIM7_Init      tim.o
    0x08003cc8   0x08003cc8   0x0000006c   Code   RO          552    i.MX_USART1_UART_Init  usart.o
    0x08003d34   0x08003d34   0x0000003c   Code   RO         4932    i.MX_X_CUBE_AI_Init  app_x-cube-ai.o
    0x08003d70   0x08003d70   0x000001f8   Code   RO         4933    i.MX_X_CUBE_AI_Process  app_x-cube-ai.o
    0x08003f68   0x08003f68   0x00000002   Code   RO          670    i.MemManage_Handler  stm32g4xx_it.o
    0x08003f6a   0x08003f6a   0x00000002   Code   RO          671    i.NMI_Handler       stm32g4xx_it.o
    0x08003f6c   0x08003f6c   0x00000002   Code   RO          672    i.PendSV_Handler    stm32g4xx_it.o
    0x08003f6e   0x08003f6e   0x00000002   Code   RO          673    i.SVC_Handler       stm32g4xx_it.o
    0x08003f70   0x08003f70   0x00000004   Code   RO          674    i.SysTick_Handler   stm32g4xx_it.o
    0x08003f74   0x08003f74   0x00000084   Code   RO          327    i.SystemClock_Config  main.o
    0x08003ff8   0x08003ff8   0x00000010   Code   RO         4591    i.SystemInit        system_stm32g4xx.o
    0x08004008   0x08004008   0x0000000c   Code   RO          675    i.TIM6_DAC_IRQHandler  stm32g4xx_it.o
    0x08004014   0x08004014   0x0000000c   Code   RO          676    i.TIM7_DAC_IRQHandler  stm32g4xx_it.o
    0x08004020   0x08004020   0x000000d4   Code   RO         3540    i.TIM_Base_SetConfig  stm32g4xx_hal_tim.o
    0x080040f4   0x080040f4   0x00000044   Code   RO         3346    i.UARTEx_SetNbDataToProcess  stm32g4xx_hal_uart_ex.o
    0x08004138   0x08004138   0x000000c8   Code   RO         2956    i.UART_AdvFeatureConfig  stm32g4xx_hal_uart.o
    0x08004200   0x08004200   0x00000060   Code   RO         2957    i.UART_CheckIdleState  stm32g4xx_hal_uart.o
    0x08004260   0x08004260   0x00000014   Code   RO         2958    i.UART_DMAAbortOnError  stm32g4xx_hal_uart.o
    0x08004274   0x08004274   0x00000050   Code   RO         2959    i.UART_DMAError     stm32g4xx_hal_uart.o
    0x080042c4   0x080042c4   0x0000005e   Code   RO         2960    i.UART_DMAReceiveCplt  stm32g4xx_hal_uart.o
    0x08004322   0x08004322   0x0000001c   Code   RO         2962    i.UART_DMARxHalfCplt  stm32g4xx_hal_uart.o
    0x0800433e   0x0800433e   0x00000002   PAD
    0x08004340   0x08004340   0x00000038   Code   RO         2968    i.UART_EndRxTransfer  stm32g4xx_hal_uart.o
    0x08004378   0x08004378   0x0000001c   Code   RO         2969    i.UART_EndTxTransfer  stm32g4xx_hal_uart.o
    0x08004394   0x08004394   0x0000029c   Code   RO         2974    i.UART_SetConfig    stm32g4xx_hal_uart.o
    0x08004630   0x08004630   0x00000084   Code   RO         2975    i.UART_Start_Receive_DMA  stm32g4xx_hal_uart.o
    0x080046b4   0x080046b4   0x000000a4   Code   RO         2981    i.UART_WaitOnFlagUntilTimeout  stm32g4xx_hal_uart.o
    0x08004758   0x08004758   0x00000018   Code   RO          677    i.USART1_IRQHandler  stm32g4xx_it.o
    0x08004770   0x08004770   0x00000084   Code   RO          553    i.USAR_UART_IDLECallback  usart.o
    0x080047f4   0x080047f4   0x00000038   Code   RO          554    i.USER_UART_IRQHandler  usart.o
    0x0800482c   0x0800482c   0x00000002   Code   RO          678    i.UsageFault_Handler  stm32g4xx_it.o
    0x0800482e   0x0800482e   0x00000002   PAD
    0x08004830   0x08004830   0x00000020   Code   RO         6365    i.__0printf         mc_w.l(printfa.o)
    0x08004850   0x08004850   0x00000028   Code   RO         6367    i.__0sprintf        mc_w.l(printfa.o)
    0x08004878   0x08004878   0x00000030   Code   RO         6465    i.__ARM_fpclassify  m_wm.l(fpclassify.o)
    0x080048a8   0x080048a8   0x00000026   Code   RO         6467    i.__ARM_fpclassifyf  m_wm.l(fpclassifyf.o)
    0x080048ce   0x080048ce   0x00000020   Code   RO         2280    i.__NVIC_SetPriority  stm32g4xx_hal_cortex.o
    0x080048ee   0x080048ee   0x00000002   PAD
    0x080048f0   0x080048f0   0x000000f8   Code   RO         5101    i.__ai_math_dot_array_opt  NetworkRuntime700_CM4_Keil.lib(layers_conv2d_generic_float.o)
    0x080049e8   0x080049e8   0x000002d8   Code   RO         5877    i.__hardfp_atan     m_wm.l(atan.o)
    0x08004cc0   0x08004cc0   0x00000200   Code   RO         5891    i.__hardfp_atan2    m_wm.l(atan2.o)
    0x08004ec0   0x08004ec0   0x000001e8   Code   RO         5969    i.__hardfp_expf     m_wm.l(expf.o)
    0x080050a8   0x080050a8   0x00000014   Code   RO         5983    i.__hardfp_fabs     m_wm.l(fabs.o)
    0x080050bc   0x080050bc   0x00000004   PAD
    0x080050c0   0x080050c0   0x00000c50   Code   RO         6021    i.__hardfp_pow      m_wm.l(pow.o)
    0x08005d10   0x08005d10   0x0000007a   Code   RO         6073    i.__hardfp_sqrt     m_wm.l(sqrt.o)
    0x08005d8a   0x08005d8a   0x000000f8   Code   RO         6490    i.__kernel_poly     m_wm.l(poly.o)
    0x08005e82   0x08005e82   0x00000006   PAD
    0x08005e88   0x08005e88   0x00000030   Code   RO         6451    i.__mathlib_dbl_divzero  m_wm.l(dunder.o)
    0x08005eb8   0x08005eb8   0x00000014   Code   RO         6452    i.__mathlib_dbl_infnan  m_wm.l(dunder.o)
    0x08005ecc   0x08005ecc   0x00000014   Code   RO         6453    i.__mathlib_dbl_infnan2  m_wm.l(dunder.o)
    0x08005ee0   0x08005ee0   0x00000020   Code   RO         6454    i.__mathlib_dbl_invalid  m_wm.l(dunder.o)
    0x08005f00   0x08005f00   0x00000020   Code   RO         6455    i.__mathlib_dbl_overflow  m_wm.l(dunder.o)
    0x08005f20   0x08005f20   0x00000020   Code   RO         6457    i.__mathlib_dbl_underflow  m_wm.l(dunder.o)
    0x08005f40   0x08005f40   0x00000006   Code   RO         6470    i.__mathlib_flt_infnan  m_wm.l(funder.o)
    0x08005f46   0x08005f46   0x00000002   PAD
    0x08005f48   0x08005f48   0x00000010   Code   RO         6473    i.__mathlib_flt_overflow  m_wm.l(funder.o)
    0x08005f58   0x08005f58   0x00000010   Code   RO         6475    i.__mathlib_flt_underflow  m_wm.l(funder.o)
    0x08005f68   0x08005f68   0x0000000e   Code   RO         6563    i.__scatterload_copy  mc_w.l(handlers.o)
    0x08005f76   0x08005f76   0x00000002   Code   RO         6564    i.__scatterload_null  mc_w.l(handlers.o)
    0x08005f78   0x08005f78   0x0000000e   Code   RO         6565    i.__scatterload_zeroinit  mc_w.l(handlers.o)
    0x08005f86   0x08005f86   0x00000002   PAD
    0x08005f88   0x08005f88   0x0000000c   Code   RO         6537    i.__set_errno       mc_w.l(errno.o)
    0x08005f94   0x08005f94   0x00000012   Code   RO         5761    i._ai_forward_layer  NetworkRuntime700_CM4_Keil.lib(layers.o)
    0x08005fa6   0x08005fa6   0x00000004   Code   RO         5029    i._ai_platform_acquire_crc  NetworkRuntime700_CM4_Keil.lib(ai_platform_interface.o)
    0x08005faa   0x08005faa   0x000000aa   Code   RO         5030    i._ai_platform_get_io_buffers_info  NetworkRuntime700_CM4_Keil.lib(ai_platform_interface.o)
    0x08006054   0x08006054   0x00000002   Code   RO         5031    i._ai_platform_release_crc  NetworkRuntime700_CM4_Keil.lib(ai_platform_interface.o)
    0x08006056   0x08006056   0x00000002   PAD
    0x08006058   0x08006058   0x00000184   Code   RO         6372    i._fp_digits        mc_w.l(printfa.o)
    0x080061dc   0x080061dc   0x0000003e   Code   RO         5032    i._platform_ai_buffer_array_copy  NetworkRuntime700_CM4_Keil.lib(ai_platform_interface.o)
    0x0800621a   0x0800621a   0x00000002   PAD
    0x0800621c   0x0800621c   0x00000050   Code   RO         5033    i._platform_get_table_map_from_buffer  NetworkRuntime700_CM4_Keil.lib(ai_platform_interface.o)
    0x0800626c   0x0800626c   0x0000020c   Code   RO         5034    i._platform_network_io_bind  NetworkRuntime700_CM4_Keil.lib(ai_platform_interface.o)
    0x08006478   0x08006478   0x00000038   Code   RO         5035    i._platform_network_state_setup  NetworkRuntime700_CM4_Keil.lib(ai_platform_interface.o)
    0x080064b0   0x080064b0   0x00000068   Code   RO         5036    i._platform_network_state_update_input  NetworkRuntime700_CM4_Keil.lib(ai_platform_interface.o)
    0x08006518   0x08006518   0x00000080   Code   RO         5037    i._platform_network_state_update_output  NetworkRuntime700_CM4_Keil.lib(ai_platform_interface.o)
    0x08006598   0x08006598   0x000006b4   Code   RO         6373    i._printf_core      mc_w.l(printfa.o)
    0x08006c4c   0x08006c4c   0x00000024   Code   RO         6374    i._printf_post_padding  mc_w.l(printfa.o)
    0x08006c70   0x08006c70   0x0000002e   Code   RO         6375    i._printf_pre_padding  mc_w.l(printfa.o)
    0x08006c9e   0x08006c9e   0x0000000a   Code   RO         6377    i._sputc            mc_w.l(printfa.o)
    0x08006ca8   0x08006ca8   0x0000003e   Code   RO         5306    i.ai_array_get_byte_size  NetworkRuntime700_CM4_Keil.lib(ai_datatypes_format.o)
    0x08006ce6   0x08006ce6   0x00000002   PAD
    0x08006ce8   0x08006ce8   0x00000114   Code   RO         5309    i.ai_array_to_buffer_fmt  NetworkRuntime700_CM4_Keil.lib(ai_datatypes_format.o)
    0x08006dfc   0x08006dfc   0x000000a8   Code   RO         4935    i.ai_boostrap       app_x-cube-ai.o
    0x08006ea4   0x08006ea4   0x0000002c   Code   RO         5762    i.ai_check_custom_types  NetworkRuntime700_CM4_Keil.lib(layers.o)
    0x08006ed0   0x08006ed0   0x0000012c   Code   RO         5106    i.ai_dict4_dot_array_f32  NetworkRuntime700_CM4_Keil.lib(layers_conv2d_generic_float.o)
    0x08006ffc   0x08006ffc   0x000000e8   Code   RO         5107    i.ai_dict8_dot_array_f32  NetworkRuntime700_CM4_Keil.lib(layers_conv2d_generic_float.o)
    0x080070e4   0x080070e4   0x0000004e   Code   RO         5766    i.ai_layers_forward_all  NetworkRuntime700_CM4_Keil.lib(layers.o)
    0x08007132   0x08007132   0x0000001e   Code   RO         5767    i.ai_layers_init_all  NetworkRuntime700_CM4_Keil.lib(layers.o)
    0x08007150   0x08007150   0x00000036   Code   RO         5768    i.ai_layers_post_init_all  NetworkRuntime700_CM4_Keil.lib(layers.o)
    0x08007186   0x08007186   0x00000002   PAD
    0x08007188   0x08007188   0x00000080   Code   RO         4936    i.ai_log_err        app_x-cube-ai.o
    0x08007208   0x08007208   0x00000018   Code   RO         4625    i.ai_network2_create  network2.o
    0x08007220   0x08007220   0x00000008   Code   RO         4897    i.ai_network2_data_weights_get  network2_data.o
    0x08007228   0x08007228   0x00000004   Code   RO         4628    i.ai_network2_get_error  network2.o
    0x0800722c   0x0800722c   0x00000058   Code   RO         4629    i.ai_network2_get_info  network2.o
    0x08007284   0x08007284   0x00000030   Code   RO         4631    i.ai_network2_init  network2.o
    0x080072b4   0x080072b4   0x00000004   Code   RO         4632    i.ai_network2_run   network2.o
    0x080072b8   0x080072b8   0x00000124   Code   RO         5039    i.ai_platform_api_get_network_report  NetworkRuntime700_CM4_Keil.lib(ai_platform_interface.o)
    0x080073dc   0x080073dc   0x00000014   Code   RO         5040    i.ai_platform_api_get_version  NetworkRuntime700_CM4_Keil.lib(ai_platform_interface.o)
    0x080073f0   0x080073f0   0x0000001c   Code   RO         5042    i.ai_platform_context_acquire  NetworkRuntime700_CM4_Keil.lib(ai_platform_interface.o)
    0x0800740c   0x0800740c   0x00000010   Code   RO         5044    i.ai_platform_get_activations_map  NetworkRuntime700_CM4_Keil.lib(ai_platform_interface.o)
    0x0800741c   0x0800741c   0x0000000e   Code   RO         5045    i.ai_platform_get_weights_map  NetworkRuntime700_CM4_Keil.lib(ai_platform_interface.o)
    0x0800742a   0x0800742a   0x00000002   PAD
    0x0800742c   0x0800742c   0x00000014   Code   RO         5046    i.ai_platform_interface_api_get_version  NetworkRuntime700_CM4_Keil.lib(ai_platform_interface.o)
    0x08007440   0x08007440   0x000000f0   Code   RO         5047    i.ai_platform_network_create  NetworkRuntime700_CM4_Keil.lib(ai_platform_interface.o)
    0x08007530   0x08007530   0x0000001c   Code   RO         5049    i.ai_platform_network_get_error  NetworkRuntime700_CM4_Keil.lib(ai_platform_interface.o)
    0x0800754c   0x0800754c   0x000000bc   Code   RO         5050    i.ai_platform_network_init  NetworkRuntime700_CM4_Keil.lib(ai_platform_interface.o)
    0x08007608   0x08007608   0x00000046   Code   RO         5051    i.ai_platform_network_post_init  NetworkRuntime700_CM4_Keil.lib(ai_platform_interface.o)
    0x0800764e   0x0800764e   0x00000054   Code   RO         5052    i.ai_platform_network_process  NetworkRuntime700_CM4_Keil.lib(ai_platform_interface.o)
    0x080076a2   0x080076a2   0x0000000c   Code   RO         5053    i.ai_platform_network_set_error  NetworkRuntime700_CM4_Keil.lib(ai_platform_interface.o)
    0x080076ae   0x080076ae   0x00000002   PAD
    0x080076b0   0x080076b0   0x00000010   Code   RO         5059    i.ai_platform_runtime_get_revision  NetworkRuntime700_CM4_Keil.lib(ai_platform_interface.o)
    0x080076c0   0x080076c0   0x00000014   Code   RO         5060    i.ai_platform_runtime_get_version  NetworkRuntime700_CM4_Keil.lib(ai_platform_interface.o)
    0x080076d4   0x080076d4   0x0000001a   Code   RO         5140    i.ai_shape_get_size  NetworkRuntime700_CM4_Keil.lib(layers_nl_generic_float.o)
    0x080076ee   0x080076ee   0x00000010   Code   RO         5879    i.atan              m_wm.l(atan.o)
    0x080076fe   0x080076fe   0x0000000c   Code   RO         5777    i.core_get_error    NetworkRuntime700_CM4_Keil.lib(core_common.o)
    0x0800770a   0x0800770a   0x00000004   Code   RO         5778    i.core_init         NetworkRuntime700_CM4_Keil.lib(core_common.o)
    0x0800770e   0x0800770e   0x0000001a   Code   RO         5779    i.core_set_error    NetworkRuntime700_CM4_Keil.lib(core_common.o)
    0x08007728   0x08007728   0x00000018   Code   RO         5985    i.fabs              m_wm.l(fabs.o)
    0x08007740   0x08007740   0x000001e0   Code   RO         5115    i.forward_dense     NetworkRuntime700_CM4_Keil.lib(layers_conv2d_generic_float.o)
    0x08007920   0x08007920   0x0000005e   Code   RO         5168    i.forward_sigmoid   NetworkRuntime700_CM4_Keil.lib(layers_nl_generic_float.o)
    0x0800797e   0x0800797e   0x00000002   PAD
    0x08007980   0x08007980   0x00000018   Code   RO          555    i.fputc             usart.o
    0x08007998   0x08007998   0x0000011c   Code   RO          328    i.main              main.o
    0x08007ab4   0x08007ab4   0x00000032   Code   RO         4937    i.max               app_x-cube-ai.o
    0x08007ae6   0x08007ae6   0x00000002   PAD
    0x08007ae8   0x08007ae8   0x00000030   Code   RO         4938    i.mean              app_x-cube-ai.o
    0x08007b18   0x08007b18   0x00000058   Code   RO         4633    i.network2_configure_activations  network2.o
    0x08007b70   0x08007b70   0x000000c0   Code   RO         4634    i.network2_configure_weights  network2.o
    0x08007c30   0x08007c30   0x00000048   Code   RO         5208    i.nl_func_sigmoid_array_f32  NetworkRuntime700_CM4_Keil.lib(layers_nl_generic_float.o)
    0x08007c78   0x08007c78   0x0000006e   Code   RO         6075    i.sqrt              m_wm.l(sqrt.o)
    0x08007ce6   0x08007ce6   0x00000002   PAD
    0x08007ce8   0x08007ce8   0x00000074   Code   RO         4940    i.var               app_x-cube-ai.o
    0x08007d5c   0x08007d5c   0x00000018   Data   RO         2982    .constdata          stm32g4xx_hal_uart.o
    0x08007d74   0x08007d74   0x00000010   Data   RO         3347    .constdata          stm32g4xx_hal_uart_ex.o
    0x08007d84   0x08007d84   0x00000010   Data   RO         4592    .constdata          system_stm32g4xx.o
    0x08007d94   0x08007d94   0x00000008   Data   RO         4593    .constdata          system_stm32g4xx.o
    0x08007d9c   0x08007d9c   0x00000008   Data   RO         4639    .constdata          network2.o
    0x08007da4   0x08007da4   0x00000008   Data   RO         4640    .constdata          network2.o
    0x08007dac   0x08007dac   0x00000008   Data   RO         4641    .constdata          network2.o
    0x08007db4   0x08007db4   0x00000008   Data   RO         4642    .constdata          network2.o
    0x08007dbc   0x08007dbc   0x00000008   Data   RO         4643    .constdata          network2.o
    0x08007dc4   0x08007dc4   0x00000008   Data   RO         4644    .constdata          network2.o
    0x08007dcc   0x08007dcc   0x00000008   Data   RO         4645    .constdata          network2.o
    0x08007dd4   0x08007dd4   0x000000e8   Data   RO         4646    .constdata          network2.o
    0x08007ebc   0x08007ebc   0x00000004   PAD
    0x08007ec0   0x08007ec0   0x00000c88   Data   RO         4898    .constdata          network2_data.o
    0x08008b48   0x08008b48   0x0000001c   Data   RO         4899    .constdata          network2_data.o
    0x08008b64   0x08008b64   0x00000060   Data   RO         4942    .constdata          app_x-cube-ai.o
    0x08008bc4   0x08008bc4   0x00000038   Data   RO         5061    .constdata          NetworkRuntime700_CM4_Keil.lib(ai_platform_interface.o)
    0x08008bfc   0x08008bfc   0x00000004   PAD
    0x08008c00   0x08008c00   0x00000098   Data   RO         5880    .constdata          m_wm.l(atan.o)
    0x08008c98   0x08008c98   0x00000030   Data   RO         5972    .constdata          m_wm.l(expf.o)
    0x08008cc8   0x08008cc8   0x00000088   Data   RO         6024    .constdata          m_wm.l(pow.o)
    0x08008d50   0x08008d50   0x00000008   Data   RO         6492    .constdata          m_wm.l(qnan.o)
    0x08008d58   0x08008d58   0x000000fd   Data   RO           28    .conststring        bc20.o
    0x08008e55   0x08008e55   0x00000003   PAD
    0x08008e58   0x08008e58   0x00000061   Data   RO         4647    .conststring        network2.o
    0x08008eb9   0x08008eb9   0x00000003   PAD
    0x08008ebc   0x08008ebc   0x00000020   Data   RO         6561    Region$$Table       anon$$obj.o


    Execution Region RW_IRAM1 (Exec base: 0x20000000, Load base: 0x08008edc, Size: 0x00011cb0, Max: 0x00020000, ABSOLUTE, COMPRESSED[0x000002e8])

    Exec Addr    Load Addr    Size         Type   Attr      Idx    E Section Name        Object

    0x20000000   COMPRESSED   0x00000001   Data   RW           29    .data               bc20.o
    0x20000001   COMPRESSED   0x00000007   PAD
    0x20000008   COMPRESSED   0x00000098   Data   RW          262    .data               mpu6050.o
    0x200000a0   COMPRESSED   0x00000001   Data   RW          332    .data               main.o
    0x200000a1   COMPRESSED   0x00000001   Data   RW          334    .data               main.o
    0x200000a2   COMPRESSED   0x00000002   PAD
    0x200000a4   COMPRESSED   0x0000000c   Data   RW          941    .data               stm32g4xx_hal.o
    0x200000b0   COMPRESSED   0x00000004   Data   RW         4594    .data               system_stm32g4xx.o
    0x200000b4   COMPRESSED   0x00000010   Data   RW         4648    .data               network2.o
    0x200000c4   COMPRESSED   0x00000010   Data   RW         4649    .data               network2.o
    0x200000d4   COMPRESSED   0x00000010   Data   RW         4650    .data               network2.o
    0x200000e4   COMPRESSED   0x00000010   Data   RW         4651    .data               network2.o
    0x200000f4   COMPRESSED   0x00000010   Data   RW         4652    .data               network2.o
    0x20000104   COMPRESSED   0x00000010   Data   RW         4653    .data               network2.o
    0x20000114   COMPRESSED   0x00000010   Data   RW         4654    .data               network2.o
    0x20000124   COMPRESSED   0x00000010   Data   RW         4655    .data               network2.o
    0x20000134   COMPRESSED   0x00000010   Data   RW         4656    .data               network2.o
    0x20000144   COMPRESSED   0x00000010   Data   RW         4657    .data               network2.o
    0x20000154   COMPRESSED   0x00000010   Data   RW         4658    .data               network2.o
    0x20000164   COMPRESSED   0x00000010   Data   RW         4659    .data               network2.o
    0x20000174   COMPRESSED   0x00000010   Data   RW         4660    .data               network2.o
    0x20000184   COMPRESSED   0x00000010   Data   RW         4661    .data               network2.o
    0x20000194   COMPRESSED   0x00000010   Data   RW         4662    .data               network2.o
    0x200001a4   COMPRESSED   0x00000010   Data   RW         4663    .data               network2.o
    0x200001b4   COMPRESSED   0x00000010   Data   RW         4664    .data               network2.o
    0x200001c4   COMPRESSED   0x00000010   Data   RW         4665    .data               network2.o
    0x200001d4   COMPRESSED   0x00000010   Data   RW         4666    .data               network2.o
    0x200001e4   COMPRESSED   0x00000010   Data   RW         4667    .data               network2.o
    0x200001f4   COMPRESSED   0x00000010   Data   RW         4668    .data               network2.o
    0x20000204   COMPRESSED   0x00000010   Data   RW         4669    .data               network2.o
    0x20000214   COMPRESSED   0x00000010   Data   RW         4670    .data               network2.o
    0x20000224   COMPRESSED   0x00000010   Data   RW         4671    .data               network2.o
    0x20000234   COMPRESSED   0x00000010   Data   RW         4672    .data               network2.o
    0x20000244   COMPRESSED   0x00000010   Data   RW         4673    .data               network2.o
    0x20000254   COMPRESSED   0x00000010   Data   RW         4674    .data               network2.o
    0x20000264   COMPRESSED   0x00000010   Data   RW         4675    .data               network2.o
    0x20000274   COMPRESSED   0x00000010   Data   RW         4676    .data               network2.o
    0x20000284   COMPRESSED   0x00000010   Data   RW         4677    .data               network2.o
    0x20000294   COMPRESSED   0x00000010   Data   RW         4678    .data               network2.o
    0x200002a4   COMPRESSED   0x00000010   Data   RW         4679    .data               network2.o
    0x200002b4   COMPRESSED   0x00000004   Data   RW         4680    .data               network2.o
    0x200002b8   COMPRESSED   0x00000004   Data   RW         4681    .data               network2.o
    0x200002bc   COMPRESSED   0x00000004   Data   RW         4682    .data               network2.o
    0x200002c0   COMPRESSED   0x00000004   Data   RW         4683    .data               network2.o
    0x200002c4   COMPRESSED   0x00000030   Data   RW         4684    .data               network2.o
    0x200002f4   COMPRESSED   0x00000004   Data   RW         4685    .data               network2.o
    0x200002f8   COMPRESSED   0x00000004   Data   RW         4686    .data               network2.o
    0x200002fc   COMPRESSED   0x00000008   Data   RW         4687    .data               network2.o
    0x20000304   COMPRESSED   0x00000004   Data   RW         4688    .data               network2.o
    0x20000308   COMPRESSED   0x00000030   Data   RW         4689    .data               network2.o
    0x20000338   COMPRESSED   0x00000004   Data   RW         4690    .data               network2.o
    0x2000033c   COMPRESSED   0x00000004   Data   RW         4691    .data               network2.o
    0x20000340   COMPRESSED   0x00000004   Data   RW         4692    .data               network2.o
    0x20000344   COMPRESSED   0x00000004   Data   RW         4693    .data               network2.o
    0x20000348   COMPRESSED   0x00000030   Data   RW         4694    .data               network2.o
    0x20000378   COMPRESSED   0x00000004   Data   RW         4695    .data               network2.o
    0x2000037c   COMPRESSED   0x00000004   Data   RW         4696    .data               network2.o
    0x20000380   COMPRESSED   0x00000008   Data   RW         4697    .data               network2.o
    0x20000388   COMPRESSED   0x00000004   Data   RW         4698    .data               network2.o
    0x2000038c   COMPRESSED   0x00000030   Data   RW         4699    .data               network2.o
    0x200003bc   COMPRESSED   0x00000004   Data   RW         4700    .data               network2.o
    0x200003c0   COMPRESSED   0x00000004   Data   RW         4701    .data               network2.o
    0x200003c4   COMPRESSED   0x00000004   Data   RW         4702    .data               network2.o
    0x200003c8   COMPRESSED   0x00000004   Data   RW         4703    .data               network2.o
    0x200003cc   COMPRESSED   0x00000030   Data   RW         4704    .data               network2.o
    0x200003fc   COMPRESSED   0x00000004   Data   RW         4705    .data               network2.o
    0x20000400   COMPRESSED   0x00000004   Data   RW         4706    .data               network2.o
    0x20000404   COMPRESSED   0x00000008   Data   RW         4707    .data               network2.o
    0x2000040c   COMPRESSED   0x00000004   Data   RW         4708    .data               network2.o
    0x20000410   COMPRESSED   0x00000030   Data   RW         4709    .data               network2.o
    0x20000440   COMPRESSED   0x00000004   Data   RW         4710    .data               network2.o
    0x20000444   COMPRESSED   0x00000004   Data   RW         4711    .data               network2.o
    0x20000448   COMPRESSED   0x00000008   Data   RW         4712    .data               network2.o
    0x20000450   COMPRESSED   0x00000004   Data   RW         4713    .data               network2.o
    0x20000454   COMPRESSED   0x00000030   Data   RW         4714    .data               network2.o
    0x20000484   COMPRESSED   0x00000018   Data   RW         4715    .data               network2.o
    0x2000049c   COMPRESSED   0x00000018   Data   RW         4716    .data               network2.o
    0x200004b4   COMPRESSED   0x00000004   Data   RW         4717    .data               network2.o
    0x200004b8   COMPRESSED   0x00000008   Data   RW         4718    .data               network2.o
    0x200004c0   COMPRESSED   0x0000000c   Data   RW         4719    .data               network2.o
    0x200004cc   COMPRESSED   0x00000004   Data   RW         4720    .data               network2.o
    0x200004d0   COMPRESSED   0x00000008   Data   RW         4721    .data               network2.o
    0x200004d8   COMPRESSED   0x0000000c   Data   RW         4722    .data               network2.o
    0x200004e4   COMPRESSED   0x00000018   Data   RW         4723    .data               network2.o
    0x200004fc   COMPRESSED   0x00000148   Data   RW         4724    .data               network2.o
    0x20000644   COMPRESSED   0x0000001c   Data   RW         4725    .data               network2.o
    0x20000660   COMPRESSED   0x0000001c   Data   RW         4726    .data               network2.o
    0x2000067c   COMPRESSED   0x0000001c   Data   RW         4727    .data               network2.o
    0x20000698   COMPRESSED   0x0000001c   Data   RW         4728    .data               network2.o
    0x200006b4   COMPRESSED   0x0000001c   Data   RW         4729    .data               network2.o
    0x200006d0   COMPRESSED   0x0000001c   Data   RW         4730    .data               network2.o
    0x200006ec   COMPRESSED   0x0000001c   Data   RW         4731    .data               network2.o
    0x20000708   COMPRESSED   0x0000001c   Data   RW         4732    .data               network2.o
    0x20000724   COMPRESSED   0x0000001c   Data   RW         4733    .data               network2.o
    0x20000740   COMPRESSED   0x0000001c   Data   RW         4734    .data               network2.o
    0x2000075c   COMPRESSED   0x0000001c   Data   RW         4735    .data               network2.o
    0x20000778   COMPRESSED   0x0000001c   Data   RW         4736    .data               network2.o
    0x20000794   COMPRESSED   0x0000001c   Data   RW         4737    .data               network2.o
    0x200007b0   COMPRESSED   0x0000001c   Data   RW         4738    .data               network2.o
    0x200007cc   COMPRESSED   0x0000001c   Data   RW         4739    .data               network2.o
    0x200007e8   COMPRESSED   0x0000001c   Data   RW         4740    .data               network2.o
    0x20000804   COMPRESSED   0x00000020   Data   RW         4741    .data               network2.o
    0x20000824   COMPRESSED   0x0000001c   Data   RW         4742    .data               network2.o
    0x20000840   COMPRESSED   0x00000020   Data   RW         4743    .data               network2.o
    0x20000860   COMPRESSED   0x0000001c   Data   RW         4744    .data               network2.o
    0x2000087c   COMPRESSED   0x00000020   Data   RW         4745    .data               network2.o
    0x2000089c   COMPRESSED   0x0000001c   Data   RW         4746    .data               network2.o
    0x200008b8   COMPRESSED   0x0000001c   Data   RW         4747    .data               network2.o
    0x200008d4   COMPRESSED   0x00000018   Data   RW         4900    .data               network2_data.o
    0x200008ec   COMPRESSED   0x00000018   Data   RW         4901    .data               network2_data.o
    0x20000904   COMPRESSED   0x00000048   Data   RW         4945    .data               app_x-cube-ai.o
    0x2000094c   COMPRESSED   0x00000004   Data   RW         6524    .data               mc_w.l(stdout.o)
    0x20000950   COMPRESSED   0x00000004   Data   RW         6538    .data               mc_w.l(errno.o)
    0x20000954   COMPRESSED   0x00000004   PAD
    0x20000958        -       0x00000458   Zero   RW          329    .bss                main.o
    0x20000db0        -       0x00000800   Zero   RW          331    .bss                main.o
    0x200015b0        -       0x00000024   Zero   RW          444    .bss                crc.o
    0x200015d4        -       0x0000004c   Zero   RW          510    .bss                i2c.o
    0x20001620        -       0x00000180   Zero   RW          556    .bss                usart.o
    0x200017a0        -       0x00000098   Zero   RW          620    .bss                tim.o
    0x20001838        -       0x00000018   Zero   RW         4635    .bss                network2.o
    0x20001850        -       0x00000010   Zero   RW         4636    .bss                network2.o
    0x20001860        -       0x00000018   Zero   RW         4637    .bss                network2.o
    0x20001878        -       0x00000010   Zero   RW         4638    .bss                network2.o
    0x20001888        -       0x0000fc24   Zero   RW         4941    .bss                app_x-cube-ai.o
    0x200114ac   COMPRESSED   0x00000004   PAD
    0x200114b0        -       0x00000800   Zero   RW            1    STACK               startup_stm32g474xx.o


==============================================================================

Image component sizes


      Code (inc. data)   RO Data    RW Data    ZI Data      Debug   Object Name

      1074        294         96         72      64548      18062   app_x-cube-ai.o
      1076        528        253          1          0     879594   bc20.o
        88         18          0          0         36       1475   crc.o
        60          4          0          0          0        782   dma.o
       236         18          0          0          0        979   gpio.o
       188         22          0          0         76       1641   i2c.o
       864        192          0          2       3160       5210   main.o
      1324         78          0        152          0       4458   mpu6050.o
       448         22        385       2080         80      47233   network2.o
         8          4       3236         48          0      12888   network2_data.o
        36          8        472          0       2048        820   startup_stm32g474xx.o
       162         24          0         12          0       4221   stm32g4xx_hal.o
       198         14          0          0          0      33759   stm32g4xx_hal_cortex.o
       116          4          0          0          0       1127   stm32g4xx_hal_crc.o
        78          0          0          0          0       1235   stm32g4xx_hal_crc_ex.o
       910         30          0          0          0       7005   stm32g4xx_hal_dma.o
       506         40          0          0          0       3636   stm32g4xx_hal_gpio.o
      1538         40          0          0          0      11546   stm32g4xx_hal_i2c.o
       168          0          0          0          0       1863   stm32g4xx_hal_i2c_ex.o
        48          6          0          0          0        834   stm32g4xx_hal_msp.o
       204         18          0          0          0       1377   stm32g4xx_hal_pwr_ex.o
      1696         92          0          0          0       5880   stm32g4xx_hal_rcc.o
       768         10          0          0          0       1928   stm32g4xx_hal_rcc_ex.o
       966         70          0          0          0       6877   stm32g4xx_hal_tim.o
       198         34          0          0          0       5264   stm32g4xx_hal_tim_ex.o
      2710        106         24          0          0      35767   stm32g4xx_hal_uart.o
       288          6         16          0          0       5234   stm32g4xx_hal_uart_ex.o
       100         30          0          0          0       6829   stm32g4xx_it.o
        16          4         24          4          0       1079   system_stm32g4xx.o
       244         32          0          0        152       2171   tim.o
       664        116          0          0        384       4387   usart.o

    ----------------------------------------------------------------------
     17010       1864       4548       2380      70488    1115161   Object Totals
         0          0         32          0          0          0   (incl. Generated)
        30          0         10          9          4          0   (incl. Padding)

    ----------------------------------------------------------------------

      Code (inc. data)   RO Data    RW Data    ZI Data      Debug   Library Member Name

       338         54          0          0          0        244   ai_datatypes_format.o
      2286        104         56          0          0       3040   ai_platform_interface.o
        42          0          0          0          0        348   core_common.o
       224          6          0          0          0        624   layers.o
      1260         20          0          0          0        540   layers_conv2d_generic_float.o
       192          0          0          0          0        392   layers_nl_generic_float.o
       744        106        152          0          0        352   atan.o
       512         64          0          0          0        208   atan2.o
       184         44          0          0          0        744   dunder.o
       488         62         48          0          0        236   expf.o
        44          0          0          0          0        248   fabs.o
        48          0          0          0          0        124   fpclassify.o
        38          0          0          0          0        116   fpclassifyf.o
        38         12          0          0          0        348   funder.o
       248          0          0          0          0        152   poly.o
      3152        296        136          0          0        352   pow.o
         0          0          8          0          0          0   qnan.o
       232          0          0          0          0        296   sqrt.o
        86          0          0          0          0          0   __dczerorl2.o
         0          0          0          0          0          0   entry.o
         0          0          0          0          0          0   entry10a.o
         0          0          0          0          0          0   entry11a.o
         4          0          0          0          0          0   entry12b.o
         8          4          0          0          0          0   entry2.o
         4          0          0          0          0          0   entry5.o
         0          0          0          0          0          0   entry7b.o
         0          0          0          0          0          0   entry8b.o
         8          4          0          0          0          0   entry9a.o
        12          6          0          4          0         68   errno.o
        30          0          0          0          0          0   handlers.o
        36          8          0          0          0         68   init.o
         0          0          0          0          0          0   iusefp.o
        30          0          0          0          0         68   llshl.o
        36          0          0          0          0         68   llsshr.o
        32          0          0          0          0         68   llushr.o
        26          0          0          0          0         80   memcmp.o
        36          0          0          0          0         68   memcpya.o
        36          0          0          0          0        108   memseta.o
      2268         96          0          0          0        616   printfa.o
         0          0          0          4          0          0   stdout.o
        24          0          0          0          0         68   strcat.o
        14          0          0          0          0         68   strlen.o
        36          0          0          0          0         80   strstr.o
        44          0          0          0          0         80   uidiv.o
        98          0          0          0          0         92   uldiv.o
        48          0          0          0          0         68   cdcmple.o
        48          0          0          0          0         68   cdrcmple.o
        56          0          0          0          0         88   d2f.o
       334          0          0          0          0        148   dadd.o
       222          0          0          0          0        100   ddiv.o
       186          0          0          0          0        176   depilogue.o
        50          0          0          0          0         76   dfixui.o
        48          0          0          0          0         68   dfixul.o
        34          0          0          0          0         76   dflti.o
        26          0          0          0          0         76   dfltui.o
       228          0          0          0          0         96   dmul.o
        46          0          0          0          0         80   dscalb.o
       162          0          0          0          0        100   dsqrt.o
        38          0          0          0          0         68   f2d.o
       110          0          0          0          0        168   fepilogue.o

    ----------------------------------------------------------------------
     14610        886        404          8          4      11420   Library Totals
        36          0          4          0          4          0   (incl. Padding)

    ----------------------------------------------------------------------

      Code (inc. data)   RO Data    RW Data    ZI Data      Debug   Library Name

      4342        184         56          0          0       5188   NetworkRuntime700_CM4_Keil.lib
      5728        584        344          0          0       3176   m_wm.l
      2868        118          0          8          0       1600   mc_w.l
      1636          0          0          0          0       1456   mf_w.l

    ----------------------------------------------------------------------
     14610        886        404          8          4      11420   Library Totals

    ----------------------------------------------------------------------

==============================================================================


      Code (inc. data)   RO Data    RW Data    ZI Data      Debug   

     31620       2750       4952       2388      70492    1105001   Grand Totals
     31620       2750       4952        744      70492    1105001   ELF Image Totals (compressed)
     31620       2750       4952        744          0          0   ROM Totals

==============================================================================

    Total RO  Size (Code + RO Data)                36572 (  35.71kB)
    Total RW  Size (RW Data + ZI Data)             72880 (  71.17kB)
    Total ROM Size (Code + RO Data + RW Data)      37316 (  36.44kB)

==============================================================================

